Component: ARM Compiler 5.05 update 2 (build 169) Tool: armlink [4d0f33]

==============================================================================

Section Cross References

    startup_stm32f407xx.o(RESET) refers to startup_stm32f407xx.o(STACK) for __initial_sp
    startup_stm32f407xx.o(RESET) refers to startup_stm32f407xx.o(.text) for Reset_Handler
    startup_stm32f407xx.o(RESET) refers to stm32f4xx_it.o(i.NMI_Handler) for NMI_Handler
    startup_stm32f407xx.o(RESET) refers to stm32f4xx_it.o(i.HardFault_Handler) for HardFault_Handler
    startup_stm32f407xx.o(RESET) refers to stm32f4xx_it.o(i.MemManage_Handler) for MemManage_Handler
    startup_stm32f407xx.o(RESET) refers to stm32f4xx_it.o(i.BusFault_Handler) for BusFault_Handler
    startup_stm32f407xx.o(RESET) refers to stm32f4xx_it.o(i.UsageFault_Handler) for UsageFault_Handler
    startup_stm32f407xx.o(RESET) refers to stm32f4xx_it.o(i.SVC_Handler) for SVC_Handler
    startup_stm32f407xx.o(RESET) refers to stm32f4xx_it.o(i.DebugMon_Handler) for DebugMon_Handler
    startup_stm32f407xx.o(RESET) refers to stm32f4xx_it.o(i.PendSV_Handler) for PendSV_Handler
    startup_stm32f407xx.o(RESET) refers to stm32f4xx_it.o(i.SysTick_Handler) for SysTick_Handler
    startup_stm32f407xx.o(RESET) refers to stm32f4xx_it.o(i.EXTI1_IRQHandler) for EXTI1_IRQHandler
    startup_stm32f407xx.o(RESET) refers to stm32f4xx_it.o(i.EXTI2_IRQHandler) for EXTI2_IRQHandler
    startup_stm32f407xx.o(RESET) refers to stm32f4xx_it.o(i.EXTI3_IRQHandler) for EXTI3_IRQHandler
    startup_stm32f407xx.o(RESET) refers to stepper.o(i.TIM4_IRQHandler) for TIM4_IRQHandler
    startup_stm32f407xx.o(RESET) refers to stm32f4xx_it.o(i.USART1_IRQHandler) for USART1_IRQHandler
    startup_stm32f407xx.o(RESET) refers to stm32f4xx_it.o(i.TIM5_IRQHandler) for TIM5_IRQHandler
    startup_stm32f407xx.o(.text) refers to system_stm32f4xx.o(i.SystemInit) for SystemInit
    startup_stm32f407xx.o(.text) refers to entry.o(.ARM.Collect$$$$00000000) for __main
    main.o(i.Boot_State) refers to stm32f4xx_hal_gpio.o(i.HAL_GPIO_TogglePin) for HAL_GPIO_TogglePin
    main.o(i.Boot_State) refers to stm32f4xx_hal.o(i.HAL_Delay) for HAL_Delay
    main.o(i.SystemClock_Config) refers to stm32f4xx_hal_rcc.o(i.HAL_RCC_OscConfig) for HAL_RCC_OscConfig
    main.o(i.SystemClock_Config) refers to stm32f4xx_hal_rcc.o(i.HAL_RCC_ClockConfig) for HAL_RCC_ClockConfig
    main.o(i.SystemClock_Config) refers to stm32f4xx_hal_rcc.o(i.HAL_RCC_GetHCLKFreq) for HAL_RCC_GetHCLKFreq
    main.o(i.SystemClock_Config) refers to stm32f4xx_hal_cortex.o(i.HAL_SYSTICK_Config) for HAL_SYSTICK_Config
    main.o(i.SystemClock_Config) refers to stm32f4xx_hal_cortex.o(i.HAL_SYSTICK_CLKSourceConfig) for HAL_SYSTICK_CLKSourceConfig
    main.o(i.SystemClock_Config) refers to stm32f4xx_hal_cortex.o(i.HAL_NVIC_SetPriority) for HAL_NVIC_SetPriority
    main.o(i.main) refers to stm32f4xx_hal.o(i.HAL_Init) for HAL_Init
    main.o(i.main) refers to main.o(i.SystemClock_Config) for SystemClock_Config
    main.o(i.main) refers to gpio.o(i.MX_GPIO_Init) for MX_GPIO_Init
    main.o(i.main) refers to usart.o(i.MX_USART1_UART_Init) for MX_USART1_UART_Init
    main.o(i.main) refers to usb_otg.o(i.MX_USB_OTG_FS_PCD_Init) for MX_USB_OTG_FS_PCD_Init
    main.o(i.main) refers to tim.o(i.MX_TIM9_Init) for MX_TIM9_Init
    main.o(i.main) refers to tim.o(i.MX_TIM4_Init) for MX_TIM4_Init
    main.o(i.main) refers to i2c.o(i.MX_I2C2_Init) for MX_I2C2_Init
    main.o(i.main) refers to spi.o(i.MX_SPI3_Init) for MX_SPI3_Init
    main.o(i.main) refers to tim.o(i.MX_TIM5_Init) for MX_TIM5_Init
    main.o(i.main) refers to protocol.o(i.MotorTools_init) for MotorTools_init
    main.o(i.main) refers to protocol.o(i.MotorTools_ResetPWM) for MotorTools_ResetPWM
    main.o(i.main) refers to setting.o(i.Settings_Init) for Settings_Init
    main.o(i.main) refers to main.o(i.Boot_State) for Boot_State
    main.o(i.main) refers to global.o(i.Usart_Init) for Usart_Init
    main.o(i.main) refers to el9800hw.o(i.HW_Init) for HW_Init
    main.o(i.main) refers to ecatappl.o(i.MainInit) for MainInit
    main.o(i.main) refers to el9800appl.o(i.APPL_GenerateMapping) for APPL_GenerateMapping
    main.o(i.main) refers to stepper.o(i.Stepper_Enable) for Stepper_Enable
    main.o(i.main) refers to stepper.o(i.Stepper_Timer_init) for Stepper_Timer_init
    main.o(i.main) refers to ecatappl.o(i.MainLoop) for MainLoop
    main.o(i.main) refers to global.o(i.LED_Twinkle) for LED_Twinkle
    main.o(i.main) refers to setting.o(i.WriteGlobalSettings) for WriteGlobalSettings
    main.o(i.main) refers to usart.o(.bss) for huart1
    main.o(i.main) refers to ecatslv.o(.data) for nPdOutputSize
    main.o(i.main) refers to ecatappl.o(.data) for bRunApplication
    main.o(i.main) refers to global.o(.data) for Is_setting_to_flash
    gpio.o(i.MX_GPIO_Init) refers to stm32f4xx_hal_gpio.o(i.HAL_GPIO_WritePin) for HAL_GPIO_WritePin
[...]
    __aeabi_llsr                             0x080003c7   Thumb Code    32  llushr.o(.text)
    _ll_ushift_r                             0x080003c7   Thumb Code     0  llushr.o(.text)
    __I$use$fp                               0x080003e7   Thumb Code     0  iusefp.o(.text)
    _double_round                            0x080003e7   Thumb Code    30  depilogue.o(.text)
    _double_epilogue                         0x08000405   Thumb Code   156  depilogue.o(.text)
    __scatterload                            0x080004a1   Thumb Code    28  init.o(.text)
    __scatterload_rt2                        0x080004a1   Thumb Code     0  init.o(.text)
    __decompress                             0x080004c5   Thumb Code     0  __dczerorl2.o(.text)
    __decompress1                            0x080004c5   Thumb Code    86  __dczerorl2.o(.text)
    AL_ControlInd                            0x0800051d   Thumb Code   838  ecatslv.o(i.AL_ControlInd)
    AL_ControlRes                            0x08000871   Thumb Code   362  ecatslv.o(i.AL_ControlRes)
    APPL_AckErrorInd                         0x080009e5   Thumb Code     2  el9800appl.o(i.APPL_AckErrorInd)
    APPL_Application                         0x080009e9   Thumb Code   302  el9800appl.o(i.APPL_Application)
    APPL_GenerateMapping                     0x08000b39   Thumb Code   228  el9800appl.o(i.APPL_GenerateMapping)
    APPL_InputMapping                        0x08000c21   Thumb Code    62  el9800appl.o(i.APPL_InputMapping)
    APPL_OutputMapping                       0x08000c65   Thumb Code    96  el9800appl.o(i.APPL_OutputMapping)
    APPL_StartInputHandler                   0x08000cc9   Thumb Code    32  el9800appl.o(i.APPL_StartInputHandler)
    APPL_StartMailboxHandler                 0x08000cf9   Thumb Code     4  el9800appl.o(i.APPL_StartMailboxHandler)
    APPL_StartOutputHandler                  0x08000cfd   Thumb Code     4  el9800appl.o(i.APPL_StartOutputHandler)
    APPL_StopInputHandler                    0x08000d01   Thumb Code    36  el9800appl.o(i.APPL_StopInputHandler)
    APPL_StopMailboxHandler                  0x08000d35   Thumb Code     4  el9800appl.o(i.APPL_StopMailboxHandler)
    APPL_StopOutputHandler                   0x08000d39   Thumb Code     4  el9800appl.o(i.APPL_StopOutputHandler)
    AddObjectsToObjDictionary                0x08000d3d   Thumb Code    32  coeappl.o(i.AddObjectsToObjDictionary)
    Boot_State                               0x08000d5d   Thumb Code    42  main.o(i.Boot_State)
    BusFault_Handler                         0x08000d8d   Thumb Code     2  stm32f4xx_it.o(i.BusFault_Handler)
    COE_AddObjectToDic                       0x08000d91   Thumb Code    88  coeappl.o(i.COE_AddObjectToDic)
    COE_ClearObjDictionary                   0x08000ded   Thumb Code    26  coeappl.o(i.COE_ClearObjDictionary)
    COE_ContinueInd                          0x08000e0d   Thumb Code    54  ecatcoe.o(i.COE_ContinueInd)
    COE_GetObjectDictionary                  0x08000e4d   Thumb Code     6  coeappl.o(i.COE_GetObjectDictionary)
    COE_Init                                 0x08000e59   Thumb Code    12  ecatcoe.o(i.COE_Init)
    COE_Main                                 0x08000e6d   Thumb Code   140  coeappl.o(i.COE_Main)
    COE_ObjDictionaryInit                    0x08000f19   Thumb Code    34  coeappl.o(i.COE_ObjDictionaryInit)
    COE_ObjInit                              0x08000f41   Thumb Code   108  coeappl.o(i.COE_ObjInit)
    COE_RemoveDicEntry                       0x08000fdd   Thumb Code    52  coeappl.o(i.COE_RemoveDicEntry)
    COE_ServiceInd                           0x08001015   Thumb Code    38  ecatcoe.o(i.COE_ServiceInd)
    CheckIfEcatError                         0x0800103d   Thumb Code    92  ecatslv.o(i.CheckIfEcatError)
    CheckSmSettings                          0x0800109d   Thumb Code   384  ecatslv.o(i.CheckSmSettings)
    CheckSyncTypeValue                       0x08001221   Thumb Code   128  objdef.o(i.CheckSyncTypeValue)
    DC_CheckWatchdog                         0x080012ad   Thumb Code   126  ecatslv.o(i.DC_CheckWatchdog)
    DebugMon_Handler                         0x08001339   Thumb Code     2  stm32f4xx_it.o(i.DebugMon_Handler)
    DisableSyncManChannel                    0x0800133b   Thumb Code    48  ecatslv.o(i.DisableSyncManChannel)
    ECAT_CheckTimer                          0x0800136d   Thumb Code    38  ecatappl.o(i.ECAT_CheckTimer)
    ECAT_Init                                0x080013a5   Thumb Code   136  ecatslv.o(i.ECAT_Init)
    ECAT_Main                                0x08001431   Thumb Code   250  ecatslv.o(i.ECAT_Main)
    ECAT_SPI_GPIO_Init                       0x0800153d   Thumb Code     2  spi1.o(i.ECAT_SPI_GPIO_Init)
    EE_Erase                                 0x08001541   Thumb Code    46  eeprom.o(i.EE_Erase)
    EE_Init                                  0x08001575   Thumb Code    12  eeprom.o(i.EE_Init)
    EE_Program                               0x08001589   Thumb Code    58  eeprom.o(i.EE_Program)
    EE_ReadByte                              0x080015cd   Thumb Code     6  eeprom.o(i.EE_ReadByte)
    EE_ReadByteArray                         0x080015d9   Thumb Code    56  eeprom.o(i.EE_ReadByteArray)
    EE_WriteByte                             0x08001615   Thumb Code     6  eeprom.o(i.EE_WriteByte)
    EE_WriteByteArray                        0x08001621   Thumb Code    46  eeprom.o(i.EE_WriteByteArray)
    EXTI1_Configuration                      0x08001655   Thumb Code     2  exit.o(i.EXTI1_Configuration)
    EXTI1_IRQHandler                         0x08001657   Thumb Code     6  stm32f4xx_it.o(i.EXTI1_IRQHandler)
    EXTI2_Configuration                      0x0800165d   Thumb Code     2  exit.o(i.EXTI2_Configuration)
    EXTI2_IRQHandler                         0x0800165f   Thumb Code     6  stm32f4xx_it.o(i.EXTI2_IRQHandler)
    EXTI3_Configuration                      0x08001665   Thumb Code     2  exit.o(i.EXTI3_Configuration)
    EXTI3_IRQHandler                         0x08001667   Thumb Code     6  stm32f4xx_it.o(i.EXTI3_IRQHandler)
    EnableSyncManChannel                     0x0800166d   Thumb Code    46  ecatslv.o(i.EnableSyncManChannel)
    Ethercat_sync0_handle                    0x0800169b   Thumb Code    22  global.o(i.Ethercat_sync0_handle)
    Ethercat_sync1_handle                    0x080016b1   Thumb Code    22  global.o(i.Ethercat_sync1_handle)
    FLASH_Erase_Sector                       0x080016c9   Thumb Code    74  stm32f4xx_hal_flash_ex.o(i.FLASH_Erase_Sector)
    FLASH_FlushCaches                        0x08001719   Thumb Code    80  stm32f4xx_hal_flash_ex.o(i.FLASH_FlushCaches)
    FLASH_WaitForLastOperation               0x0800188d   Thumb Code    72  stm32f4xx_hal_flash.o(i.FLASH_WaitForLastOperation)
    GetOutOfMbxQueue                         0x080018dd   Thumb Code    38  mailbox.o(i.GetOutOfMbxQueue)
    GetSyncMan                               0x080019c1   Thumb Code    22  ecatslv.o(i.GetSyncMan)
    HAL_DMA_Abort_IT                         0x080019dd   Thumb Code    36  stm32f4xx_hal_dma.o(i.HAL_DMA_Abort_IT)
    HAL_Delay                                0x08001a01   Thumb Code    32  stm32f4xx_hal.o(i.HAL_Delay)
    HAL_FLASHEx_Erase                        0x08001a25   Thumb Code   144  stm32f4xx_hal_flash_ex.o(i.HAL_FLASHEx_Erase)
    HAL_FLASH_Lock                           0x08001abd   Thumb Code    14  stm32f4xx_hal_flash.o(i.HAL_FLASH_Lock)
    HAL_FLASH_Program                        0x08001ad1   Thumb Code   116  stm32f4xx_hal_flash.o(i.HAL_FLASH_Program)
    HAL_FLASH_Unlock                         0x08001b4d   Thumb Code    32  stm32f4xx_hal_flash.o(i.HAL_FLASH_Unlock)
    HAL_GPIO_EXTI_Callback                   0x08001b79   Thumb Code    26  global.o(i.HAL_GPIO_EXTI_Callback)
    HAL_GPIO_EXTI_IRQHandler                 0x08001b95   Thumb Code    18  stm32f4xx_hal_gpio.o(i.HAL_GPIO_EXTI_IRQHandler)
    HAL_GPIO_Init                            0x08001bad   Thumb Code   388  stm32f4xx_hal_gpio.o(i.HAL_GPIO_Init)
    HAL_GPIO_TogglePin                       0x08001d5d   Thumb Code     8  stm32f4xx_hal_gpio.o(i.HAL_GPIO_TogglePin)
    HAL_GPIO_WritePin                        0x08001d65   Thumb Code    10  stm32f4xx_hal_gpio.o(i.HAL_GPIO_WritePin)
    HAL_GetTick                              0x08001d71   Thumb Code     6  stm32f4xx_hal.o(i.HAL_GetTick)
    HAL_I2C_Init                             0x08001d7d   Thumb Code   254  stm32f4xx_hal_i2c.o(i.HAL_I2C_Init)
    HAL_I2C_MspInit                          0x08001e85   Thumb Code    64  i2c.o(i.HAL_I2C_MspInit)
    HAL_IncTick                              0x08001ed1   Thumb Code    12  stm32f4xx_hal.o(i.HAL_IncTick)
    HAL_Init                                 0x08001ee1   Thumb Code    48  stm32f4xx_hal.o(i.HAL_Init)
    HAL_InitTick                             0x08001f15   Thumb Code    54  stm32f4xx_hal.o(i.HAL_InitTick)
    HAL_MspInit                              0x08001f55   Thumb Code   126  stm32f4xx_hal_msp.o(i.HAL_MspInit)
    HAL_NVIC_EnableIRQ                       0x08001fd9   Thumb Code    22  stm32f4xx_hal_cortex.o(i.HAL_NVIC_EnableIRQ)
    HAL_NVIC_SetPriority                     0x08001ff1   Thumb Code    60  stm32f4xx_hal_cortex.o(i.HAL_NVIC_SetPriority)
    HAL_NVIC_SetPriorityGrouping             0x08002031   Thumb Code    26  stm32f4xx_hal_cortex.o(i.HAL_NVIC_SetPriorityGrouping)
    HAL_PCD_Init                             0x08002055   Thumb Code   190  stm32f4xx_hal_pcd.o(i.HAL_PCD_Init)
    HAL_PCD_MspInit                          0x08002115   Thumb Code    76  usb_otg.o(i.HAL_PCD_MspInit)
    HAL_RCC_ClockConfig                      0x08002169   Thumb Code   286  stm32f4xx_hal_rcc.o(i.HAL_RCC_ClockConfig)
    HAL_RCC_GetHCLKFreq                      0x08002299   Thumb Code     6  stm32f4xx_hal_rcc.o(i.HAL_RCC_GetHCLKFreq)
    HAL_RCC_GetPCLK1Freq                     0x080022a5   Thumb Code    20  stm32f4xx_hal_rcc.o(i.HAL_RCC_GetPCLK1Freq)
    HAL_RCC_GetPCLK2Freq                     0x080022c5   Thumb Code    20  stm32f4xx_hal_rcc.o(i.HAL_RCC_GetPCLK2Freq)
    HAL_RCC_GetSysClockFreq                  0x080022e5   Thumb Code    88  stm32f4xx_hal_rcc.o(i.HAL_RCC_GetSysClockFreq)
    HAL_RCC_OscConfig                        0x08002345   Thumb Code   770  stm32f4xx_hal_rcc.o(i.HAL_RCC_OscConfig)
    HAL_SPI_GetState                         0x08002661   Thumb Code     6  stm32f4xx_hal_spi.o(i.HAL_SPI_GetState)
    HAL_SPI_Init                             0x08002667   Thumb Code   128  stm32f4xx_hal_spi.o(i.HAL_SPI_Init)
    HAL_SPI_MspInit                          0x080026e9   Thumb Code    60  spi.o(i.HAL_SPI_MspInit)
    HAL_SPI_TransmitReceive                  0x08002731   Thumb Code   472  stm32f4xx_hal_spi.o(i.HAL_SPI_TransmitReceive)
    HAL_SYSTICK_CLKSourceConfig              0x08002909   Thumb Code    24  stm32f4xx_hal_cortex.o(i.HAL_SYSTICK_CLKSourceConfig)
    HAL_SYSTICK_Callback                     0x08002921   Thumb Code     2  stm32f4xx_hal_cortex.o(i.HAL_SYSTICK_Callback)
    HAL_SYSTICK_Config                       0x08002923   Thumb Code    40  stm32f4xx_hal_cortex.o(i.HAL_SYSTICK_Config)
    HAL_SYSTICK_IRQHandler                   0x0800294b   Thumb Code     8  stm32f4xx_hal_cortex.o(i.HAL_SYSTICK_IRQHandler)
    HAL_TIMEx_BreakCallback                  0x08002953   Thumb Code     2  stm32f4xx_hal_tim_ex.o(i.HAL_TIMEx_BreakCallback)
    HAL_TIMEx_CommutationCallback            0x08002955   Thumb Code     2  stm32f4xx_hal_tim_ex.o(i.HAL_TIMEx_CommutationCallback)
    HAL_TIMEx_MasterConfigSynchronization    0x08002957   Thumb Code    80  stm32f4xx_hal_tim_ex.o(i.HAL_TIMEx_MasterConfigSynchronization)
    HAL_TIM_Base_Init                        0x080029a7   Thumb Code    54  stm32f4xx_hal_tim.o(i.HAL_TIM_Base_Init)
    HAL_TIM_Base_MspInit                     0x080029dd   Thumb Code   112  tim.o(i.HAL_TIM_Base_MspInit)
    HAL_TIM_Base_Start_IT                    0x08002a5d   Thumb Code    24  stm32f4xx_hal_tim.o(i.HAL_TIM_Base_Start_IT)
    HAL_TIM_Base_Stop_IT                     0x08002a75   Thumb Code    42  stm32f4xx_hal_tim.o(i.HAL_TIM_Base_Stop_IT)
    HAL_TIM_ConfigClockSource                0x08002a9f   Thumb Code   242  stm32f4xx_hal_tim.o(i.HAL_TIM_ConfigClockSource)
    HAL_TIM_IC_CaptureCallback               0x08002b91   Thumb Code     2  stm32f4xx_hal_tim.o(i.HAL_TIM_IC_CaptureCallback)
    HAL_TIM_IRQHandler                       0x08002b93   Thumb Code   358  stm32f4xx_hal_tim.o(i.HAL_TIM_IRQHandler)
    HAL_TIM_MspPostInit                      0x08002cf9   Thumb Code    42  tim.o(i.HAL_TIM_MspPostInit)
    HAL_TIM_OC_ConfigChannel                 0x08002d2d   Thumb Code    86  stm32f4xx_hal_tim.o(i.HAL_TIM_OC_ConfigChannel)
    HAL_TIM_OC_DelayElapsedCallback          0x08002d83   Thumb Code     2  stm32f4xx_hal_tim.o(i.HAL_TIM_OC_DelayElapsedCallback)
    HAL_TIM_OC_Init                          0x08002d85   Thumb Code    54  stm32f4xx_hal_tim.o(i.HAL_TIM_OC_Init)
    HAL_TIM_OC_MspInit                       0x08002dbb   Thumb Code     2  stm32f4xx_hal_tim.o(i.HAL_TIM_OC_MspInit)
    HAL_TIM_OC_Start_IT                      0x08002dbd   Thumb Code    98  stm32f4xx_hal_tim.o(i.HAL_TIM_OC_Start_IT)
    HAL_TIM_PWM_ConfigChannel                0x08002e29   Thumb Code   208  stm32f4xx_hal_tim.o(i.HAL_TIM_PWM_ConfigChannel)
    HAL_TIM_PWM_Init                         0x08002ef9   Thumb Code    54  stm32f4xx_hal_tim.o(i.HAL_TIM_PWM_Init)
    HAL_TIM_PWM_MspInit                      0x08002f2f   Thumb Code     2  stm32f4xx_hal_tim.o(i.HAL_TIM_PWM_MspInit)
    HAL_TIM_PWM_PulseFinishedCallback        0x08002f31   Thumb Code     2  stm32f4xx_hal_tim.o(i.HAL_TIM_PWM_PulseFinishedCallback)
    HAL_TIM_PWM_Start                        0x08002f35   Thumb Code    48  stm32f4xx_hal_tim.o(i.HAL_TIM_PWM_Start)
    HAL_TIM_PeriodElapsedCallback            0x08002f6d   Thumb Code    12  global.o(i.HAL_TIM_PeriodElapsedCallback)
    HAL_TIM_TriggerCallback                  0x08002f7d   Thumb Code     2  stm32f4xx_hal_tim.o(i.HAL_TIM_TriggerCallback)
    HAL_UART_ErrorCallback                   0x08002f7f   Thumb Code     2  stm32f4xx_hal_uart.o(i.HAL_UART_ErrorCallback)
    HAL_UART_IRQHandler                      0x08002f81   Thumb Code   266  stm32f4xx_hal_uart.o(i.HAL_UART_IRQHandler)
    HAL_UART_Init                            0x08003091   Thumb Code    98  stm32f4xx_hal_uart.o(i.HAL_UART_Init)
    HAL_UART_MspInit                         0x080030f5   Thumb Code    78  usart.o(i.HAL_UART_MspInit)
    HAL_UART_Receive_IT                      0x08003151   Thumb Code    72  stm32f4xx_hal_uart.o(i.HAL_UART_Receive_IT)
    HAL_UART_RxCpltCallback                  0x08003199   Thumb Code   152  global.o(i.HAL_UART_RxCpltCallback)
    HAL_UART_TxCpltCallback                  0x0800323d   Thumb Code     2  stm32f4xx_hal_uart.o(i.HAL_UART_TxCpltCallback)
    HW_EscRead                               0x0800323f   Thumb Code    90  el9800hw.o(i.HW_EscRead)
    HW_EscReadIsr                            0x08003299   Thumb Code    86  el9800hw.o(i.HW_EscReadIsr)
    HW_EscWrite                              0x080032ef   Thumb Code    90  el9800hw.o(i.HW_EscWrite)
    HW_EscWriteIsr                           0x08003349   Thumb Code    86  el9800hw.o(i.HW_EscWriteIsr)
    HW_GetALEventRegister                    0x080033a1   Thumb Code    24  el9800hw.o(i.HW_GetALEventRegister)
    HW_GetALEventRegister_Isr                0x080033bd   Thumb Code    20  el9800hw.o(i.HW_GetALEventRegister_Isr)
    HW_Init                                  0x080033d5   Thumb Code   138  el9800hw.o(i.HW_Init)
    HandleBusCycleCalculation                0x08003461   Thumb Code   104  ecatappl.o(i.HandleBusCycleCalculation)
    HardFault_Handler                        0x080034e1   Thumb Code     2  stm32f4xx_it.o(i.HardFault_Handler)
    LED_Twinkle                              0x080034e5   Thumb Code    22  global.o(i.LED_Twinkle)
    MBX_CheckAndCopyMailbox                  0x08003501   Thumb Code   194  mailbox.o(i.MBX_CheckAndCopyMailbox)
    MBX_CopyToSendMailbox                    0x080035cd   Thumb Code   160  mailbox.o(i.MBX_CopyToSendMailbox)
    MBX_Init                                 0x0800367d   Thumb Code   104  mailbox.o(i.MBX_Init)
    MBX_MailboxReadInd                       0x080036ed   Thumb Code    86  mailbox.o(i.MBX_MailboxReadInd)
    MBX_MailboxRepeatReq                     0x0800374d   Thumb Code    58  mailbox.o(i.MBX_MailboxRepeatReq)
    MBX_MailboxSendReq                       0x0800378d   Thumb Code   108  mailbox.o(i.MBX_MailboxSendReq)
    MBX_MailboxWriteInd                      0x08003805   Thumb Code    96  mailbox.o(i.MBX_MailboxWriteInd)
    MBX_Main                                 0x0800386d   Thumb Code    66  mailbox.o(i.MBX_Main)
    MBX_StartMailboxHandler                  0x080038b9   Thumb Code   106  mailbox.o(i.MBX_StartMailboxHandler)
    MBX_StopMailboxHandler                   0x08003929   Thumb Code   154  mailbox.o(i.MBX_StopMailboxHandler)
    MX_GPIO_Init                             0x080039cd   Thumb Code   462  gpio.o(i.MX_GPIO_Init)
    MX_I2C2_Init                             0x08003bb9   Thumb Code    54  i2c.o(i.MX_I2C2_Init)
    MX_SPI3_Init                             0x08003c0d   Thumb Code    64  spi.o(i.MX_SPI3_Init)
    MX_TIM4_Init                             0x08003c65   Thumb Code   142  tim.o(i.MX_TIM4_Init)
    MX_TIM5_Init                             0x08003d0d   Thumb Code    92  tim.o(i.MX_TIM5_Init)
    MX_TIM9_Init                             0x08003d81   Thumb Code   120  tim.o(i.MX_TIM9_Init)
    MX_USART1_UART_Init                      0x08003e11   Thumb Code    52  usart.o(i.MX_USART1_UART_Init)
    MX_USB_OTG_FS_PCD_Init                   0x08003e5d   Thumb Code    58  usb_otg.o(i.MX_USB_OTG_FS_PCD_Init)
    MailboxServiceInd                        0x08003eb1   Thumb Code    18  mailbox.o(i.MailboxServiceInd)
    MainInit                                 0x08003ec5   Thumb Code    26  ecatappl.o(i.MainInit)
    MainLoop                                 0x08003ee5   Thumb Code   114  ecatappl.o(i.MainLoop)
    MemManage_Handler                        0x08003f75   Thumb Code     2  stm32f4xx_it.o(i.MemManage_Handler)
    MotorTools_ResetPWM                      0x08003f79   Thumb Code    10  protocol.o(i.MotorTools_ResetPWM)
    MotorTools_init                          0x08003f89   Thumb Code     8  protocol.o(i.MotorTools_init)
    MotorTools_setPWM                        0x08003f95   Thumb Code    18  protocol.o(i.MotorTools_setPWM)
    NMI_Handler                              0x08003fad   Thumb Code     2  stm32f4xx_it.o(i.NMI_Handler)
    OBJ_CopyNumberToString                   0x0800403d   Thumb Code    48  objdef.o(i.OBJ_CopyNumberToString)
    OBJ_GetDesc                              0x0800406d   Thumb Code   142  objdef.o(i.OBJ_GetDesc)
    OBJ_GetEntryDesc                         0x08004101   Thumb Code    30  objdef.o(i.OBJ_GetEntryDesc)
    OBJ_GetEntryOffset                       0x0800411f   Thumb Code   208  objdef.o(i.OBJ_GetEntryOffset)
    OBJ_GetNoOfObjects                       0x080041ef   Thumb Code    90  objdef.o(i.OBJ_GetNoOfObjects)
    OBJ_GetObjDesc                           0x08004249   Thumb Code     4  objdef.o(i.OBJ_GetObjDesc)
    OBJ_GetObjectHandle                      0x0800424d   Thumb Code    24  objdef.o(i.OBJ_GetObjectHandle)
    OBJ_GetObjectLength                      0x08004265   Thumb Code   124  objdef.o(i.OBJ_GetObjectLength)
    OBJ_GetObjectList                        0x080042e1   Thumb Code   152  objdef.o(i.OBJ_GetObjectList)
    OBJ_Read                                 0x0800437d   Thumb Code   852  objdef.o(i.OBJ_Read)
    OBJ_Write                                0x080046d9   Thumb Code   976  objdef.o(i.OBJ_Write)
    PDI_Isr                                  0x08004ab5   Thumb Code   200  ecatappl.o(i.PDI_Isr)
    PDO_InputMapping                         0x08004bad   Thumb Code    26  ecatappl.o(i.PDO_InputMapping)
    PDO_OutputMapping                        0x08004bd5   Thumb Code    26  ecatappl.o(i.PDO_OutputMapping)
    PendSV_Handler                           0x08004bfd   Thumb Code     2  stm32f4xx_it.o(i.PendSV_Handler)
    PutInMbxQueue                            0x08004bff   Thumb Code    38  mailbox.o(i.PutInMbxQueue)
    ReadGlobalSettings                       0x08004c25   Thumb Code    34  setting.o(i.ReadGlobalSettings)
    ResetALEventMask                         0x08004c4d   Thumb Code    52  ecatslv.o(i.ResetALEventMask)
    SDOS_SdoInd                              0x08004c81   Thumb Code   710  sdoserv.o(i.SDOS_SdoInd)
    SDOS_SdoInfoInd                          0x08004f55   Thumb Code   584  sdoserv.o(i.SDOS_SdoInfoInd)
    SDOS_SdoRes                              0x080051b5   Thumb Code   136  sdoserv.o(i.SDOS_SdoRes)
    SPIRead                                  0x08005245   Thumb Code     6  spi1.o(i.SPIRead)
    SPIReadBurstMode                         0x0800524b   Thumb Code    38  spi1.o(i.SPIReadBurstMode)
    SPIReadDRegister                         0x08005271   Thumb Code    16  spi1.o(i.SPIReadDRegister)
    SPIReadDWord                             0x08005281   Thumb Code    86  spi1.o(i.SPIReadDWord)
    SPIReadPDRamRegister                     0x080052dd   Thumb Code   224  spi1.o(i.SPIReadPDRamRegister)
    SPIReadRegUsingCSR                       0x080053c1   Thumb Code    88  spi1.o(i.SPIReadRegUsingCSR)
    SPISendAddr                              0x08005419   Thumb Code    20  spi1.o(i.SPISendAddr)
    SPIWriteBurstMode                        0x0800542d   Thumb Code    36  spi1.o(i.SPIWriteBurstMode)
    SPIWriteDWord                            0x08005451   Thumb Code    78  spi1.o(i.SPIWriteDWord)
    SPIWritePDRamRegister                    0x080054a5   Thumb Code   228  spi1.o(i.SPIWritePDRamRegister)
    SPIWriteRegUsingCSR                      0x0800558d   Thumb Code    88  spi1.o(i.SPIWriteRegUsingCSR)
    SPIWriteRegister                         0x080055e5   Thumb Code    16  spi1.o(i.SPIWriteRegister)
    SVC_Handler                              0x080056ab   Thumb Code     2  stm32f4xx_it.o(i.SVC_Handler)
    SdoRes                                   0x08005891   Thumb Code   174  sdoserv.o(i.SdoRes)
    SetALEventMask                           0x08005a61   Thumb Code    52  ecatslv.o(i.SetALEventMask)
    SetALStatus                              0x08005a95   Thumb Code    56  ecatslv.o(i.SetALStatus)
    Settings_Init                            0x08005ad1   Thumb Code    26  setting.o(i.Settings_Init)
    Settings_Restore                         0x08005aed   Thumb Code    16  setting.o(i.Settings_Restore)
    StartInputHandler                        0x08005b01   Thumb Code   940  ecatslv.o(i.StartInputHandler)
    StartOutputHandler                       0x08005ed9   Thumb Code    28  ecatslv.o(i.StartOutputHandler)
    Stepper_ControlDir                       0x08005ef9   Thumb Code    76  stepper.o(i.Stepper_ControlDir)
    Stepper_ControlStep                      0x08005f4d   Thumb Code    76  stepper.o(i.Stepper_ControlStep)
    Stepper_Enable                           0x08005fa1   Thumb Code    18  stepper.o(i.Stepper_Enable)
    Stepper_MainISR                          0x08005fb9   Thumb Code   570  stepper.o(i.Stepper_MainISR)
    Stepper_PortResetISR                     0x08006209   Thumb Code    54  stepper.o(i.Stepper_PortResetISR)
    Stepper_Timer_init                       0x08006241   Thumb Code    52  stepper.o(i.Stepper_Timer_init)
    StopInputHandler                         0x08006279   Thumb Code    78  ecatslv.o(i.StopInputHandler)
    StopOutputHandler                        0x080062d5   Thumb Code    10  ecatslv.o(i.StopOutputHandler)
    Sync0_Isr                                0x080062e5   Thumb Code   218  ecatappl.o(i.Sync0_Isr)
    Sync1_Isr                                0x080063fd   Thumb Code    38  ecatappl.o(i.Sync1_Isr)
    SysTick_Handler                          0x08006439   Thumb Code    14  stm32f4xx_it.o(i.SysTick_Handler)
    SystemClock_Config                       0x08006449   Thumb Code   150  main.o(i.SystemClock_Config)
    SystemInit                               0x080064e9   Thumb Code    66  system_stm32f4xx.o(i.SystemInit)
    TIM4_IRQHandler                          0x0800653d   Thumb Code    66  stepper.o(i.TIM4_IRQHandler)
    TIM5_IRQHandler                          0x08006585   Thumb Code     6  stm32f4xx_it.o(i.TIM5_IRQHandler)
    TIM_Base_SetConfig                       0x08006591   Thumb Code   148  stm32f4xx_hal_tim.o(i.TIM_Base_SetConfig)
    TIM_CCxChannelCmd                        0x08006651   Thumb Code    22  stm32f4xx_hal_tim.o(i.TIM_CCxChannelCmd)
    TIM_Configuration                        0x08006669   Thumb Code   110  timer.o(i.TIM_Configuration)
    TIM_OC2_SetConfig                        0x08006789   Thumb Code    90  stm32f4xx_hal_tim.o(i.TIM_OC2_SetConfig)
    USART1_IRQHandler                        0x08006cad   Thumb Code     6  stm32f4xx_it.o(i.USART1_IRQHandler)
    USB_CoreInit                             0x08006cb9   Thumb Code   104  stm32f4xx_ll_usb.o(i.USB_CoreInit)
    USB_DevDisconnect                        0x08006d5d   Thumb Code    24  stm32f4xx_ll_usb.o(i.USB_DevDisconnect)
    USB_DevInit                              0x08006d75   Thumb Code   302  stm32f4xx_ll_usb.o(i.USB_DevInit)
    USB_DisableGlobalInt                     0x08006eb5   Thumb Code    12  stm32f4xx_ll_usb.o(i.USB_DisableGlobalInt)
    USB_FlushRxFifo                          0x08006ec1   Thumb Code    28  stm32f4xx_ll_usb.o(i.USB_FlushRxFifo)
    USB_FlushTxFifo                          0x08006ee1   Thumb Code    32  stm32f4xx_ll_usb.o(i.USB_FlushTxFifo)
    USB_SetCurrentMode                       0x08006f05   Thumb Code    44  stm32f4xx_ll_usb.o(i.USB_SetCurrentMode)
    UpdateEEPROMLoadedState                  0x08006f31   Thumb Code    44  ecatslv.o(i.UpdateEEPROMLoadedState)
    UsageFault_Handler                       0x08006f61   Thumb Code     2  stm32f4xx_it.o(i.UsageFault_Handler)
    Usart_Init                               0x08006f65   Thumb Code     8  global.o(i.Usart_Init)
    WR_CMD                                   0x08006f85   Thumb Code    44  spi1.o(i.WR_CMD)
    WriteGlobalSettings                      0x08006fb5   Thumb Code    28  setting.o(i.WriteGlobalSettings)
    _Error_Handler                           0x08006fd5   Thumb Code     2  main.o(i._Error_Handler)
    __scatterload_copy                       0x08006fd7   Thumb Code    14  handlers.o(i.__scatterload_copy)
    __scatterload_null                       0x08006fe5   Thumb Code     2  handlers.o(i.__scatterload_null)
    __scatterload_zeroinit                   0x08006fe7   Thumb Code    14  handlers.o(i.__scatterload_zeroinit)
    free                                     0x08006ff5   Thumb Code    76  malloc.o(i.free)
    main                                     0x08007045   Thumb Code   130  main.o(i.main)
    malloc                                   0x080070dd   Thumb Code    92  malloc.o(i.malloc)
    AHBPrescTable                            0x08007148   Data          16  system_stm32f4xx.o(.constdata)
    APBPrescTable                            0x08007158   Data           8  system_stm32f4xx.o(.constdata)
    asPDOAssignEntryDesc                     0x08007160   Data          12  coeappl.o(.constdata)
    asEntryDesc0x0800                        0x0800716c   Data          18  coeappl.o(.constdata)
    asEntryDesc0x1600                        0x0800717e   Data          66  coeappl.o(.constdata)
    aName0x1600                              0x080071c0   Data          20  coeappl.o(.constdata)
    asEntryDesc0x1A00                        0x080071d4   Data          30  coeappl.o(.constdata)
    aName0x1A00                              0x080071f2   Data          15  coeappl.o(.constdata)
    aName0x1C12                              0x08007201   Data          13  coeappl.o(.constdata)
    aName0x1C13                              0x0800720e   Data          13  coeappl.o(.constdata)
    asEntryDesc0x6000                        0x0800721c   Data           6  coeappl.o(.constdata)
    aName0x6000                              0x08007222   Data          14  coeappl.o(.constdata)
    asEntryDesc0x6010                        0x08007230   Data           6  coeappl.o(.constdata)
    aName0x6010                              0x08007236   Data          10  coeappl.o(.constdata)
    asEntryDesc0x6020                        0x08007240   Data           6  coeappl.o(.constdata)
    aName0x6020                              0x08007246   Data           7  coeappl.o(.constdata)
    asEntryDesc0x6030                        0x0800724e   Data           6  coeappl.o(.constdata)
    aName0x6030                              0x08007254   Data           7  coeappl.o(.constdata)
    asEntryDesc0x7000                        0x0800725c   Data           6  coeappl.o(.constdata)
    aName0x7000                              0x08007262   Data          13  coeappl.o(.constdata)
    asEntryDesc0x7010                        0x08007270   Data           6  coeappl.o(.constdata)
    aName0x7010                              0x08007276   Data           9  coeappl.o(.constdata)
    asEntryDesc0x7020                        0x08007280   Data           6  coeappl.o(.constdata)
    aName0x7020                              0x08007286   Data          10  coeappl.o(.constdata)
    asEntryDesc0x7030                        0x08007290   Data           6  coeappl.o(.constdata)
    aName0x7030                              0x08007296   Data          12  coeappl.o(.constdata)
    asEntryDesc0x7040                        0x080072a2   Data           6  coeappl.o(.constdata)
    aName0x7040                              0x080072a8   Data          12  coeappl.o(.constdata)
    asEntryDesc0x7050                        0x080072b4   Data           6  coeappl.o(.constdata)
    aName0x7050                              0x080072ba   Data          12  coeappl.o(.constdata)
    asEntryDesc0x7060                        0x080072c6   Data           6  coeappl.o(.constdata)
    aName0x7060                              0x080072cc   Data          12  coeappl.o(.constdata)
    asEntryDesc0x7070                        0x080072d8   Data           6  coeappl.o(.constdata)
    aName0x7070                              0x080072de   Data          12  coeappl.o(.constdata)
    asEntryDesc0x7080                        0x080072ea   Data           6  coeappl.o(.constdata)
    aName0x7080                              0x080072f0   Data          12  coeappl.o(.constdata)
    asEntryDesc0x7090                        0x080072fc   Data           6  coeappl.o(.constdata)
    aName0x7090                              0x08007302   Data          12  coeappl.o(.constdata)
    asEntryDesc0xF000                        0x0800730e   Data          18  coeappl.o(.constdata)
    aName0xF000                              0x08007320   Data          73  coeappl.o(.constdata)
    asEntryDesc0xF010                        0x0800736a   Data          24  coeappl.o(.constdata)
    aName0xF010                              0x08007382   Data          20  coeappl.o(.constdata)
    sEntryDesc0x1000                         0x08007396   Data           6  coeappl.o(.constdata)
    aName0x1000                              0x0800739c   Data          12  coeappl.o(.constdata)
    sEntryDesc0x1001                         0x080073a8   Data           6  coeappl.o(.constdata)
    aName0x1001                              0x080073ae   Data          15  coeappl.o(.constdata)
    sEntryDesc0x1008                         0x080073be   Data           6  coeappl.o(.constdata)
    aName0x1008                              0x080073c4   Data          12  coeappl.o(.constdata)
    sEntryDesc0x1009                         0x080073d0   Data           6  coeappl.o(.constdata)
    aName0x1009                              0x080073d6   Data          17  coeappl.o(.constdata)
    sEntryDesc0x100A                         0x080073e8   Data           6  coeappl.o(.constdata)
    aName0x100A                              0x080073ee   Data          17  coeappl.o(.constdata)
    asEntryDesc0x1018                        0x08007400   Data          30  coeappl.o(.constdata)
    aName0x1018                              0x0800741e   Data          57  coeappl.o(.constdata)
    asEntryDesc0x10F1                        0x08007458   Data          18  coeappl.o(.constdata)
    aName0x10F1                              0x0800746a   Data          63  coeappl.o(.constdata)
    asEntryDesc0x1C00                        0x080074aa   Data          12  coeappl.o(.constdata)
    aName0x1C00                              0x080074b6   Data          18  coeappl.o(.constdata)
    asEntryDesc0x1C3x                        0x080074c8   Data         198  coeappl.o(.constdata)
    aName0x1C32                              0x0800758e   Data         256  coeappl.o(.constdata)
    aName0x1C33                              0x0800768e   Data         255  coeappl.o(.constdata)
    cBitMask                                 0x0800778e   Data          32  objdef.o(.constdata)
    cAbortCode                               0x080077b0   Data         120  sdoserv.o(.constdata)
    Region$$Table$$Base                      0x08007828   Number         0  anon$$obj.o(Region$$Table)
    Region$$Table$$Limit                     0x08007848   Number         0  anon$$obj.o(Region$$Table)
    uwTickFreq                               0x20000000   Data           1  stm32f4xx_hal.o(.data)
    uwTickPrio                               0x20000004   Data           4  stm32f4xx_hal.o(.data)
    uwTick                                   0x20000008   Data           4  stm32f4xx_hal.o(.data)
    SystemCoreClock                          0x2000000c   Data           4  system_stm32f4xx.o(.data)
    sEnum0800_Value00                        0x20000010   Data          24  coeappl.o(.data)
    sEnum0800_Value01                        0x20000028   Data          26  coeappl.o(.data)
    apEnum0800                               0x20000044   Data           8  coeappl.o(.data)
    ObjDicList                               0x2000004c   Data           4  coeappl.o(.data)
    ApplicationObjDic                        0x20000050   Data         880  coeappl.o(.data)
    GenObjDic                                0x200003c0   Data         440  coeappl.o(.data)
    u32Devicetype                            0x20000578   Data           4  coeappl.o(.data)
    u16ErrorRegister                         0x2000057c   Data           2  coeappl.o(.data)
    acDevicename                             0x2000057e   Data          21  coeappl.o(.data)
    acHardwareversion                        0x20000593   Data           4  coeappl.o(.data)
    acSoftwareversion                        0x20000597   Data           5  coeappl.o(.data)
    sIdentity                                0x2000059c   Data          20  coeappl.o(.data)
    sSyncmanagertype                         0x200005b0   Data           6  coeappl.o(.data)
    bInitFinished                            0x200005b8   Data           1  ecatappl.o(.data)
    bCycleTimeMeasurementStarted             0x200005b9   Data           1  ecatappl.o(.data)
    u16BusCycleCntMs                         0x200005ba   Data           2  ecatappl.o(.data)
    StartTimerCnt                            0x200005bc   Data           4  ecatappl.o(.data)
    bRunApplication                          0x200005c0   Data           1  ecatappl.o(.data)
    pCoeSendStored                           0x200005c4   Data           4  ecatcoe.o(.data)
    EepromLoaded                             0x200005c8   Data           1  ecatslv.o(.data)
    bEcatOutputUpdateRunning                 0x200005c9   Data           1  ecatslv.o(.data)
    bEcatInputUpdateRunning                  0x200005ca   Data           1  ecatslv.o(.data)
    bEcatFirstOutputsReceived                0x200005cb   Data           1  ecatslv.o(.data)
    bWdTrigger                               0x200005cc   Data           1  ecatslv.o(.data)
    bDcSyncActive                            0x200005cd   Data           1  ecatslv.o(.data)
    bDcRunning                               0x200005ce   Data           1  ecatslv.o(.data)
    bSmSyncSequenceValid                     0x200005cf   Data           1  ecatslv.o(.data)
    bEscIntEnabled                           0x200005d0   Data           1  ecatslv.o(.data)
    b3BufferMode                             0x200005d1   Data           1  ecatslv.o(.data)
    bLocalErrorFlag                          0x200005d2   Data           1  ecatslv.o(.data)
    bApplEsmPending                          0x200005d3   Data           1  ecatslv.o(.data)
    bEcatWaitForAlControlRes                 0x200005d4   Data           1  ecatslv.o(.data)
    nMaxSyncMan                              0x200005d5   Data           1  ecatslv.o(.data)
    nAlStatus                                0x200005d6   Data           1  ecatslv.o(.data)
    SMActivate                               0x200005d8   Data           2  ecatslv.o(.data)
    EsmTimeoutCounter                        0x200005da   Data           2  ecatslv.o(.data)
    u16SmSync0Counter                        0x200005dc   Data           2  ecatslv.o(.data)
    u16SmSync0Value                          0x200005de   Data           2  ecatslv.o(.data)
    i16WaitForPllRunningTimeout              0x200005e0   Data           2  ecatslv.o(.data)
    i16WaitForPllRunningCnt                  0x200005e2   Data           2  ecatslv.o(.data)
    Sync0WdCounter                           0x200005e4   Data           2  ecatslv.o(.data)
    Sync0WdValue                             0x200005e6   Data           2  ecatslv.o(.data)
    Sync1WdCounter                           0x200005e8   Data           2  ecatslv.o(.data)
    Sync1WdValue                             0x200005ea   Data           2  ecatslv.o(.data)
    LatchInputSync0Value                     0x200005ec   Data           2  ecatslv.o(.data)
    LatchInputSync0Counter                   0x200005ee   Data           2  ecatslv.o(.data)
    u16LocalErrorCode                        0x200005f0   Data           2  ecatslv.o(.data)
    nEcatStateTrans                          0x200005f2   Data           2  ecatslv.o(.data)
    nPdInputSize                             0x200005f4   Data           2  ecatslv.o(.data)
    nPdOutputSize                            0x200005f6   Data           2  ecatslv.o(.data)
    nMaxEscAddress                           0x200005f8   Data           2  ecatslv.o(.data)
    EcatWdValue                              0x200005fa   Data           2  ecatslv.o(.data)
    nEscAddrOutputData                       0x200005fc   Data           2  ecatslv.o(.data)
    nEscAddrInputData                        0x200005fe   Data           2  ecatslv.o(.data)
    u16ALEventMask                           0x20000600   Data           2  ecatslv.o(.data)
    u16dummy                                 0x20000602   Data           2  ecatslv.o(.data)
    SyncManInfo                              0x20000604   Data           8  ecatslv.o(.data)
    MOTOR_MESSAGE_Obj6000                    0x2000060c   Data           2  el9800appl.o(.data)
    ERROR_MSG_Obj6010                        0x2000060e   Data           2  el9800appl.o(.data)
    AD_CH1_Obj6020                           0x20000610   Data           2  el9800appl.o(.data)
    AD_CH2_Obj6030                           0x20000612   Data           2  el9800appl.o(.data)
    STEP_SETTING_Obj7000                     0x20000614   Data           2  el9800appl.o(.data)
    STEP_FRE_Obj7010                         0x20000616   Data           2  el9800appl.o(.data)
    MOTOR_DIR_Obj7020                        0x20000618   Data           2  el9800appl.o(.data)
    MOTOR1_STEP_Obj7030                      0x2000061c   Data           4  el9800appl.o(.data)
    MOTOR2_STEP_Obj7040                      0x20000620   Data           4  el9800appl.o(.data)
    MOTOR3_STEP_Obj7050                      0x20000624   Data           4  el9800appl.o(.data)
    MOTOR4_STEP_Obj7060                      0x20000628   Data           4  el9800appl.o(.data)
    MOTOR5_STEP_Obj7070                      0x2000062c   Data           4  el9800appl.o(.data)
    MOTOR6_STEP_Obj7080                      0x20000630   Data           4  el9800appl.o(.data)
    MOTOR7_STEP_Obj7090                      0x20000634   Data           4  el9800appl.o(.data)
    sRxPDOassign                             0x20000638   Data           4  el9800appl.o(.data)
    sTxPDOassign                             0x2000063c   Data           4  el9800appl.o(.data)
    sDORxPDOMap                              0x20000640   Data          44  el9800appl.o(.data)
    sDITxPDOMap                              0x2000066c   Data          20  el9800appl.o(.data)
    sModulardeviceprofile                    0x20000680   Data           6  el9800appl.o(.data)
    sModulelist                              0x20000688   Data          16  el9800appl.o(.data)
    EscALEvent                               0x20000698   Data           2  el9800hw.o(.data)
    bReceiveMbxIsLocked                      0x2000069c   Data           1  mailbox.o(.data)
    bSendMbxIsFull                           0x2000069d   Data           1  mailbox.o(.data)
    bMbxRunning                              0x2000069e   Data           1  mailbox.o(.data)
    bMbxRepeatToggle                         0x2000069f   Data           1  mailbox.o(.data)
    u8MbxWriteCounter                        0x200006a0   Data           1  mailbox.o(.data)
    u8MbxReadCounter                         0x200006a1   Data           1  mailbox.o(.data)
    u8MailboxSendReqStored                   0x200006a2   Data           1  mailbox.o(.data)
    bNoMbxMemoryAvailable                    0x200006a3   Data           1  mailbox.o(.data)
    u16SendMbxSize                           0x200006a4   Data           2  mailbox.o(.data)
    u16ReceiveMbxSize                        0x200006a6   Data           2  mailbox.o(.data)
    u16EscAddrReceiveMbx                     0x200006a8   Data           2  mailbox.o(.data)
    u16EscAddrSendMbx                        0x200006aa   Data           2  mailbox.o(.data)
    psWriteMbx                               0x200006ac   Data           4  mailbox.o(.data)
    psReadMbx                                0x200006b0   Data           4  mailbox.o(.data)
    psRepeatMbx                              0x200006b4   Data           4  mailbox.o(.data)
    psStoreMbx                               0x200006b8   Data           4  mailbox.o(.data)
    sErrorSettings                           0x200006bc   Data          12  objdef.o(.data)
    bSyncSetByUser                           0x200006c8   Data           1  objdef.o(.data)
    aSubindexDesc                            0x200006c9   Data          13  objdef.o(.data)
    sCycleDiag                               0x200006d6   Data           2  objdef.o(.data)
    bSdoInWork                               0x200006d8   Data           1  sdoserv.o(.data)
    u8PendingSdo                             0x200006d9   Data           1  sdoserv.o(.data)
    bStoreCompleteAccess                     0x200006da   Data           1  sdoserv.o(.data)
    u8StoreSubindex                          0x200006db   Data           1  sdoserv.o(.data)
    nSdoSegService                           0x200006dc   Data           1  sdoserv.o(.data)
    bSdoSegFollows                           0x200006dd   Data           1  sdoserv.o(.data)
    bSdoSegAccess                            0x200006de   Data           1  sdoserv.o(.data)
    nSdoSegSubindex                          0x200006df   Data           1  sdoserv.o(.data)
    bSdoSegLastToggle                        0x200006e0   Data           1  sdoserv.o(.data)
    u16StoreIndex                            0x200006e2   Data           2  sdoserv.o(.data)
    nSdoInfoFragmentsLeft                    0x200006e4   Data           2  sdoserv.o(.data)
    nSdoInfoIndex                            0x200006e6   Data           2  sdoserv.o(.data)
    nSdoSegIndex                             0x200006e8   Data           2  sdoserv.o(.data)
    u32StoreDataSize                         0x200006ec   Data           4  sdoserv.o(.data)
    pStoreData                               0x200006f0   Data           4  sdoserv.o(.data)
    pSdoPendFunc                             0x200006f4   Data           4  sdoserv.o(.data)
    pSdoSegData                              0x200006f8   Data           4  sdoserv.o(.data)
    pSdoResStored                            0x200006fc   Data           4  sdoserv.o(.data)
    nSdoSegBytesToHandle                     0x20000700   Data           4  sdoserv.o(.data)
    nSdoSegCompleteSize                      0x20000704   Data           4  sdoserv.o(.data)
    pSdoSegObjEntry                          0x20000708   Data           4  sdoserv.o(.data)
    pSdoInfoObjEntry                         0x2000070c   Data           4  sdoserv.o(.data)
    Uart_data_rsv                            0x20000710   Data           1  global.o(.data)
    Cmd_state                                0x20000711   Data           1  global.o(.data)
    Cmd_type                                 0x20000712   Data           1  global.o(.data)
    Is_setting_to_flash                      0x20000713   Data           1  global.o(.data)
    Stepper_isAutoRun                        0x20000714   Data           1  stepper.o(.data)
    Step_TimerCount                          0x20000718   Data           4  stepper.o(.data)
    settings                                 0x2000071c   Data           1  setting.o(.data)
    __microlib_freelist                      0x20000720   Data           4  mvars.o(.data)
    __microlib_freelist_initialised          0x20000724   Data           4  mvars.o(.data)
    hi2c2                                    0x20000728   Data          84  i2c.o(.bss)
    hspi3                                    0x2000077c   Data          88  spi.o(.bss)
    htim4                                    0x200007d4   Data          60  tim.o(.bss)
    htim5                                    0x20000810   Data          60  tim.o(.bss)
    htim9                                    0x2000084c   Data          60  tim.o(.bss)
    huart1                                   0x20000888   Data          64  usart.o(.bss)
    hpcd_USB_OTG_FS                          0x200008c8   Data        1008  usb_otg.o(.bss)
    pFlash                                   0x20000cb8   Data          32  stm32f4xx_hal_flash.o(.bss)
    aPdOutputData                            0x20000cd8   Data          68  ecatappl.o(.bss)
    aPdInputData                             0x20000d1c   Data          68  ecatappl.o(.bss)
    asMbx                                    0x20000d60   Data         512  mailbox.o(.bss)
    sMbxSendQueue                            0x20000f60   Data          52  mailbox.o(.bss)
    sMbxReceiveQueue                         0x20000f94   Data          52  mailbox.o(.bss)
    sSyncManOutPar                           0x20000fc8   Data          68  objdef.o(.bss)
    sSyncManInPar                            0x2000100c   Data          68  objdef.o(.bss)
    aSdoInfoHeader                           0x20001050   Data          14  sdoserv.o(.bss)
    Ethercat_data                            0x2000105e   Data          30  protocol.o(.bss)
    Stepper_data                             0x2000107c   Data          60  stepper.o(.bss)
    Sys_position                             0x200010b8   Data          24  stepper.o(.bss)
    __heap_base                              0x200014d0   Data           0  startup_stm32f407xx.o(HEAP)
    __heap_limit                             0x200016d0   Data           0  startup_stm32f407xx.o(HEAP)
    __initial_sp                             0x20001ad0   Data           0  startup_stm32f407xx.o(STACK)



==============================================================================

Memory Map of the image

  Image Entry point : 0x08000189

  Load Region LR_IROM1 (Base: 0x08000000, Size: 0x00007f70, Max: 0x00100000, ABSOLUTE, COMPRESSED[0x00007ad8])

    Execution Region ER_IROM1 (Base: 0x08000000, Size: 0x00007848, Max: 0x00100000, ABSOLUTE)

    Base Addr    Size         Type   Attr      Idx    E Section Name        Object

    0x08000000   0x00000188   Data   RO            3    RESET               startup_stm32f407xx.o
    0x08000188   0x00000000   Code   RO         5664  * .ARM.Collect$$$$00000000  mc_w.l(entry.o)
    0x08000188   0x00000004   Code   RO         5711    .ARM.Collect$$$$00000001  mc_w.l(entry2.o)
    0x0800018c   0x00000004   Code   RO         5714    .ARM.Collect$$$$00000004  mc_w.l(entry5.o)
    0x08000190   0x00000000   Code   RO         5716    .ARM.Collect$$$$00000008  mc_w.l(entry7b.o)
    0x08000190   0x00000000   Code   RO         5718    .ARM.Collect$$$$0000000A  mc_w.l(entry8b.o)
    0x08000190   0x00000008   Code   RO         5719    .ARM.Collect$$$$0000000B  mc_w.l(entry9a.o)
    0x08000198   0x00000000   Code   RO         5721    .ARM.Collect$$$$0000000D  mc_w.l(entry10a.o)
    0x08000198   0x00000000   Code   RO         5723    .ARM.Collect$$$$0000000F  mc_w.l(entry11a.o)
    0x08000198   0x00000004   Code   RO         5712    .ARM.Collect$$$$00002712  mc_w.l(entry2.o)
    0x0800019c   0x00000024   Code   RO            4    .text               startup_stm32f407xx.o
    0x080001c0   0x00000062   Code   RO         5667    .text               mc_w.l(uldiv.o)
    0x08000222   0x00000024   Code   RO         5669    .text               mc_w.l(memcpya.o)
    0x08000246   0x00000024   Code   RO         5671    .text               mc_w.l(memseta.o)
    0x0800026a   0x0000000e   Code   RO         5673    .text               mc_w.l(strlen.o)
    0x08000278   0x000000e4   Code   RO         5705    .text               mf_w.l(dmul.o)
    0x0800035c   0x0000001a   Code   RO         5707    .text               mf_w.l(dfltui.o)
    0x08000376   0x00000032   Code   RO         5709    .text               mf_w.l(dfixui.o)
    0x080003a8   0x0000001e   Code   RO         5725    .text               mc_w.l(llshl.o)
    0x080003c6   0x00000020   Code   RO         5727    .text               mc_w.l(llushr.o)
    0x080003e6   0x00000000   Code   RO         5731    .text               mc_w.l(iusefp.o)
    0x080003e6   0x000000ba   Code   RO         5732    .text               mf_w.l(depilogue.o)
    0x080004a0   0x00000024   Code   RO         5734    .text               mc_w.l(init.o)
    0x080004c4   0x00000056   Code   RO         5744    .text               mc_w.l(__dczerorl2.o)
    0x0800051a   0x00000002   PAD
    0x0800051c   0x00000354   Code   RO         4537    i.AL_ControlInd     ecatslv.o
    0x08000870   0x00000174   Code   RO         4538    i.AL_ControlRes     ecatslv.o
    0x080009e4   0x00000002   Code   RO         4709    i.APPL_AckErrorInd  el9800appl.o
    0x080009e6   0x00000002   PAD
    0x080009e8   0x00000150   Code   RO         4710    i.APPL_Application  el9800appl.o
    0x08000b38   0x000000e8   Code   RO         4711    i.APPL_GenerateMapping  el9800appl.o
    0x08000c20   0x00000044   Code   RO         4712    i.APPL_InputMapping  el9800appl.o
    0x08000c64   0x00000064   Code   RO         4713    i.APPL_OutputMapping  el9800appl.o
    0x08000cc8   0x00000030   Code   RO         4714    i.APPL_StartInputHandler  el9800appl.o
    0x08000cf8   0x00000004   Code   RO         4715    i.APPL_StartMailboxHandler  el9800appl.o
    0x08000cfc   0x00000004   Code   RO         4716    i.APPL_StartOutputHandler  el9800appl.o
    0x08000d00   0x00000034   Code   RO         4717    i.APPL_StopInputHandler  el9800appl.o
    0x08000d34   0x00000004   Code   RO         4718    i.APPL_StopMailboxHandler  el9800appl.o
    0x08000d38   0x00000004   Code   RO         4719    i.APPL_StopOutputHandler  el9800appl.o
    0x08000d3c   0x00000020   Code   RO         4215    i.AddObjectsToObjDictionary  coeappl.o
    0x08000d5c   0x00000030   Code   RO           13    i.Boot_State        main.o
    0x08000d8c   0x00000002   Code   RO          527    i.BusFault_Handler  stm32f4xx_it.o
    0x08000d8e   0x00000002   PAD
    0x08000d90   0x0000005c   Code   RO         4216    i.COE_AddObjectToDic  coeappl.o
    0x08000dec   0x00000020   Code   RO         4217    i.COE_ClearObjDictionary  coeappl.o
    0x08000e0c   0x00000040   Code   RO         4488    i.COE_ContinueInd   ecatcoe.o
    0x08000e4c   0x0000000c   Code   RO         4218    i.COE_GetObjectDictionary  coeappl.o
    0x08000e58   0x00000014   Code   RO         4489    i.COE_Init          ecatcoe.o
    0x08000e6c   0x000000ac   Code   RO         4219    i.COE_Main          coeappl.o
    0x08000f18   0x00000028   Code   RO         4220    i.COE_ObjDictionaryInit  coeappl.o
    0x08000f40   0x0000009c   Code   RO         4221    i.COE_ObjInit       coeappl.o
    0x08000fdc   0x00000038   Code   RO         4222    i.COE_RemoveDicEntry  coeappl.o
    0x08001014   0x00000026   Code   RO         4490    i.COE_ServiceInd    ecatcoe.o
    0x0800103a   0x00000002   PAD
    0x0800103c   0x00000060   Code   RO         4540    i.CheckIfEcatError  ecatslv.o
    0x0800109c   0x00000184   Code   RO         4541    i.CheckSmSettings   ecatslv.o
    0x08001220   0x0000008c   Code   RO         5023    i.CheckSyncTypeValue  objdef.o
    0x080012ac   0x0000008c   Code   RO         4542    i.DC_CheckWatchdog  ecatslv.o
    0x08001338   0x00000002   Code   RO          528    i.DebugMon_Handler  stm32f4xx_it.o
    0x0800133a   0x00000030   Code   RO         4543    i.DisableSyncManChannel  ecatslv.o
    0x0800136a   0x00000002   PAD
    0x0800136c   0x00000038   Code   RO         4383    i.ECAT_CheckTimer   ecatappl.o
    0x080013a4   0x0000008c   Code   RO         4544    i.ECAT_Init         ecatslv.o
    0x08001430   0x0000010c   Code   RO         4545    i.ECAT_Main         ecatslv.o
    0x0800153c   0x00000002   Code   RO         5225    i.ECAT_SPI_GPIO_Init  spi1.o
    0x0800153e   0x00000002   PAD
    0x08001540   0x00000034   Code   RO         5552    i.EE_Erase          eeprom.o
    0x08001574   0x00000014   Code   RO         5553    i.EE_Init           eeprom.o
    0x08001588   0x00000044   Code   RO         5554    i.EE_Program        eeprom.o
    0x080015cc   0x0000000c   Code   RO         5555    i.EE_ReadByte       eeprom.o
    0x080015d8   0x0000003c   Code   RO         5556    i.EE_ReadByteArray  eeprom.o
    0x08001614   0x0000000c   Code   RO         5557    i.EE_WriteByte      eeprom.o
    0x08001620   0x00000034   Code   RO         5558    i.EE_WriteByteArray  eeprom.o
    0x08001654   0x00000002   Code   RO         5189    i.EXTI1_Configuration  exit.o
    0x08001656   0x00000006   Code   RO          529    i.EXTI1_IRQHandler  stm32f4xx_it.o
    0x0800165c   0x00000002   Code   RO         5190    i.EXTI2_Configuration  exit.o
    0x0800165e   0x00000006   Code   RO          530    i.EXTI2_IRQHandler  stm32f4xx_it.o
    0x08001664   0x00000002   Code   RO         5191    i.EXTI3_Configuration  exit.o
    0x08001666   0x00000006   Code   RO          531    i.EXTI3_IRQHandler  stm32f4xx_it.o
    0x0800166c   0x0000002e   Code   RO         4547    i.EnableSyncManChannel  ecatslv.o
    0x0800169a   0x00000016   Code   RO         5357    i.Ethercat_sync0_handle  global.o
    0x080016b0   0x00000016   Code   RO         5358    i.Ethercat_sync1_handle  global.o
    0x080016c6   0x00000002   PAD
    0x080016c8   0x00000050   Code   RO         3388    i.FLASH_Erase_Sector  stm32f4xx_hal_flash_ex.o
    0x08001718   0x00000054   Code   RO         3389    i.FLASH_FlushCaches  stm32f4xx_hal_flash_ex.o
    0x0800176c   0x00000028   Code   RO         3390    i.FLASH_MassErase   stm32f4xx_hal_flash_ex.o
    0x08001794   0x00000020   Code   RO         3270    i.FLASH_Program_Byte  stm32f4xx_hal_flash.o
    0x080017b4   0x00000028   Code   RO         3271    i.FLASH_Program_DoubleWord  stm32f4xx_hal_flash.o
    0x080017dc   0x00000024   Code   RO         3272    i.FLASH_Program_HalfWord  stm32f4xx_hal_flash.o
    0x08001800   0x00000024   Code   RO         3273    i.FLASH_Program_Word  stm32f4xx_hal_flash.o
    0x08001824   0x00000068   Code   RO         3274    i.FLASH_SetErrorCode  stm32f4xx_hal_flash.o
    0x0800188c   0x00000050   Code   RO         3275    i.FLASH_WaitForLastOperation  stm32f4xx_hal_flash.o
    0x080018dc   0x00000026   Code   RO         4917    i.GetOutOfMbxQueue  mailbox.o
    0x08001902   0x00000002   PAD
    0x08001904   0x000000bc   Code   RO         5559    i.GetSector         eeprom.o
    0x080019c0   0x0000001c   Code   RO         4548    i.GetSyncMan        ecatslv.o
    0x080019dc   0x00000024   Code   RO         3577    i.HAL_DMA_Abort_IT  stm32f4xx_hal_dma.o
    0x08001a00   0x00000024   Code   RO         3995    i.HAL_Delay         stm32f4xx_hal.o
    0x08001a24   0x00000098   Code   RO         3391    i.HAL_FLASHEx_Erase  stm32f4xx_hal_flash_ex.o
    0x08001abc   0x00000014   Code   RO         3279    i.HAL_FLASH_Lock    stm32f4xx_hal_flash.o
    0x08001ad0   0x0000007c   Code   RO         3284    i.HAL_FLASH_Program  stm32f4xx_hal_flash.o
    0x08001b4c   0x0000002c   Code   RO         3286    i.HAL_FLASH_Unlock  stm32f4xx_hal_flash.o
    0x08001b78   0x0000001a   Code   RO         5359    i.HAL_GPIO_EXTI_Callback  global.o
    0x08001b92   0x00000002   PAD
    0x08001b94   0x00000018   Code   RO         3468    i.HAL_GPIO_EXTI_IRQHandler  stm32f4xx_hal_gpio.o
    0x08001bac   0x000001b0   Code   RO         3469    i.HAL_GPIO_Init     stm32f4xx_hal_gpio.o
    0x08001d5c   0x00000008   Code   RO         3472    i.HAL_GPIO_TogglePin  stm32f4xx_hal_gpio.o
    0x08001d64   0x0000000a   Code   RO         3473    i.HAL_GPIO_WritePin  stm32f4xx_hal_gpio.o
    0x08001d6e   0x00000002   PAD
    0x08001d70   0x0000000c   Code   RO         4001    i.HAL_GetTick       stm32f4xx_hal.o
    0x08001d7c   0x00000108   Code   RO          668    i.HAL_I2C_Init      stm32f4xx_hal_i2c.o
    0x08001e84   0x0000004c   Code   RO          283    i.HAL_I2C_MspInit   i2c.o
    0x08001ed0   0x00000010   Code   RO         4005    i.HAL_IncTick       stm32f4xx_hal.o
    0x08001ee0   0x00000034   Code   RO         4006    i.HAL_Init          stm32f4xx_hal.o
    0x08001f14   0x00000040   Code   RO         4007    i.HAL_InitTick      stm32f4xx_hal.o
    0x08001f54   0x00000084   Code   RO          633    i.HAL_MspInit       stm32f4xx_hal_msp.o
    0x08001fd8   0x00000016   Code   RO         3858    i.HAL_NVIC_EnableIRQ  stm32f4xx_hal_cortex.o
    0x08001fee   0x00000002   PAD
    0x08001ff0   0x00000040   Code   RO         3864    i.HAL_NVIC_SetPriority  stm32f4xx_hal_cortex.o
    0x08002030   0x00000024   Code   RO         3865    i.HAL_NVIC_SetPriorityGrouping  stm32f4xx_hal_cortex.o
    0x08002054   0x000000be   Code   RO         2607    i.HAL_PCD_Init      stm32f4xx_hal_pcd.o
    0x08002112   0x00000002   PAD
    0x08002114   0x00000054   Code   RO          486    i.HAL_PCD_MspInit   usb_otg.o
    0x08002168   0x00000130   Code   RO         3115    i.HAL_RCC_ClockConfig  stm32f4xx_hal_rcc.o
    0x08002298   0x0000000c   Code   RO         3120    i.HAL_RCC_GetHCLKFreq  stm32f4xx_hal_rcc.o
    0x080022a4   0x00000020   Code   RO         3122    i.HAL_RCC_GetPCLK1Freq  stm32f4xx_hal_rcc.o
    0x080022c4   0x00000020   Code   RO         3123    i.HAL_RCC_GetPCLK2Freq  stm32f4xx_hal_rcc.o
    0x080022e4   0x00000060   Code   RO         3124    i.HAL_RCC_GetSysClockFreq  stm32f4xx_hal_rcc.o
    0x08002344   0x0000031c   Code   RO         3127    i.HAL_RCC_OscConfig  stm32f4xx_hal_rcc.o
    0x08002660   0x00000006   Code   RO         1082    i.HAL_SPI_GetState  stm32f4xx_hal_spi.o
    0x08002666   0x00000080   Code   RO         1084    i.HAL_SPI_Init      stm32f4xx_hal_spi.o
    0x080026e6   0x00000002   PAD
    0x080026e8   0x00000048   Code   RO          325    i.HAL_SPI_MspInit   spi.o
    0x08002730   0x000001d8   Code   RO         1093    i.HAL_SPI_TransmitReceive  stm32f4xx_hal_spi.o
    0x08002908   0x00000018   Code   RO         3867    i.HAL_SYSTICK_CLKSourceConfig  stm32f4xx_hal_cortex.o
    0x08002920   0x00000002   Code   RO         3868    i.HAL_SYSTICK_Callback  stm32f4xx_hal_cortex.o
    0x08002922   0x00000028   Code   RO         3869    i.HAL_SYSTICK_Config  stm32f4xx_hal_cortex.o
    0x0800294a   0x00000008   Code   RO         3870    i.HAL_SYSTICK_IRQHandler  stm32f4xx_hal_cortex.o
    0x08002952   0x00000002   Code   RO         2021    i.HAL_TIMEx_BreakCallback  stm32f4xx_hal_tim_ex.o
    0x08002954   0x00000002   Code   RO         2022    i.HAL_TIMEx_CommutationCallback  stm32f4xx_hal_tim_ex.o
    0x08002956   0x00000050   Code   RO         2038    i.HAL_TIMEx_MasterConfigSynchronization  stm32f4xx_hal_tim_ex.o
    0x080029a6   0x00000036   Code   RO         1392    i.HAL_TIM_Base_Init  stm32f4xx_hal_tim.o
    0x080029dc   0x00000080   Code   RO          367    i.HAL_TIM_Base_MspInit  tim.o
    0x08002a5c   0x00000018   Code   RO         1397    i.HAL_TIM_Base_Start_IT  stm32f4xx_hal_tim.o
    0x08002a74   0x0000002a   Code   RO         1400    i.HAL_TIM_Base_Stop_IT  stm32f4xx_hal_tim.o
    0x08002a9e   0x000000f2   Code   RO         1401    i.HAL_TIM_ConfigClockSource  stm32f4xx_hal_tim.o
    0x08002b90   0x00000002   Code   RO         1421    i.HAL_TIM_IC_CaptureCallback  stm32f4xx_hal_tim.o
    0x08002b92   0x00000166   Code   RO         1434    i.HAL_TIM_IRQHandler  stm32f4xx_hal_tim.o
    0x08002cf8   0x00000034   Code   RO          368    i.HAL_TIM_MspPostInit  tim.o
    0x08002d2c   0x00000056   Code   RO         1435    i.HAL_TIM_OC_ConfigChannel  stm32f4xx_hal_tim.o
    0x08002d82   0x00000002   Code   RO         1437    i.HAL_TIM_OC_DelayElapsedCallback  stm32f4xx_hal_tim.o
    0x08002d84   0x00000036   Code   RO         1439    i.HAL_TIM_OC_Init   stm32f4xx_hal_tim.o
    0x08002dba   0x00000002   Code   RO         1441    i.HAL_TIM_OC_MspInit  stm32f4xx_hal_tim.o
    0x08002dbc   0x0000006c   Code   RO         1444    i.HAL_TIM_OC_Start_IT  stm32f4xx_hal_tim.o
    0x08002e28   0x000000d0   Code   RO         1458    i.HAL_TIM_PWM_ConfigChannel  stm32f4xx_hal_tim.o
    0x08002ef8   0x00000036   Code   RO         1461    i.HAL_TIM_PWM_Init  stm32f4xx_hal_tim.o
    0x08002f2e   0x00000002   Code   RO         1463    i.HAL_TIM_PWM_MspInit  stm32f4xx_hal_tim.o
    0x08002f30   0x00000002   Code   RO         1464    i.HAL_TIM_PWM_PulseFinishedCallback  stm32f4xx_hal_tim.o
    0x08002f32   0x00000002   PAD
    0x08002f34   0x00000038   Code   RO         1465    i.HAL_TIM_PWM_Start  stm32f4xx_hal_tim.o
    0x08002f6c   0x00000010   Code   RO         5360    i.HAL_TIM_PeriodElapsedCallback  global.o
    0x08002f7c   0x00000002   Code   RO         1475    i.HAL_TIM_TriggerCallback  stm32f4xx_hal_tim.o
    0x08002f7e   0x00000002   Code   RO         2281    i.HAL_UART_ErrorCallback  stm32f4xx_hal_uart.o
    0x08002f80   0x00000110   Code   RO         2284    i.HAL_UART_IRQHandler  stm32f4xx_hal_uart.o
    0x08003090   0x00000062   Code   RO         2285    i.HAL_UART_Init     stm32f4xx_hal_uart.o
    0x080030f2   0x00000002   PAD
    0x080030f4   0x0000005c   Code   RO          427    i.HAL_UART_MspInit  usart.o
    0x08003150   0x00000048   Code   RO         2290    i.HAL_UART_Receive_IT  stm32f4xx_hal_uart.o
    0x08003198   0x000000a4   Code   RO         5361    i.HAL_UART_RxCpltCallback  global.o
    0x0800323c   0x00000002   Code   RO         2296    i.HAL_UART_TxCpltCallback  stm32f4xx_hal_uart.o
    0x0800323e   0x0000005a   Code   RO         4809    i.HW_EscRead        el9800hw.o
    0x08003298   0x00000056   Code   RO         4810    i.HW_EscReadIsr     el9800hw.o
    0x080032ee   0x0000005a   Code   RO         4811    i.HW_EscWrite       el9800hw.o
    0x08003348   0x00000056   Code   RO         4812    i.HW_EscWriteIsr    el9800hw.o
    0x0800339e   0x00000002   PAD
    0x080033a0   0x0000001c   Code   RO         4813    i.HW_GetALEventRegister  el9800hw.o
    0x080033bc   0x00000018   Code   RO         4814    i.HW_GetALEventRegister_Isr  el9800hw.o
    0x080033d4   0x0000008a   Code   RO         4815    i.HW_Init           el9800hw.o
    0x0800345e   0x00000002   PAD
    0x08003460   0x00000080   Code   RO         4384    i.HandleBusCycleCalculation  ecatappl.o
    0x080034e0   0x00000002   Code   RO          532    i.HardFault_Handler  stm32f4xx_it.o
    0x080034e2   0x00000002   PAD
    0x080034e4   0x0000001c   Code   RO         5362    i.LED_Twinkle       global.o
    0x08003500   0x000000cc   Code   RO         4918    i.MBX_CheckAndCopyMailbox  mailbox.o
    0x080035cc   0x000000b0   Code   RO         4919    i.MBX_CopyToSendMailbox  mailbox.o
    0x0800367c   0x00000070   Code   RO         4920    i.MBX_Init          mailbox.o
    0x080036ec   0x00000060   Code   RO         4921    i.MBX_MailboxReadInd  mailbox.o
    0x0800374c   0x00000040   Code   RO         4922    i.MBX_MailboxRepeatReq  mailbox.o
    0x0800378c   0x00000078   Code   RO         4923    i.MBX_MailboxSendReq  mailbox.o
    0x08003804   0x00000068   Code   RO         4924    i.MBX_MailboxWriteInd  mailbox.o
    0x0800386c   0x0000004c   Code   RO         4925    i.MBX_Main          mailbox.o
    0x080038b8   0x00000070   Code   RO         4926    i.MBX_StartMailboxHandler  mailbox.o
    0x08003928   0x000000a4   Code   RO         4927    i.MBX_StopMailboxHandler  mailbox.o
    0x080039cc   0x000001ec   Code   RO          258    i.MX_GPIO_Init      gpio.o
    0x08003bb8   0x00000054   Code   RO          284    i.MX_I2C2_Init      i2c.o
    0x08003c0c   0x00000058   Code   RO          326    i.MX_SPI3_Init      spi.o
    0x08003c64   0x000000a8   Code   RO          369    i.MX_TIM4_Init      tim.o
    0x08003d0c   0x00000074   Code   RO          370    i.MX_TIM5_Init      tim.o
    0x08003d80   0x00000090   Code   RO          371    i.MX_TIM9_Init      tim.o
    0x08003e10   0x0000004c   Code   RO          428    i.MX_USART1_UART_Init  usart.o
    0x08003e5c   0x00000054   Code   RO          487    i.MX_USB_OTG_FS_PCD_Init  usb_otg.o
    0x08003eb0   0x00000012   Code   RO         4928    i.MailboxServiceInd  mailbox.o
    0x08003ec2   0x00000002   PAD
    0x08003ec4   0x00000020   Code   RO         4385    i.MainInit          ecatappl.o
    0x08003ee4   0x00000090   Code   RO         4386    i.MainLoop          ecatappl.o
    0x08003f74   0x00000002   Code   RO          533    i.MemManage_Handler  stm32f4xx_it.o
    0x08003f76   0x00000002   PAD
    0x08003f78   0x00000010   Code   RO         5441    i.MotorTools_ResetPWM  protocol.o
    0x08003f88   0x0000000c   Code   RO         5442    i.MotorTools_init   protocol.o
    0x08003f94   0x00000018   Code   RO         5443    i.MotorTools_setPWM  protocol.o
    0x08003fac   0x00000002   Code   RO          534    i.NMI_Handler       stm32f4xx_it.o
    0x08003fae   0x00000016   Code   RO         4549    i.NVIC_DisableIRQ   ecatslv.o
    0x08003fc4   0x00000016   Code   RO         5363    i.NVIC_DisableIRQ   global.o
    0x08003fda   0x00000016   Code   RO         4550    i.NVIC_EnableIRQ    ecatslv.o
    0x08003ff0   0x00000016   Code   RO         4817    i.NVIC_EnableIRQ    el9800hw.o
    0x08004006   0x00000016   Code   RO         5364    i.NVIC_EnableIRQ    global.o
    0x0800401c   0x00000020   Code   RO         3871    i.NVIC_SetPriority  stm32f4xx_hal_cortex.o
    0x0800403c   0x00000030   Code   RO         5024    i.OBJ_CopyNumberToString  objdef.o
    0x0800406c   0x00000094   Code   RO         5025    i.OBJ_GetDesc       objdef.o
    0x08004100   0x0000001e   Code   RO         5026    i.OBJ_GetEntryDesc  objdef.o
    0x0800411e   0x000000d0   Code   RO         5027    i.OBJ_GetEntryOffset  objdef.o
    0x080041ee   0x0000005a   Code   RO         5028    i.OBJ_GetNoOfObjects  objdef.o
    0x08004248   0x00000004   Code   RO         5029    i.OBJ_GetObjDesc    objdef.o
    0x0800424c   0x00000018   Code   RO         5030    i.OBJ_GetObjectHandle  objdef.o
    0x08004264   0x0000007c   Code   RO         5031    i.OBJ_GetObjectLength  objdef.o
    0x080042e0   0x0000009c   Code   RO         5032    i.OBJ_GetObjectList  objdef.o
    0x0800437c   0x0000035c   Code   RO         5033    i.OBJ_Read          objdef.o
    0x080046d8   0x000003dc   Code   RO         5034    i.OBJ_Write         objdef.o
    0x08004ab4   0x000000f8   Code   RO         4387    i.PDI_Isr           ecatappl.o
    0x08004bac   0x00000028   Code   RO         4388    i.PDO_InputMapping  ecatappl.o
    0x08004bd4   0x00000028   Code   RO         4389    i.PDO_OutputMapping  ecatappl.o
    0x08004bfc   0x00000002   Code   RO          535    i.PendSV_Handler    stm32f4xx_it.o
    0x08004bfe   0x00000026   Code   RO         4929    i.PutInMbxQueue     mailbox.o
    0x08004c24   0x00000028   Code   RO         5621    i.ReadGlobalSettings  setting.o
    0x08004c4c   0x00000034   Code   RO         4551    i.ResetALEventMask  ecatslv.o
    0x08004c80   0x000002d4   Code   RO         5123    i.SDOS_SdoInd       sdoserv.o
    0x08004f54   0x00000260   Code   RO         5124    i.SDOS_SdoInfoInd   sdoserv.o
    0x080051b4   0x00000090   Code   RO         5125    i.SDOS_SdoRes       sdoserv.o
    0x08005244   0x00000006   Code   RO         5226    i.SPIRead           spi1.o
    0x0800524a   0x00000026   Code   RO         5227    i.SPIReadBurstMode  spi1.o
    0x08005270   0x00000010   Code   RO         5228    i.SPIReadDRegister  spi1.o
    0x08005280   0x0000005c   Code   RO         5229    i.SPIReadDWord      spi1.o
    0x080052dc   0x000000e4   Code   RO         5230    i.SPIReadPDRamRegister  spi1.o
    0x080053c0   0x00000058   Code   RO         5231    i.SPIReadRegUsingCSR  spi1.o
    0x08005418   0x00000014   Code   RO         5232    i.SPISendAddr       spi1.o
    0x0800542c   0x00000024   Code   RO         5234    i.SPIWriteBurstMode  spi1.o
    0x08005450   0x00000054   Code   RO         5235    i.SPIWriteDWord     spi1.o
    0x080054a4   0x000000e8   Code   RO         5236    i.SPIWritePDRamRegister  spi1.o
    0x0800558c   0x00000058   Code   RO         5237    i.SPIWriteRegUsingCSR  spi1.o
    0x080055e4   0x00000010   Code   RO         5238    i.SPIWriteRegister  spi1.o
    0x080055f4   0x00000020   Code   RO         1108    i.SPI_CheckFlag_BSY  stm32f4xx_hal_spi.o
    0x08005614   0x00000096   Code   RO         1126    i.SPI_WaitFlagStateUntilTimeout  stm32f4xx_hal_spi.o
    0x080056aa   0x00000002   Code   RO          536    i.SVC_Handler       stm32f4xx_it.o
    0x080056ac   0x000001e4   Code   RO         5126    i.SdoDownloadSegmentInd  sdoserv.o
    0x08005890   0x000000b8   Code   RO         5127    i.SdoRes            sdoserv.o
    0x08005948   0x00000118   Code   RO         5128    i.SdoUploadSegmentInd  sdoserv.o
    0x08005a60   0x00000034   Code   RO         4552    i.SetALEventMask    ecatslv.o
    0x08005a94   0x0000003c   Code   RO         4553    i.SetALStatus       ecatslv.o
    0x08005ad0   0x0000001a   Code   RO         5622    i.Settings_Init     setting.o
    0x08005aea   0x00000002   PAD
    0x08005aec   0x00000014   Code   RO         5623    i.Settings_Restore  setting.o
    0x08005b00   0x000003d8   Code   RO         4554    i.StartInputHandler  ecatslv.o
    0x08005ed8   0x00000020   Code   RO         4555    i.StartOutputHandler  ecatslv.o
    0x08005ef8   0x00000054   Code   RO         5484    i.Stepper_ControlDir  stepper.o
    0x08005f4c   0x00000054   Code   RO         5485    i.Stepper_ControlStep  stepper.o
    0x08005fa0   0x00000018   Code   RO         5486    i.Stepper_Enable    stepper.o
    0x08005fb8   0x00000250   Code   RO         5487    i.Stepper_MainISR   stepper.o
    0x08006208   0x00000036   Code   RO         5488    i.Stepper_PortResetISR  stepper.o
    0x0800623e   0x00000002   PAD
    0x08006240   0x00000038   Code   RO         5489    i.Stepper_Timer_init  stepper.o
    0x08006278   0x0000005c   Code   RO         4556    i.StopInputHandler  ecatslv.o
    0x080062d4   0x00000010   Code   RO         4557    i.StopOutputHandler  ecatslv.o
    0x080062e4   0x00000118   Code   RO         4390    i.Sync0_Isr         ecatappl.o
    0x080063fc   0x0000003c   Code   RO         4391    i.Sync1_Isr         ecatappl.o
    0x08006438   0x0000000e   Code   RO          537    i.SysTick_Handler   stm32f4xx_it.o
    0x08006446   0x00000002   PAD
    0x08006448   0x000000a0   Code   RO           14    i.SystemClock_Config  main.o
    0x080064e8   0x00000054   Code   RO         4160    i.SystemInit        system_stm32f4xx.o
    0x0800653c   0x00000048   Code   RO         5490    i.TIM4_IRQHandler   stepper.o
    0x08006584   0x0000000c   Code   RO          538    i.TIM5_IRQHandler   stm32f4xx_it.o
    0x08006590   0x000000c0   Code   RO         1476    i.TIM_Base_SetConfig  stm32f4xx_hal_tim.o
    0x08006650   0x00000016   Code   RO         1477    i.TIM_CCxChannelCmd  stm32f4xx_hal_tim.o
    0x08006666   0x00000002   PAD
    0x08006668   0x000000a4   Code   RO         5328    i.TIM_Configuration  timer.o
    0x0800670c   0x00000014   Code   RO         1483    i.TIM_ETR_SetConfig  stm32f4xx_hal_tim.o
    0x08006720   0x00000010   Code   RO         1484    i.TIM_ITRx_SetConfig  stm32f4xx_hal_tim.o
    0x08006730   0x00000058   Code   RO         1485    i.TIM_OC1_SetConfig  stm32f4xx_hal_tim.o
    0x08006788   0x00000064   Code   RO         1486    i.TIM_OC2_SetConfig  stm32f4xx_hal_tim.o
    0x080067ec   0x00000060   Code   RO         1487    i.TIM_OC3_SetConfig  stm32f4xx_hal_tim.o
    0x0800684c   0x00000050   Code   RO         1488    i.TIM_OC4_SetConfig  stm32f4xx_hal_tim.o
    0x0800689c   0x00000022   Code   RO         1490    i.TIM_TI1_ConfigInputStage  stm32f4xx_hal_tim.o
    0x080068be   0x00000024   Code   RO         1492    i.TIM_TI2_ConfigInputStage  stm32f4xx_hal_tim.o
    0x080068e2   0x00000010   Code   RO         2298    i.UART_DMAAbortOnError  stm32f4xx_hal_uart.o
    0x080068f2   0x0000001c   Code   RO         2308    i.UART_EndRxTransfer  stm32f4xx_hal_uart.o
    0x0800690e   0x0000008c   Code   RO         2310    i.UART_Receive_IT   stm32f4xx_hal_uart.o
    0x0800699a   0x00000002   PAD
    0x0800699c   0x000002ac   Code   RO         2311    i.UART_SetConfig    stm32f4xx_hal_uart.o
    0x08006c48   0x00000062   Code   RO         2312    i.UART_Transmit_IT  stm32f4xx_hal_uart.o
    0x08006caa   0x00000002   PAD
    0x08006cac   0x0000000c   Code   RO          539    i.USART1_IRQHandler  stm32f4xx_it.o
    0x08006cb8   0x0000006c   Code   RO         2835    i.USB_CoreInit      stm32f4xx_ll_usb.o
    0x08006d24   0x00000038   Code   RO         2836    i.USB_CoreReset     stm32f4xx_ll_usb.o
    0x08006d5c   0x00000018   Code   RO         2840    i.USB_DevDisconnect  stm32f4xx_ll_usb.o
    0x08006d74   0x00000140   Code   RO         2841    i.USB_DevInit       stm32f4xx_ll_usb.o
    0x08006eb4   0x0000000c   Code   RO         2842    i.USB_DisableGlobalInt  stm32f4xx_ll_usb.o
    0x08006ec0   0x00000020   Code   RO         2851    i.USB_FlushRxFifo   stm32f4xx_ll_usb.o
    0x08006ee0   0x00000024   Code   RO         2852    i.USB_FlushTxFifo   stm32f4xx_ll_usb.o
    0x08006f04   0x0000002c   Code   RO         2870    i.USB_SetCurrentMode  stm32f4xx_ll_usb.o
    0x08006f30   0x00000030   Code   RO         4558    i.UpdateEEPROMLoadedState  ecatslv.o
    0x08006f60   0x00000002   Code   RO          540    i.UsageFault_Handler  stm32f4xx_it.o
    0x08006f62   0x00000002   PAD
    0x08006f64   0x0000000c   Code   RO         5365    i.Usart_Init        global.o
    0x08006f70   0x00000014   Code   RO         5366    i.Usart_putc        global.o
    0x08006f84   0x00000030   Code   RO         5239    i.WR_CMD            spi1.o
    0x08006fb4   0x00000020   Code   RO         5624    i.WriteGlobalSettings  setting.o
    0x08006fd4   0x00000002   Code   RO           15    i._Error_Handler    main.o
    0x08006fd6   0x0000000e   Code   RO         5738    i.__scatterload_copy  mc_w.l(handlers.o)
    0x08006fe4   0x00000002   Code   RO         5739    i.__scatterload_null  mc_w.l(handlers.o)
    0x08006fe6   0x0000000e   Code   RO         5740    i.__scatterload_zeroinit  mc_w.l(handlers.o)
    0x08006ff4   0x00000050   Code   RO         5677    i.free              mc_w.l(malloc.o)
    0x08007044   0x00000098   Code   RO           16    i.main              main.o
    0x080070dc   0x0000006c   Code   RO         5678    i.malloc            mc_w.l(malloc.o)
    0x08007148   0x00000010   Data   RO         4161    .constdata          system_stm32f4xx.o
    0x08007158   0x00000008   Data   RO         4162    .constdata          system_stm32f4xx.o
    0x08007160   0x0000000c   Data   RO         4223    .constdata          coeappl.o
    0x0800716c   0x00000012   Data   RO         4224    .constdata          coeappl.o
    0x0800717e   0x00000042   Data   RO         4225    .constdata          coeappl.o
    0x080071c0   0x00000014   Data   RO         4226    .constdata          coeappl.o
    0x080071d4   0x0000001e   Data   RO         4227    .constdata          coeappl.o
    0x080071f2   0x0000000f   Data   RO         4228    .constdata          coeappl.o
    0x08007201   0x0000000d   Data   RO         4229    .constdata          coeappl.o
    0x0800720e   0x0000000d   Data   RO         4230    .constdata          coeappl.o
    0x0800721b   0x00000001   PAD
    0x0800721c   0x00000006   Data   RO         4231    .constdata          coeappl.o
    0x08007222   0x0000000e   Data   RO         4232    .constdata          coeappl.o
    0x08007230   0x00000006   Data   RO         4233    .constdata          coeappl.o
    0x08007236   0x0000000a   Data   RO         4234    .constdata          coeappl.o
    0x08007240   0x00000006   Data   RO         4235    .constdata          coeappl.o
    0x08007246   0x00000007   Data   RO         4236    .constdata          coeappl.o
    0x0800724d   0x00000001   PAD
    0x0800724e   0x00000006   Data   RO         4237    .constdata          coeappl.o
    0x08007254   0x00000007   Data   RO         4238    .constdata          coeappl.o
    0x0800725b   0x00000001   PAD
    0x0800725c   0x00000006   Data   RO         4239    .constdata          coeappl.o
    0x08007262   0x0000000d   Data   RO         4240    .constdata          coeappl.o
    0x0800726f   0x00000001   PAD
    0x08007270   0x00000006   Data   RO         4241    .constdata          coeappl.o
    0x08007276   0x00000009   Data   RO         4242    .constdata          coeappl.o
    0x0800727f   0x00000001   PAD
    0x08007280   0x00000006   Data   RO         4243    .constdata          coeappl.o
    0x08007286   0x0000000a   Data   RO         4244    .constdata          coeappl.o
    0x08007290   0x00000006   Data   RO         4245    .constdata          coeappl.o
    0x08007296   0x0000000c   Data   RO         4246    .constdata          coeappl.o
    0x080072a2   0x00000006   Data   RO         4247    .constdata          coeappl.o
    0x080072a8   0x0000000c   Data   RO         4248    .constdata          coeappl.o
    0x080072b4   0x00000006   Data   RO         4249    .constdata          coeappl.o
    0x080072ba   0x0000000c   Data   RO         4250    .constdata          coeappl.o
    0x080072c6   0x00000006   Data   RO         4251    .constdata          coeappl.o
    0x080072cc   0x0000000c   Data   RO         4252    .constdata          coeappl.o
    0x080072d8   0x00000006   Data   RO         4253    .constdata          coeappl.o
    0x080072de   0x0000000c   Data   RO         4254    .constdata          coeappl.o
    0x080072ea   0x00000006   Data   RO         4255    .constdata          coeappl.o
    0x080072f0   0x0000000c   Data   RO         4256    .constdata          coeappl.o
    0x080072fc   0x00000006   Data   RO         4257    .constdata          coeappl.o
    0x08007302   0x0000000c   Data   RO         4258    .constdata          coeappl.o
    0x0800730e   0x00000012   Data   RO         4259    .constdata          coeappl.o
    0x08007320   0x00000049   Data   RO         4260    .constdata          coeappl.o
    0x08007369   0x00000001   PAD
    0x0800736a   0x00000018   Data   RO         4261    .constdata          coeappl.o
    0x08007382   0x00000014   Data   RO         4262    .constdata          coeappl.o
    0x08007396   0x00000006   Data   RO         4263    .constdata          coeappl.o
    0x0800739c   0x0000000c   Data   RO         4264    .constdata          coeappl.o
    0x080073a8   0x00000006   Data   RO         4265    .constdata          coeappl.o
    0x080073ae   0x0000000f   Data   RO         4266    .constdata          coeappl.o
    0x080073bd   0x00000001   PAD
    0x080073be   0x00000006   Data   RO         4267    .constdata          coeappl.o
    0x080073c4   0x0000000c   Data   RO         4268    .constdata          coeappl.o
    0x080073d0   0x00000006   Data   RO         4269    .constdata          coeappl.o
    0x080073d6   0x00000011   Data   RO         4270    .constdata          coeappl.o
    0x080073e7   0x00000001   PAD
    0x080073e8   0x00000006   Data   RO         4271    .constdata          coeappl.o
    0x080073ee   0x00000011   Data   RO         4272    .constdata          coeappl.o
    0x080073ff   0x00000001   PAD
    0x08007400   0x0000001e   Data   RO         4273    .constdata          coeappl.o
    0x0800741e   0x00000039   Data   RO         4274    .constdata          coeappl.o
    0x08007457   0x00000001   PAD
    0x08007458   0x00000012   Data   RO         4275    .constdata          coeappl.o
    0x0800746a   0x0000003f   Data   RO         4276    .constdata          coeappl.o
    0x080074a9   0x00000001   PAD
    0x080074aa   0x0000000c   Data   RO         4277    .constdata          coeappl.o
    0x080074b6   0x00000012   Data   RO         4278    .constdata          coeappl.o
    0x080074c8   0x000000c6   Data   RO         4279    .constdata          coeappl.o
    0x0800758e   0x00000100   Data   RO         4280    .constdata          coeappl.o
    0x0800768e   0x000000ff   Data   RO         4281    .constdata          coeappl.o
    0x0800778d   0x00000001   PAD
    0x0800778e   0x00000020   Data   RO         5036    .constdata          objdef.o
    0x080077ae   0x00000002   PAD
    0x080077b0   0x00000078   Data   RO         5130    .constdata          sdoserv.o
    0x08007828   0x00000020   Data   RO         5736    Region$$Table       anon$$obj.o


    Execution Region RW_IRAM1 (Base: 0x20000000, Size: 0x00001ad0, Max: 0x00020000, ABSOLUTE, COMPRESSED[0x00000290])

    Base Addr    Size         Type   Attr      Idx    E Section Name        Object

    0x20000000   0x0000000c   Data   RW         4013    .data               stm32f4xx_hal.o
    0x2000000c   0x00000004   Data   RW         4163    .data               system_stm32f4xx.o
    0x20000010   0x00000018   Data   RW         4282    .data               coeappl.o
    0x20000028   0x0000001a   Data   RW         4283    .data               coeappl.o
    0x20000042   0x00000002   PAD
    0x20000044   0x00000008   Data   RW         4284    .data               coeappl.o
    0x2000004c   0x0000052c   Data   RW         4285    .data               coeappl.o
    0x20000578   0x00000004   Data   RW         4286    .data               coeappl.o
    0x2000057c   0x00000002   Data   RW         4287    .data               coeappl.o
    0x2000057e   0x00000015   Data   RW         4288    .data               coeappl.o
    0x20000593   0x00000004   Data   RW         4289    .data               coeappl.o
    0x20000597   0x00000005   Data   RW         4290    .data               coeappl.o
    0x2000059c   0x00000014   Data   RW         4291    .data               coeappl.o
    0x200005b0   0x00000006   Data   RW         4292    .data               coeappl.o
    0x200005b6   0x00000002   PAD
    0x200005b8   0x00000008   Data   RW         4393    .data               ecatappl.o
    0x200005c0   0x00000001   Data   RW         4397    .data               ecatappl.o
    0x200005c1   0x00000003   PAD
    0x200005c4   0x00000004   Data   RW         4491    .data               ecatcoe.o
    0x200005c8   0x00000044   Data   RW         4559    .data               ecatslv.o
    0x2000060c   0x00000034   Data   RW         4720    .data               el9800appl.o
    0x20000640   0x0000002c   Data   RW         4721    .data               el9800appl.o
    0x2000066c   0x00000014   Data   RW         4722    .data               el9800appl.o
    0x20000680   0x00000006   Data   RW         4723    .data               el9800appl.o
    0x20000686   0x00000002   PAD
    0x20000688   0x00000010   Data   RW         4724    .data               el9800appl.o
    0x20000698   0x00000002   Data   RW         4818    .data               el9800hw.o
    0x2000069a   0x00000002   PAD
    0x2000069c   0x00000020   Data   RW         4931    .data               mailbox.o
    0x200006bc   0x0000000c   Data   RW         5037    .data               objdef.o
    0x200006c8   0x0000000e   Data   RW         5038    .data               objdef.o
    0x200006d6   0x00000002   Data   RW         5039    .data               objdef.o
    0x200006d8   0x00000034   Data   RW         5131    .data               sdoserv.o
    0x2000070c   0x00000004   Data   RW         5132    .data               sdoserv.o
    0x20000710   0x00000004   Data   RW         5367    .data               global.o
    0x20000714   0x00000001   Data   RW         5492    .data               stepper.o
    0x20000715   0x00000003   PAD
    0x20000718   0x00000004   Data   RW         5493    .data               stepper.o
    0x2000071c   0x00000001   Data   RW         5625    .data               setting.o
    0x2000071d   0x00000003   PAD
    0x20000720   0x00000004   Data   RW         5729    .data               mc_w.l(mvars.o)
    0x20000724   0x00000004   Data   RW         5730    .data               mc_w.l(mvars.o)
    0x20000728   0x00000054   Zero   RW          285    .bss                i2c.o
    0x2000077c   0x00000058   Zero   RW          327    .bss                spi.o
    0x200007d4   0x000000b4   Zero   RW          372    .bss                tim.o
    0x20000888   0x00000040   Zero   RW          431    .bss                usart.o
    0x200008c8   0x000003f0   Zero   RW          488    .bss                usb_otg.o
    0x20000cb8   0x00000020   Zero   RW         3287    .bss                stm32f4xx_hal_flash.o
    0x20000cd8   0x00000088   Zero   RW         4392    .bss                ecatappl.o
    0x20000d60   0x00000268   Zero   RW         4930    .bss                mailbox.o
    0x20000fc8   0x00000088   Zero   RW         5035    .bss                objdef.o
    0x20001050   0x0000000e   Zero   RW         5129    .bss                sdoserv.o
    0x2000105e   0x0000001e   Zero   RW         5444    .bss                protocol.o
    0x2000107c   0x00000054   Zero   RW         5491    .bss                stepper.o
    0x200010d0   0x00000400   Zero   RW         5560    .bss                eeprom.o
    0x200014d0   0x00000200   Zero   RW            2    HEAP                startup_stm32f407xx.o
    0x200016d0   0x00000400   Zero   RW            1    STACK               startup_stm32f407xx.o


==============================================================================

Image component sizes


      Code (inc. data)   RO Data    RW Data    ZI Data      Debug   Object Name

       592        106       1570       1444          0      15555   coeappl.o
      1028        238          0          9        136      34922   ecatappl.o
       122         28          0          4          0       3335   ecatcoe.o
      3758        158          0         68          0      19409   ecatslv.o
       464         88          0          0       1024       6356   eeprom.o
       854         80          0        138          0      10159   el9800appl.o
       564          8          0          2          0      36094   el9800hw.o
         6          0          0          0          0       1518   exit.o
       354         32          0          4          0       6623   global.o
       492         30          0          0          0       1207   gpio.o
       160         42          0          0         84       1653   i2c.o
      1322         96          0         32        616      13027   mailbox.o
       362         38          0          0          0     727194   main.o
      2820        116         32         28        136      19721   objdef.o
        52         16          0          0         30       1776   protocol.o
      2424         72        120         56         14      24107   sdoserv.o
       118         14          0          1          0       3829   setting.o
       160         36          0          0         88       1661   spi.o
       994         24          0          0          0      10717   spi1.o
        36          8        392          0       1536        852   startup_stm32f407xx.o
       966         66          0          5         84       6650   stepper.o
       180         28          0         12          0       4681   stm32f4xx_hal.o
       228         14          0          0          0      32185   stm32f4xx_hal_cortex.o
        36          0          0          0          0       1251   stm32f4xx_hal_dma.o
       516         66          0          0         32       6714   stm32f4xx_hal_flash.o
       356         24          0          0          0       4066   stm32f4xx_hal_flash_ex.o
       474         50          0          0          0       3732   stm32f4xx_hal_gpio.o
       264         10          0          0          0       3011   stm32f4xx_hal_i2c.o
       132          6          0          0          0        946   stm32f4xx_hal_msp.o
       190          0          0          0          0       1507   stm32f4xx_hal_pcd.o
      1272         82          0          0          0       5728   stm32f4xx_hal_rcc.o
       788          0          0          0          0       4960   stm32f4xx_hal_spi.o
      1982         98          0          0          0      20083   stm32f4xx_hal_tim.o
        84          0          0          0          0       2486   stm32f4xx_hal_tim_ex.o
      1412         14          0          0          0       7811   stm32f4xx_hal_uart.o
        72         12          0          0          0       6665   stm32f4xx_it.o
       632         36          0          0          0       6649   stm32f4xx_ll_usb.o
        84         18         24          4          0       1215   system_stm32f4xx.o
       608        100          0          0        180       3786   tim.o
       164         54          0          0          0      27407   timer.o
       168         38          0          0         64       2966   usart.o
       168         34          0          0       1008       1733   usb_otg.o

    ----------------------------------------------------------------------
     27510       1980       2184       1824       5032    1095947   Object Totals
         0          0         32          0          0          0   (incl. Generated)
        52          0         14         17          0          0   (incl. Padding)

    ----------------------------------------------------------------------

      Code (inc. data)   RO Data    RW Data    ZI Data      Debug   Library Member Name

        86          0          0          0          0          0   __dczerorl2.o
         0          0          0          0          0          0   entry.o
         0          0          0          0          0          0   entry10a.o
         0          0          0          0          0          0   entry11a.o
         8          4          0          0          0          0   entry2.o
         4          0          0          0          0          0   entry5.o
         0          0          0          0          0          0   entry7b.o
         0          0          0          0          0          0   entry8b.o
         8          4          0          0          0          0   entry9a.o
        30          0          0          0          0          0   handlers.o
        36          8          0          0          0         68   init.o
         0          0          0          0          0          0   iusefp.o
        30          0          0          0          0         68   llshl.o
        32          0          0          0          0         68   llushr.o
       188         20          0          0          0        160   malloc.o
        36          0          0          0          0         68   memcpya.o
        36          0          0          0          0        108   memseta.o
         0          0          0          8          0          0   mvars.o
        14          0          0          0          0         68   strlen.o
        98          0          0          0          0         92   uldiv.o
       186          0          0          0          0        176   depilogue.o
        50          0          0          0          0         76   dfixui.o
        26          0          0          0          0         76   dfltui.o
       228          0          0          0          0         96   dmul.o

    ----------------------------------------------------------------------
      1098         36          0          8          0       1124   Library Totals
         2          0          0          0          0          0   (incl. Padding)

    ----------------------------------------------------------------------

      Code (inc. data)   RO Data    RW Data    ZI Data      Debug   Library Name

       606         36          0          8          0        700   mc_w.l
       490          0          0          0          0        424   mf_w.l

    ----------------------------------------------------------------------
      1098         36          0          8          0       1124   Library Totals

    ----------------------------------------------------------------------

==============================================================================


      Code (inc. data)   RO Data    RW Data    ZI Data      Debug   

     28608       2016       2184       1832       5032    1070935   Grand Totals
     28608       2016       2184        656       5032    1070935   ELF Image Totals (compressed)
     28608       2016       2184        656          0          0   ROM Totals

==============================================================================

    Total RO  Size (Code + RO Data)                30792 (  30.07kB)
    Total RW  Size (RW Data + ZI Data)              6864 (   6.70kB)
    Total ROM Size (Code + RO Data + RW Data)      31448 (  30.71kB)

==============================================================================

