Component: ARM Compiler 5.06 update 6 (build 750) Tool: armlink [4d35ed]

==============================================================================

Section Cross References

    startup_stm32f407xx.o(RESET) refers to startup_stm32f407xx.o(STACK) for __initial_sp
    startup_stm32f407xx.o(RESET) refers to startup_stm32f407xx.o(.text) for Reset_Handler
    startup_stm32f407xx.o(RESET) refers to stm32f4xx_it.o(i.NMI_Handler) for NMI_Handler
    startup_stm32f407xx.o(RESET) refers to stm32f4xx_it.o(i.HardFault_Handler) for HardFault_Handler
    startup_stm32f407xx.o(RESET) refers to stm32f4xx_it.o(i.MemManage_Handler) for MemManage_Handler
    startup_stm32f407xx.o(RESET) refers to stm32f4xx_it.o(i.BusFault_Handler) for BusFault_Handler
    startup_stm32f407xx.o(RESET) refers to stm32f4xx_it.o(i.UsageFault_Handler) for UsageFault_Handler
    startup_stm32f407xx.o(RESET) refers to stm32f4xx_it.o(i.SVC_Handler) for SVC_Handler
    startup_stm32f407xx.o(RESET) refers to stm32f4xx_it.o(i.DebugMon_Handler) for DebugMon_Handler
    startup_stm32f407xx.o(RESET) refers to stm32f4xx_it.o(i.PendSV_Handler) for PendSV_Handler
    startup_stm32f407xx.o(RESET) refers to stm32f4xx_it.o(i.SysTick_Handler) for SysTick_Handler
    startup_stm32f407xx.o(RESET) refers to stm32f4xx_it.o(i.EXTI1_IRQHandler) for EXTI1_IRQHandler
    startup_stm32f407xx.o(RESET) refers to stm32f4xx_it.o(i.EXTI2_IRQHandler) for EXTI2_IRQHandler
    startup_stm32f407xx.o(RESET) refers to stm32f4xx_it.o(i.EXTI3_IRQHandler) for EXTI3_IRQHandler
    startup_stm32f407xx.o(RESET) refers to stepper.o(i.TIM4_IRQHandler) for TIM4_IRQHandler
    startup_stm32f407xx.o(RESET) refers to stm32f4xx_it.o(i.USART1_IRQHandler) for USART1_IRQHandler
    startup_stm32f407xx.o(RESET) refers to stm32f4xx_it.o(i.TIM5_IRQHandler) for TIM5_IRQHandler
    startup_stm32f407xx.o(.text) refers to system_stm32f4xx.o(i.SystemInit) for SystemInit
    startup_stm32f407xx.o(.text) refers to entry.o(.ARM.Collect$$$$00000000) for __main
    main.o(i.Boot_State) refers to stm32f4xx_hal_gpio.o(i.HAL_GPIO_TogglePin) for HAL_GPIO_TogglePin
    main.o(i.Boot_State) refers to stm32f4xx_hal.o(i.HAL_Delay) for HAL_Delay
    main.o(i.SystemClock_Config) refers to stm32f4xx_hal_rcc.o(i.HAL_RCC_OscConfig) for HAL_RCC_OscConfig
    main.o(i.SystemClock_Config) refers to stm32f4xx_hal_rcc.o(i.HAL_RCC_ClockConfig) for HAL_RCC_ClockConfig
    main.o(i.SystemClock_Config) refers to stm32f4xx_hal_rcc.o(i.HAL_RCC_GetHCLKFreq) for HAL_RCC_GetHCLKFreq
    main.o(i.SystemClock_Config) refers to stm32f4xx_hal_cortex.o(i.HAL_SYSTICK_Config) for HAL_SYSTICK_Config
    main.o(i.SystemClock_Config) refers to stm32f4xx_hal_cortex.o(i.HAL_SYSTICK_CLKSourceConfig) for HAL_SYSTICK_CLKSourceConfig
    main.o(i.SystemClock_Config) refers to stm32f4xx_hal_cortex.o(i.HAL_NVIC_SetPriority) for HAL_NVIC_SetPriority
    main.o(i.main) refers to stm32f4xx_hal.o(i.HAL_Init) for HAL_Init
    main.o(i.main) refers to main.o(i.SystemClock_Config) for SystemClock_Config
    main.o(i.main) refers to gpio.o(i.MX_GPIO_Init) for MX_GPIO_Init
    main.o(i.main) refers to usart.o(i.MX_USART1_UART_Init) for MX_USART1_UART_Init
    main.o(i.main) refers to usb_otg.o(i.MX_USB_OTG_FS_PCD_Init) for MX_USB_OTG_FS_PCD_Init
    main.o(i.main) refers to tim.o(i.MX_TIM9_Init) for MX_TIM9_Init
    main.o(i.main) refers to tim.o(i.MX_TIM4_Init) for MX_TIM4_Init
    main.o(i.main) refers to i2c.o(i.MX_I2C2_Init) for MX_I2C2_Init
    main.o(i.main) refers to spi.o(i.MX_SPI3_Init) for MX_SPI3_Init
    main.o(i.main) refers to tim.o(i.MX_TIM5_Init) for MX_TIM5_Init
    main.o(i.main) refers to protocol.o(i.MotorTools_init) for MotorTools_init
    main.o(i.main) refers to protocol.o(i.MotorTools_ResetPWM) for MotorTools_ResetPWM
    main.o(i.main) refers to protocol.o(i.IO_DeviceTools_init) for IO_DeviceTools_init
    main.o(i.main) refers to setting.o(i.Settings_Init) for Settings_Init
    main.o(i.main) refers to main.o(i.Boot_State) for Boot_State
    main.o(i.main) refers to global.o(i.Usart_Init) for Usart_Init
    main.o(i.main) refers to el9800hw.o(i.HW_Init) for HW_Init
    main.o(i.main) refers to ecatappl.o(i.MainInit) for MainInit
    main.o(i.main) refers to el9800appl.o(i.APPL_GenerateMapping) for APPL_GenerateMapping
    main.o(i.main) refers to stepper.o(i.Stepper_Enable) for Stepper_Enable
    main.o(i.main) refers to stepper.o(i.Stepper_Timer_init) for Stepper_Timer_init
    main.o(i.main) refers to home_limit.o(i.Home_limit_init) for Home_limit_init
    main.o(i.main) refers to mpu6050_handle.o(i.Angle_Limit_init) for Angle_Limit_init
    main.o(i.main) refers to iwdg.o(i.My_IWDG_SetReloadData) for My_IWDG_SetReloadData
    main.o(i.main) refers to ecatappl.o(i.MainLoop) for MainLoop
    main.o(i.main) refers to stm32f4xx_hal_iwdg.o(i.HAL_IWDG_Refresh) for HAL_IWDG_Refresh
    main.o(i.main) refers to global.o(i.LED_Twinkle) for LED_Twinkle
    main.o(i.main) refers to setting.o(i.WriteGlobalSettings) for WriteGlobalSettings
[...]
    SD_MPU6050_ReadGyroscope                 0x080067c5   Thumb Code    88  sd_hal_mpu6050.o(i.SD_MPU6050_ReadGyroscope)
    SD_MPU6050_ReadTemperature               0x0800681d   Thumb Code    94  sd_hal_mpu6050.o(i.SD_MPU6050_ReadTemperature)
    SD_MPU6050_SetAccelerometer              0x08006885   Thumb Code   142  sd_hal_mpu6050.o(i.SD_MPU6050_SetAccelerometer)
    SD_MPU6050_SetDataRate                   0x08006925   Thumb Code    40  sd_hal_mpu6050.o(i.SD_MPU6050_SetDataRate)
    SD_MPU6050_SetGyroscope                  0x0800694d   Thumb Code   142  sd_hal_mpu6050.o(i.SD_MPU6050_SetGyroscope)
    SPIRead                                  0x080069ed   Thumb Code     6  spi1.o(i.SPIRead)
    SPIReadBurstMode                         0x080069f3   Thumb Code    38  spi1.o(i.SPIReadBurstMode)
    SPIReadDRegister                         0x08006a19   Thumb Code    16  spi1.o(i.SPIReadDRegister)
    SPIReadDWord                             0x08006a29   Thumb Code    86  spi1.o(i.SPIReadDWord)
    SPIReadPDRamRegister                     0x08006a85   Thumb Code   224  spi1.o(i.SPIReadPDRamRegister)
    SPIReadRegUsingCSR                       0x08006b69   Thumb Code    88  spi1.o(i.SPIReadRegUsingCSR)
    SPISendAddr                              0x08006bc1   Thumb Code    20  spi1.o(i.SPISendAddr)
    SPIWriteBurstMode                        0x08006bd5   Thumb Code    36  spi1.o(i.SPIWriteBurstMode)
    SPIWriteDWord                            0x08006bf9   Thumb Code    78  spi1.o(i.SPIWriteDWord)
    SPIWritePDRamRegister                    0x08006c4d   Thumb Code   228  spi1.o(i.SPIWritePDRamRegister)
    SPIWriteRegUsingCSR                      0x08006d35   Thumb Code    88  spi1.o(i.SPIWriteRegUsingCSR)
    SPIWriteRegister                         0x08006d8d   Thumb Code    16  spi1.o(i.SPIWriteRegister)
    SVC_Handler                              0x08006e53   Thumb Code     2  stm32f4xx_it.o(i.SVC_Handler)
    SdoRes                                   0x08007039   Thumb Code   174  sdoserv.o(i.SdoRes)
    SetALEventMask                           0x08007209   Thumb Code    52  ecatslv.o(i.SetALEventMask)
    SetALStatus                              0x0800723d   Thumb Code    60  ecatslv.o(i.SetALStatus)
    Settings_Init                            0x0800727d   Thumb Code    26  setting.o(i.Settings_Init)
    Settings_Restore                         0x08007299   Thumb Code    42  setting.o(i.Settings_Restore)
    StartInputHandler                        0x080072c9   Thumb Code   960  ecatslv.o(i.StartInputHandler)
    StartOutputHandler                       0x080076b5   Thumb Code    28  ecatslv.o(i.StartOutputHandler)
    Stepper_ControlDir                       0x080076d5   Thumb Code    76  stepper.o(i.Stepper_ControlDir)
    Stepper_ControlStep                      0x08007729   Thumb Code    76  stepper.o(i.Stepper_ControlStep)
    Stepper_Enable                           0x0800777d   Thumb Code    18  stepper.o(i.Stepper_Enable)
    Stepper_MainISR                          0x08007795   Thumb Code   594  stepper.o(i.Stepper_MainISR)
    Stepper_PortResetISR                     0x080079f9   Thumb Code    54  stepper.o(i.Stepper_PortResetISR)
    Stepper_Timer_init                       0x08007a31   Thumb Code    76  stepper.o(i.Stepper_Timer_init)
    Stepper_setParam                         0x08007a81   Thumb Code   156  stepper.o(i.Stepper_setParam)
    StopInputHandler                         0x08007b2d   Thumb Code    78  ecatslv.o(i.StopInputHandler)
    StopOutputHandler                        0x08007b89   Thumb Code    10  ecatslv.o(i.StopOutputHandler)
    Sync0_Isr                                0x08007b99   Thumb Code   218  ecatappl.o(i.Sync0_Isr)
    Sync1_Isr                                0x08007cb1   Thumb Code    38  ecatappl.o(i.Sync1_Isr)
    SysTick_Handler                          0x08007ced   Thumb Code    14  stm32f4xx_it.o(i.SysTick_Handler)
    SystemClock_Config                       0x08007cfd   Thumb Code   156  main.o(i.SystemClock_Config)
    SystemInit                               0x08007da1   Thumb Code    66  system_stm32f4xx.o(i.SystemInit)
    System_GetControlState                   0x08007df5   Thumb Code    92  home_limit.o(i.System_GetControlState)
    System_LoopHandler                       0x08007e55   Thumb Code    38  home_limit.o(i.System_LoopHandler)
    TIM4_IRQHandler                          0x08007e81   Thumb Code    66  stepper.o(i.TIM4_IRQHandler)
    TIM5_IRQHandler                          0x08007ec9   Thumb Code     6  stm32f4xx_it.o(i.TIM5_IRQHandler)
    TIM_Base_SetConfig                       0x08007ed5   Thumb Code   148  stm32f4xx_hal_tim.o(i.TIM_Base_SetConfig)
    TIM_CCxChannelCmd                        0x08007f95   Thumb Code    22  stm32f4xx_hal_tim.o(i.TIM_CCxChannelCmd)
    TIM_Configuration                        0x08007fad   Thumb Code   110  timer.o(i.TIM_Configuration)
    TIM_OC2_SetConfig                        0x080080cd   Thumb Code    90  stm32f4xx_hal_tim.o(i.TIM_OC2_SetConfig)
    USART1_IRQHandler                        0x080085f1   Thumb Code     6  stm32f4xx_it.o(i.USART1_IRQHandler)
    USB_CoreInit                             0x080085fd   Thumb Code   104  stm32f4xx_ll_usb.o(i.USB_CoreInit)
    USB_DevDisconnect                        0x080086a1   Thumb Code    24  stm32f4xx_ll_usb.o(i.USB_DevDisconnect)
    USB_DevInit                              0x080086b9   Thumb Code   302  stm32f4xx_ll_usb.o(i.USB_DevInit)
    USB_DisableGlobalInt                     0x080087f9   Thumb Code    12  stm32f4xx_ll_usb.o(i.USB_DisableGlobalInt)
    USB_FlushRxFifo                          0x08008805   Thumb Code    28  stm32f4xx_ll_usb.o(i.USB_FlushRxFifo)
    USB_FlushTxFifo                          0x08008825   Thumb Code    32  stm32f4xx_ll_usb.o(i.USB_FlushTxFifo)
    USB_SetCurrentMode                       0x08008849   Thumb Code    44  stm32f4xx_ll_usb.o(i.USB_SetCurrentMode)
    UpdateEEPROMLoadedState                  0x08008875   Thumb Code    48  ecatslv.o(i.UpdateEEPROMLoadedState)
    UsageFault_Handler                       0x080088a9   Thumb Code     2  stm32f4xx_it.o(i.UsageFault_Handler)
    Usart_Init                               0x080088ad   Thumb Code     8  global.o(i.Usart_Init)
    WR_CMD                                   0x080088cd   Thumb Code    44  spi1.o(i.WR_CMD)
    WriteGlobalSettings                      0x080088fd   Thumb Code    28  setting.o(i.WriteGlobalSettings)
    _Error_Handler                           0x0800891d   Thumb Code     2  main.o(i._Error_Handler)
    __0printf                                0x08008921   Thumb Code    22  printfa.o(i.__0printf)
    __1printf                                0x08008921   Thumb Code     0  printfa.o(i.__0printf)
    __2printf                                0x08008921   Thumb Code     0  printfa.o(i.__0printf)
    __c89printf                              0x08008921   Thumb Code     0  printfa.o(i.__0printf)
    printf                                   0x08008921   Thumb Code     0  printfa.o(i.__0printf)
    __hardfp_acos                            0x08008941   Thumb Code   738  acos.o(i.__hardfp_acos)
    __kernel_poly                            0x08008c99   Thumb Code   248  poly.o(i.__kernel_poly)
    __mathlib_dbl_infnan                     0x08008d91   Thumb Code    20  dunder.o(i.__mathlib_dbl_infnan)
    __mathlib_dbl_invalid                    0x08008da9   Thumb Code    24  dunder.o(i.__mathlib_dbl_invalid)
    __scatterload_copy                       0x08008dc9   Thumb Code    14  handlers.o(i.__scatterload_copy)
    __scatterload_null                       0x08008dd7   Thumb Code     2  handlers.o(i.__scatterload_null)
    __scatterload_zeroinit                   0x08008dd9   Thumb Code    14  handlers.o(i.__scatterload_zeroinit)
    __set_errno                              0x08008de9   Thumb Code     6  errno.o(i.__set_errno)
    fputc                                    0x080096a9   Thumb Code    14  usart.o(i.fputc)
    free                                     0x080096bd   Thumb Code    76  malloc.o(i.free)
    main                                     0x0800970d   Thumb Code   188  main.o(i.main)
    malloc                                   0x080097e9   Thumb Code    92  malloc.o(i.malloc)
    sqrt                                     0x08009855   Thumb Code   110  sqrt.o(i.sqrt)
    AHBPrescTable                            0x080098c2   Data          16  system_stm32f4xx.o(.constdata)
    APBPrescTable                            0x080098d2   Data           8  system_stm32f4xx.o(.constdata)
    asPDOAssignEntryDesc                     0x080098da   Data          12  coeappl.o(.constdata)
    asEntryDesc0x0800                        0x080098e6   Data          18  coeappl.o(.constdata)
    asEntryDesc0x1600                        0x080098f8   Data          72  coeappl.o(.constdata)
    aName0x1600                              0x08009940   Data          20  coeappl.o(.constdata)
    asEntryDesc0x1A00                        0x08009954   Data          54  coeappl.o(.constdata)
    aName0x1A00                              0x0800998a   Data          15  coeappl.o(.constdata)
    aName0x1C12                              0x08009999   Data          13  coeappl.o(.constdata)
    aName0x1C13                              0x080099a6   Data          13  coeappl.o(.constdata)
    asEntryDesc0x6000                        0x080099b4   Data           6  coeappl.o(.constdata)
    aName0x6000                              0x080099ba   Data          12  coeappl.o(.constdata)
    asEntryDesc0x6010                        0x080099c6   Data           6  coeappl.o(.constdata)
    aName0x6010                              0x080099cc   Data          14  coeappl.o(.constdata)
    asEntryDesc0x6020                        0x080099da   Data           6  coeappl.o(.constdata)
    aName0x6020                              0x080099e0   Data          10  coeappl.o(.constdata)
    asEntryDesc0x6030                        0x080099ea   Data           6  coeappl.o(.constdata)
    aName0x6030                              0x080099f0   Data          14  coeappl.o(.constdata)
    asEntryDesc0x6040                        0x080099fe   Data           6  coeappl.o(.constdata)
    aName0x6040                              0x08009a04   Data          12  coeappl.o(.constdata)
    asEntryDesc0x6050                        0x08009a10   Data           6  coeappl.o(.constdata)
    aName0x6050                              0x08009a16   Data           7  coeappl.o(.constdata)
    asEntryDesc0x6060                        0x08009a1e   Data           6  coeappl.o(.constdata)
    aName0x6060                              0x08009a24   Data           7  coeappl.o(.constdata)
    asEntryDesc0x6070                        0x08009a2c   Data           6  coeappl.o(.constdata)
    aName0x6070                              0x08009a32   Data           7  coeappl.o(.constdata)
    asEntryDesc0x7000                        0x08009a3a   Data           6  coeappl.o(.constdata)
    aName0x7000                              0x08009a40   Data          10  coeappl.o(.constdata)
    asEntryDesc0x7010                        0x08009a4a   Data           6  coeappl.o(.constdata)
    aName0x7010                              0x08009a50   Data          13  coeappl.o(.constdata)
    asEntryDesc0x7020                        0x08009a5e   Data           6  coeappl.o(.constdata)
    aName0x7020                              0x08009a64   Data           9  coeappl.o(.constdata)
    asEntryDesc0x7030                        0x08009a6e   Data           6  coeappl.o(.constdata)
    aName0x7030                              0x08009a74   Data          10  coeappl.o(.constdata)
    asEntryDesc0x7040                        0x08009a7e   Data           6  coeappl.o(.constdata)
    aName0x7040                              0x08009a84   Data          12  coeappl.o(.constdata)
    asEntryDesc0x7050                        0x08009a90   Data           6  coeappl.o(.constdata)
    aName0x7050                              0x08009a96   Data          12  coeappl.o(.constdata)
    asEntryDesc0x7060                        0x08009aa2   Data           6  coeappl.o(.constdata)
    aName0x7060                              0x08009aa8   Data          12  coeappl.o(.constdata)
    asEntryDesc0x7070                        0x08009ab4   Data           6  coeappl.o(.constdata)
    aName0x7070                              0x08009aba   Data          12  coeappl.o(.constdata)
    asEntryDesc0x7080                        0x08009ac6   Data           6  coeappl.o(.constdata)
    aName0x7080                              0x08009acc   Data          12  coeappl.o(.constdata)
    asEntryDesc0x7090                        0x08009ad8   Data           6  coeappl.o(.constdata)
    aName0x7090                              0x08009ade   Data          12  coeappl.o(.constdata)
    asEntryDesc0x70a0                        0x08009aea   Data           6  coeappl.o(.constdata)
    aName0x70a0                              0x08009af0   Data          12  coeappl.o(.constdata)
    asEntryDesc0xF000                        0x08009afc   Data          18  coeappl.o(.constdata)
    aName0xF000                              0x08009b0e   Data          73  coeappl.o(.constdata)
    asEntryDesc0xF010                        0x08009b58   Data          24  coeappl.o(.constdata)
    aName0xF010                              0x08009b70   Data          20  coeappl.o(.constdata)
    sEntryDesc0x1000                         0x08009b84   Data           6  coeappl.o(.constdata)
    aName0x1000                              0x08009b8a   Data          12  coeappl.o(.constdata)
    sEntryDesc0x1001                         0x08009b96   Data           6  coeappl.o(.constdata)
    aName0x1001                              0x08009b9c   Data          15  coeappl.o(.constdata)
    sEntryDesc0x1008                         0x08009bac   Data           6  coeappl.o(.constdata)
    aName0x1008                              0x08009bb2   Data          12  coeappl.o(.constdata)
    sEntryDesc0x1009                         0x08009bbe   Data           6  coeappl.o(.constdata)
    aName0x1009                              0x08009bc4   Data          17  coeappl.o(.constdata)
    sEntryDesc0x100A                         0x08009bd6   Data           6  coeappl.o(.constdata)
    aName0x100A                              0x08009bdc   Data          17  coeappl.o(.constdata)
    asEntryDesc0x1018                        0x08009bee   Data          30  coeappl.o(.constdata)
    aName0x1018                              0x08009c0c   Data          57  coeappl.o(.constdata)
    asEntryDesc0x10F1                        0x08009c46   Data          18  coeappl.o(.constdata)
    aName0x10F1                              0x08009c58   Data          63  coeappl.o(.constdata)
    asEntryDesc0x1C00                        0x08009c98   Data          12  coeappl.o(.constdata)
    aName0x1C00                              0x08009ca4   Data          18  coeappl.o(.constdata)
    asEntryDesc0x1C3x                        0x08009cb6   Data         198  coeappl.o(.constdata)
    aName0x1C32                              0x08009d7c   Data         256  coeappl.o(.constdata)
    aName0x1C33                              0x08009e7c   Data         255  coeappl.o(.constdata)
    cBitMask                                 0x08009f7c   Data          32  objdef.o(.constdata)
    cAbortCode                               0x08009f9c   Data         120  sdoserv.o(.constdata)
    Region$$Table$$Base                      0x0800a068   Number         0  anon$$obj.o(Region$$Table)
    Region$$Table$$Limit                     0x0800a088   Number         0  anon$$obj.o(Region$$Table)
    __stdout                                 0x20000000   Data           4  usart.o(.data)
    uwTickFreq                               0x20000004   Data           1  stm32f4xx_hal.o(.data)
    uwTickPrio                               0x20000008   Data           4  stm32f4xx_hal.o(.data)
    uwTick                                   0x2000000c   Data           4  stm32f4xx_hal.o(.data)
    SystemCoreClock                          0x20000010   Data           4  system_stm32f4xx.o(.data)
    sEnum0800_Value00                        0x20000014   Data          24  coeappl.o(.data)
    sEnum0800_Value01                        0x2000002c   Data          26  coeappl.o(.data)
    apEnum0800                               0x20000048   Data           8  coeappl.o(.data)
    ObjDicList                               0x20000050   Data           4  coeappl.o(.data)
    ApplicationObjDic                        0x20000054   Data        1080  coeappl.o(.data)
    GenObjDic                                0x2000048c   Data         440  coeappl.o(.data)
    u32Devicetype                            0x20000644   Data           4  coeappl.o(.data)
    u16ErrorRegister                         0x20000648   Data           2  coeappl.o(.data)
    acDevicename                             0x2000064a   Data          21  coeappl.o(.data)
    acHardwareversion                        0x2000065f   Data           4  coeappl.o(.data)
    acSoftwareversion                        0x20000663   Data           5  coeappl.o(.data)
    sIdentity                                0x20000668   Data          20  coeappl.o(.data)
    sSyncmanagertype                         0x2000067c   Data           6  coeappl.o(.data)
    bInitFinished                            0x20000684   Data           1  ecatappl.o(.data)
    bCycleTimeMeasurementStarted             0x20000685   Data           1  ecatappl.o(.data)
    u16BusCycleCntMs                         0x20000686   Data           2  ecatappl.o(.data)
    StartTimerCnt                            0x20000688   Data           4  ecatappl.o(.data)
    bRunApplication                          0x2000068c   Data           1  ecatappl.o(.data)
    pCoeSendStored                           0x20000690   Data           4  ecatcoe.o(.data)
    EepromLoaded                             0x20000694   Data           1  ecatslv.o(.data)
    bEcatOutputUpdateRunning                 0x20000695   Data           1  ecatslv.o(.data)
    bEcatInputUpdateRunning                  0x20000696   Data           1  ecatslv.o(.data)
    bEcatFirstOutputsReceived                0x20000697   Data           1  ecatslv.o(.data)
    bWdTrigger                               0x20000698   Data           1  ecatslv.o(.data)
    bDcSyncActive                            0x20000699   Data           1  ecatslv.o(.data)
    bDcRunning                               0x2000069a   Data           1  ecatslv.o(.data)
    bSmSyncSequenceValid                     0x2000069b   Data           1  ecatslv.o(.data)
    bEscIntEnabled                           0x2000069c   Data           1  ecatslv.o(.data)
    b3BufferMode                             0x2000069d   Data           1  ecatslv.o(.data)
    bLocalErrorFlag                          0x2000069e   Data           1  ecatslv.o(.data)
    bApplEsmPending                          0x2000069f   Data           1  ecatslv.o(.data)
    bEcatWaitForAlControlRes                 0x200006a0   Data           1  ecatslv.o(.data)
    nMaxSyncMan                              0x200006a1   Data           1  ecatslv.o(.data)
    nAlStatus                                0x200006a2   Data           1  ecatslv.o(.data)
    SMActivate                               0x200006a4   Data           2  ecatslv.o(.data)
    EsmTimeoutCounter                        0x200006a6   Data           2  ecatslv.o(.data)
    u16SmSync0Counter                        0x200006a8   Data           2  ecatslv.o(.data)
    u16SmSync0Value                          0x200006aa   Data           2  ecatslv.o(.data)
    i16WaitForPllRunningTimeout              0x200006ac   Data           2  ecatslv.o(.data)
    i16WaitForPllRunningCnt                  0x200006ae   Data           2  ecatslv.o(.data)
    Sync0WdCounter                           0x200006b0   Data           2  ecatslv.o(.data)
    Sync0WdValue                             0x200006b2   Data           2  ecatslv.o(.data)
    Sync1WdCounter                           0x200006b4   Data           2  ecatslv.o(.data)
    Sync1WdValue                             0x200006b6   Data           2  ecatslv.o(.data)
    LatchInputSync0Value                     0x200006b8   Data           2  ecatslv.o(.data)
    LatchInputSync0Counter                   0x200006ba   Data           2  ecatslv.o(.data)
    u16LocalErrorCode                        0x200006bc   Data           2  ecatslv.o(.data)
    nEcatStateTrans                          0x200006be   Data           2  ecatslv.o(.data)
    nPdInputSize                             0x200006c0   Data           2  ecatslv.o(.data)
    nPdOutputSize                            0x200006c2   Data           2  ecatslv.o(.data)
    nMaxEscAddress                           0x200006c4   Data           2  ecatslv.o(.data)
    EcatWdValue                              0x200006c6   Data           2  ecatslv.o(.data)
    nEscAddrOutputData                       0x200006c8   Data           2  ecatslv.o(.data)
    nEscAddrInputData                        0x200006ca   Data           2  ecatslv.o(.data)
    u16ALEventMask                           0x200006cc   Data           2  ecatslv.o(.data)
    u16dummy                                 0x200006ce   Data           2  ecatslv.o(.data)
    SyncManInfo                              0x200006d0   Data           8  ecatslv.o(.data)
    MOTOR_MESSAGE_Obj6010                    0x200006d8   Data           2  el9800appl.o(.data)
    ERROR_MSG_Obj6020                        0x200006da   Data           2  el9800appl.o(.data)
    MACHINE_PARAM_Obj6030                    0x200006dc   Data           2  el9800appl.o(.data)
    LIMIT_STATE_Obj6040                      0x200006de   Data           2  el9800appl.o(.data)
    AD_CH1_Obj6050                           0x200006e0   Data           2  el9800appl.o(.data)
    AD_CH2_Obj6060                           0x200006e2   Data           2  el9800appl.o(.data)
    AD_CH3_Obj6070                           0x200006e4   Data           2  el9800appl.o(.data)
    IO_OUTPUT_Obj7000                        0x200006e6   Data           2  el9800appl.o(.data)
    STEP_SETTING_Obj7010                     0x200006e8   Data           2  el9800appl.o(.data)
    STEP_FRE_Obj7020                         0x200006ea   Data           2  el9800appl.o(.data)
    MOTOR_DIR_Obj7030                        0x200006ec   Data           2  el9800appl.o(.data)
    MOTOR_COUNT_Obj6000                      0x200006f0   Data           4  el9800appl.o(.data)
    MOTOR1_STEP_Obj7040                      0x200006f4   Data           4  el9800appl.o(.data)
    MOTOR2_STEP_Obj7050                      0x200006f8   Data           4  el9800appl.o(.data)
    MOTOR3_STEP_Obj7060                      0x200006fc   Data           4  el9800appl.o(.data)
    MOTOR4_STEP_Obj7070                      0x20000700   Data           4  el9800appl.o(.data)
    MOTOR5_STEP_Obj7080                      0x20000704   Data           4  el9800appl.o(.data)
    MOTOR6_STEP_Obj7090                      0x20000708   Data           4  el9800appl.o(.data)
    MOTOR7_STEP_Obj70a0                      0x2000070c   Data           4  el9800appl.o(.data)
    sRxPDOassign                             0x20000710   Data           4  el9800appl.o(.data)
    sTxPDOassign                             0x20000714   Data           4  el9800appl.o(.data)
    sDORxPDOMap                              0x20000718   Data          48  el9800appl.o(.data)
    sDITxPDOMap                              0x20000748   Data          36  el9800appl.o(.data)
    sModulardeviceprofile                    0x2000076c   Data           6  el9800appl.o(.data)
    sModulelist                              0x20000774   Data          16  el9800appl.o(.data)
    EscALEvent                               0x20000784   Data           2  el9800hw.o(.data)
    bReceiveMbxIsLocked                      0x20000788   Data           1  mailbox.o(.data)
    bSendMbxIsFull                           0x20000789   Data           1  mailbox.o(.data)
    bMbxRunning                              0x2000078a   Data           1  mailbox.o(.data)
    bMbxRepeatToggle                         0x2000078b   Data           1  mailbox.o(.data)
    u8MbxWriteCounter                        0x2000078c   Data           1  mailbox.o(.data)
    u8MbxReadCounter                         0x2000078d   Data           1  mailbox.o(.data)
    u8MailboxSendReqStored                   0x2000078e   Data           1  mailbox.o(.data)
    bNoMbxMemoryAvailable                    0x2000078f   Data           1  mailbox.o(.data)
    u16SendMbxSize                           0x20000790   Data           2  mailbox.o(.data)
    u16ReceiveMbxSize                        0x20000792   Data           2  mailbox.o(.data)
    u16EscAddrReceiveMbx                     0x20000794   Data           2  mailbox.o(.data)
    u16EscAddrSendMbx                        0x20000796   Data           2  mailbox.o(.data)
    psWriteMbx                               0x20000798   Data           4  mailbox.o(.data)
    psReadMbx                                0x2000079c   Data           4  mailbox.o(.data)
    psRepeatMbx                              0x200007a0   Data           4  mailbox.o(.data)
    psStoreMbx                               0x200007a4   Data           4  mailbox.o(.data)
    sErrorSettings                           0x200007a8   Data          12  objdef.o(.data)
    bSyncSetByUser                           0x200007b4   Data           1  objdef.o(.data)
    aSubindexDesc                            0x200007b5   Data          13  objdef.o(.data)
    sCycleDiag                               0x200007c2   Data           2  objdef.o(.data)
    bSdoInWork                               0x200007c4   Data           1  sdoserv.o(.data)
    u8PendingSdo                             0x200007c5   Data           1  sdoserv.o(.data)
    bStoreCompleteAccess                     0x200007c6   Data           1  sdoserv.o(.data)
    u8StoreSubindex                          0x200007c7   Data           1  sdoserv.o(.data)
    nSdoSegService                           0x200007c8   Data           1  sdoserv.o(.data)
    bSdoSegFollows                           0x200007c9   Data           1  sdoserv.o(.data)
    bSdoSegAccess                            0x200007ca   Data           1  sdoserv.o(.data)
    nSdoSegSubindex                          0x200007cb   Data           1  sdoserv.o(.data)
    bSdoSegLastToggle                        0x200007cc   Data           1  sdoserv.o(.data)
    u16StoreIndex                            0x200007ce   Data           2  sdoserv.o(.data)
    nSdoInfoFragmentsLeft                    0x200007d0   Data           2  sdoserv.o(.data)
    nSdoInfoIndex                            0x200007d2   Data           2  sdoserv.o(.data)
    nSdoSegIndex                             0x200007d4   Data           2  sdoserv.o(.data)
    u32StoreDataSize                         0x200007d8   Data           4  sdoserv.o(.data)
    pStoreData                               0x200007dc   Data           4  sdoserv.o(.data)
    pSdoPendFunc                             0x200007e0   Data           4  sdoserv.o(.data)
    pSdoSegData                              0x200007e4   Data           4  sdoserv.o(.data)
    pSdoResStored                            0x200007e8   Data           4  sdoserv.o(.data)
    nSdoSegBytesToHandle                     0x200007ec   Data           4  sdoserv.o(.data)
    nSdoSegCompleteSize                      0x200007f0   Data           4  sdoserv.o(.data)
    pSdoSegObjEntry                          0x200007f4   Data           4  sdoserv.o(.data)
    pSdoInfoObjEntry                         0x200007f8   Data           4  sdoserv.o(.data)
    Cmd_state                                0x200007fc   Data           1  global.o(.data)
    Cmd_type                                 0x200007fd   Data           1  global.o(.data)
    Is_setting_to_flash                      0x200007fe   Data           1  global.o(.data)
    Stepper_isAutoRun                        0x200007ff   Data           1  stepper.o(.data)
    Stepper_isWaitLimit                      0x20000800   Data           1  stepper.o(.data)
    Step_TimerCount                          0x20000804   Data           4  stepper.o(.data)
    Is_ethercat_init                         0x20000808   Data           1  home_limit.o(.data)
    __microlib_freelist                      0x2000080c   Data           4  mvars.o(.data)
    __microlib_freelist_initialised          0x20000810   Data           4  mvars.o(.data)
    hi2c2                                    0x20000818   Data          84  i2c.o(.bss)
    hiwdg                                    0x2000086c   Data          12  iwdg.o(.bss)
    hspi3                                    0x20000878   Data          88  spi.o(.bss)
    htim4                                    0x200008d0   Data          60  tim.o(.bss)
    htim5                                    0x2000090c   Data          60  tim.o(.bss)
    htim9                                    0x20000948   Data          60  tim.o(.bss)
    huart1                                   0x20000984   Data          64  usart.o(.bss)
    hpcd_USB_OTG_FS                          0x200009c4   Data        1008  usb_otg.o(.bss)
    pFlash                                   0x20000db4   Data          32  stm32f4xx_hal_flash.o(.bss)
    aPdOutputData                            0x20000dd4   Data          68  ecatappl.o(.bss)
    aPdInputData                             0x20000e18   Data          68  ecatappl.o(.bss)
    asMbx                                    0x20000e5c   Data         512  mailbox.o(.bss)
    sMbxSendQueue                            0x2000105c   Data          52  mailbox.o(.bss)
    sMbxReceiveQueue                         0x20001090   Data          52  mailbox.o(.bss)
    sSyncManOutPar                           0x200010c4   Data          68  objdef.o(.bss)
    sSyncManInPar                            0x20001108   Data          68  objdef.o(.bss)
    aSdoInfoHeader                           0x2000114c   Data          14  sdoserv.o(.bss)
    Uart_data_rsv                            0x2000115a   Data         100  global.o(.bss)
    Ethercat_data                            0x200011c0   Data          60  protocol.o(.bss)
    Stepper_data                             0x200011fc   Data          60  stepper.o(.bss)
    Sys_position                             0x20001238   Data          24  stepper.o(.bss)
    settings                                 0x20001650   Data          12  setting.o(.bss)
    Contol_key_state                         0x2000165c   Data          12  home_limit.o(.bss)
    mpu1                                     0x20001668   Data          28  mpu6050_handle.o(.bss)
    Angle_limit                              0x20001684   Data          96  mpu6050_handle.o(.bss)
    __heap_base                              0x200016e8   Data           0  startup_stm32f407xx.o(HEAP)
    __heap_limit                             0x200018e8   Data           0  startup_stm32f407xx.o(HEAP)
    __initial_sp                             0x20001ce8   Data           0  startup_stm32f407xx.o(STACK)



==============================================================================

Memory Map of the image

  Image Entry point : 0x08000189

  Load Region LR_IROM1 (Base: 0x08000000, Size: 0x0000a8a0, Max: 0x00100000, ABSOLUTE, COMPRESSED[0x0000a36c])

    Execution Region ER_IROM1 (Exec base: 0x08000000, Load base: 0x08000000, Size: 0x0000a088, Max: 0x00100000, ABSOLUTE)

    Exec Addr    Load Addr    Size         Type   Attr      Idx    E Section Name        Object

    0x08000000   0x08000000   0x00000188   Data   RO            3    RESET               startup_stm32f407xx.o
    0x08000188   0x08000188   0x00000000   Code   RO         6031  * .ARM.Collect$$$$00000000  mc_w.l(entry.o)
    0x08000188   0x08000188   0x00000004   Code   RO         6369    .ARM.Collect$$$$00000001  mc_w.l(entry2.o)
    0x0800018c   0x0800018c   0x00000004   Code   RO         6372    .ARM.Collect$$$$00000004  mc_w.l(entry5.o)
    0x08000190   0x08000190   0x00000000   Code   RO         6374    .ARM.Collect$$$$00000008  mc_w.l(entry7b.o)
    0x08000190   0x08000190   0x00000000   Code   RO         6376    .ARM.Collect$$$$0000000A  mc_w.l(entry8b.o)
    0x08000190   0x08000190   0x00000008   Code   RO         6377    .ARM.Collect$$$$0000000B  mc_w.l(entry9a.o)
    0x08000198   0x08000198   0x00000000   Code   RO         6379    .ARM.Collect$$$$0000000D  mc_w.l(entry10a.o)
    0x08000198   0x08000198   0x00000000   Code   RO         6381    .ARM.Collect$$$$0000000F  mc_w.l(entry11a.o)
    0x08000198   0x08000198   0x00000004   Code   RO         6370    .ARM.Collect$$$$00002712  mc_w.l(entry2.o)
    0x0800019c   0x0800019c   0x00000024   Code   RO            4    .text               startup_stm32f407xx.o
    0x080001c0   0x080001c0   0x00000062   Code   RO         6034    .text               mc_w.l(uldiv.o)
    0x08000222   0x08000222   0x00000024   Code   RO         6036    .text               mc_w.l(memcpya.o)
    0x08000246   0x08000246   0x00000024   Code   RO         6038    .text               mc_w.l(memseta.o)
    0x0800026a   0x0800026a   0x0000000e   Code   RO         6040    .text               mc_w.l(strlen.o)
    0x08000278   0x08000278   0x000000e4   Code   RO         6333    .text               mf_w.l(dmul.o)
    0x0800035c   0x0800035c   0x00000022   Code   RO         6335    .text               mf_w.l(dflti.o)
    0x0800037e   0x0800037e   0x00000026   Code   RO         6337    .text               mf_w.l(f2d.o)
    0x080003a4   0x080003a4   0x00000038   Code   RO         6339    .text               mf_w.l(d2f.o)
    0x080003dc   0x080003dc   0x0000002c   Code   RO         6383    .text               mc_w.l(uidiv.o)
    0x08000408   0x08000408   0x0000001e   Code   RO         6385    .text               mc_w.l(llshl.o)
    0x08000426   0x08000426   0x00000020   Code   RO         6387    .text               mc_w.l(llushr.o)
    0x08000446   0x08000446   0x00000000   Code   RO         6398    .text               mc_w.l(iusefp.o)
    0x08000446   0x08000446   0x0000006e   Code   RO         6399    .text               mf_w.l(fepilogue.o)
    0x080004b4   0x080004b4   0x000000ba   Code   RO         6401    .text               mf_w.l(depilogue.o)
    0x0800056e   0x0800056e   0x0000014e   Code   RO         6403    .text               mf_w.l(dadd.o)
    0x080006bc   0x080006bc   0x000000de   Code   RO         6405    .text               mf_w.l(ddiv.o)
    0x0800079a   0x0800079a   0x00000030   Code   RO         6407    .text               mf_w.l(dfixul.o)
    0x080007ca   0x080007ca   0x00000002   PAD
    0x080007cc   0x080007cc   0x00000030   Code   RO         6409    .text               mf_w.l(cdrcmple.o)
    0x080007fc   0x080007fc   0x00000024   Code   RO         6411    .text               mc_w.l(init.o)
    0x08000820   0x08000820   0x00000024   Code   RO         6413    .text               mc_w.l(llsshr.o)
    0x08000844   0x08000844   0x000000a2   Code   RO         6415    .text               mf_w.l(dsqrt.o)
    0x080008e6   0x080008e6   0x00000056   Code   RO         6427    .text               mc_w.l(__dczerorl2.o)
    0x0800093c   0x0800093c   0x00000354   Code   RO         4628    i.AL_ControlInd     ecatslv.o
    0x08000c90   0x08000c90   0x00000174   Code   RO         4629    i.AL_ControlRes     ecatslv.o
    0x08000e04   0x08000e04   0x00000002   Code   RO         4800    i.APPL_AckErrorInd  el9800appl.o
    0x08000e06   0x08000e06   0x00000002   PAD
    0x08000e08   0x08000e08   0x000002b4   Code   RO         4801    i.APPL_Application  el9800appl.o
    0x080010bc   0x080010bc   0x000000e8   Code   RO         4802    i.APPL_GenerateMapping  el9800appl.o
    0x080011a4   0x080011a4   0x00000060   Code   RO         4803    i.APPL_InputMapping  el9800appl.o
    0x08001204   0x08001204   0x0000006c   Code   RO         4804    i.APPL_OutputMapping  el9800appl.o
    0x08001270   0x08001270   0x00000044   Code   RO         4805    i.APPL_StartInputHandler  el9800appl.o
    0x080012b4   0x080012b4   0x00000004   Code   RO         4806    i.APPL_StartMailboxHandler  el9800appl.o
    0x080012b8   0x080012b8   0x00000004   Code   RO         4807    i.APPL_StartOutputHandler  el9800appl.o
    0x080012bc   0x080012bc   0x00000044   Code   RO         4808    i.APPL_StopInputHandler  el9800appl.o
    0x08001300   0x08001300   0x00000004   Code   RO         4809    i.APPL_StopMailboxHandler  el9800appl.o
    0x08001304   0x08001304   0x00000004   Code   RO         4810    i.APPL_StopOutputHandler  el9800appl.o
    0x08001308   0x08001308   0x00000020   Code   RO         4296    i.AddObjectsToObjDictionary  coeappl.o
    0x08001328   0x08001328   0x00000058   Code   RO         5944    i.Angle_Limit_init  mpu6050_handle.o
    0x08001380   0x08001380   0x00000030   Code   RO           13    i.Boot_State        main.o
    0x080013b0   0x080013b0   0x00000002   Code   RO          578    i.BusFault_Handler  stm32f4xx_it.o
    0x080013b2   0x080013b2   0x00000002   PAD
    0x080013b4   0x080013b4   0x0000005c   Code   RO         4297    i.COE_AddObjectToDic  coeappl.o
    0x08001410   0x08001410   0x00000020   Code   RO         4298    i.COE_ClearObjDictionary  coeappl.o
    0x08001430   0x08001430   0x00000040   Code   RO         4579    i.COE_ContinueInd   ecatcoe.o
    0x08001470   0x08001470   0x0000000c   Code   RO         4299    i.COE_GetObjectDictionary  coeappl.o
    0x0800147c   0x0800147c   0x00000014   Code   RO         4580    i.COE_Init          ecatcoe.o
    0x08001490   0x08001490   0x000000ac   Code   RO         4300    i.COE_Main          coeappl.o
    0x0800153c   0x0800153c   0x00000028   Code   RO         4301    i.COE_ObjDictionaryInit  coeappl.o
    0x08001564   0x08001564   0x0000009c   Code   RO         4302    i.COE_ObjInit       coeappl.o
    0x08001600   0x08001600   0x00000038   Code   RO         4303    i.COE_RemoveDicEntry  coeappl.o
    0x08001638   0x08001638   0x00000026   Code   RO         4581    i.COE_ServiceInd    ecatcoe.o
    0x0800165e   0x0800165e   0x00000002   PAD
    0x08001660   0x08001660   0x00000064   Code   RO         4631    i.CheckIfEcatError  ecatslv.o
    0x080016c4   0x080016c4   0x00000184   Code   RO         4632    i.CheckSmSettings   ecatslv.o
    0x08001848   0x08001848   0x0000008c   Code   RO         5114    i.CheckSyncTypeValue  objdef.o
    0x080018d4   0x080018d4   0x0000008c   Code   RO         4633    i.DC_CheckWatchdog  ecatslv.o
    0x08001960   0x08001960   0x00000002   Code   RO          579    i.DebugMon_Handler  stm32f4xx_it.o
    0x08001962   0x08001962   0x00000030   Code   RO         4634    i.DisableSyncManChannel  ecatslv.o
    0x08001992   0x08001992   0x00000002   PAD
    0x08001994   0x08001994   0x00000038   Code   RO         4474    i.ECAT_CheckTimer   ecatappl.o
    0x080019cc   0x080019cc   0x00000094   Code   RO         4635    i.ECAT_Init         ecatslv.o
    0x08001a60   0x08001a60   0x00000118   Code   RO         4636    i.ECAT_Main         ecatslv.o
    0x08001b78   0x08001b78   0x00000002   Code   RO         5316    i.ECAT_SPI_GPIO_Init  spi1.o
    0x08001b7a   0x08001b7a   0x00000002   PAD
    0x08001b7c   0x08001b7c   0x00000034   Code   RO         5669    i.EE_Erase          eeprom.o
    0x08001bb0   0x08001bb0   0x00000014   Code   RO         5670    i.EE_Init           eeprom.o
    0x08001bc4   0x08001bc4   0x00000044   Code   RO         5671    i.EE_Program        eeprom.o
    0x08001c08   0x08001c08   0x0000000c   Code   RO         5672    i.EE_ReadByte       eeprom.o
    0x08001c14   0x08001c14   0x0000003c   Code   RO         5673    i.EE_ReadByteArray  eeprom.o
    0x08001c50   0x08001c50   0x0000000c   Code   RO         5674    i.EE_WriteByte      eeprom.o
    0x08001c5c   0x08001c5c   0x00000034   Code   RO         5675    i.EE_WriteByteArray  eeprom.o
    0x08001c90   0x08001c90   0x00000002   Code   RO         5280    i.EXTI1_Configuration  exit.o
    0x08001c92   0x08001c92   0x00000006   Code   RO          580    i.EXTI1_IRQHandler  stm32f4xx_it.o
    0x08001c98   0x08001c98   0x00000002   Code   RO         5281    i.EXTI2_Configuration  exit.o
    0x08001c9a   0x08001c9a   0x00000006   Code   RO          581    i.EXTI2_IRQHandler  stm32f4xx_it.o
    0x08001ca0   0x08001ca0   0x00000002   Code   RO         5282    i.EXTI3_Configuration  exit.o
    0x08001ca2   0x08001ca2   0x00000006   Code   RO          582    i.EXTI3_IRQHandler  stm32f4xx_it.o
    0x08001ca8   0x08001ca8   0x0000002e   Code   RO         4638    i.EnableSyncManChannel  ecatslv.o
    0x08001cd6   0x08001cd6   0x00000016   Code   RO         5448    i.Ethercat_sync0_handle  global.o
    0x08001cec   0x08001cec   0x00000016   Code   RO         5449    i.Ethercat_sync1_handle  global.o
    0x08001d02   0x08001d02   0x00000002   PAD
    0x08001d04   0x08001d04   0x00000050   Code   RO         3469    i.FLASH_Erase_Sector  stm32f4xx_hal_flash_ex.o
    0x08001d54   0x08001d54   0x00000054   Code   RO         3470    i.FLASH_FlushCaches  stm32f4xx_hal_flash_ex.o
    0x08001da8   0x08001da8   0x00000028   Code   RO         3471    i.FLASH_MassErase   stm32f4xx_hal_flash_ex.o
    0x08001dd0   0x08001dd0   0x00000020   Code   RO         3351    i.FLASH_Program_Byte  stm32f4xx_hal_flash.o
    0x08001df0   0x08001df0   0x00000028   Code   RO         3352    i.FLASH_Program_DoubleWord  stm32f4xx_hal_flash.o
    0x08001e18   0x08001e18   0x00000024   Code   RO         3353    i.FLASH_Program_HalfWord  stm32f4xx_hal_flash.o
    0x08001e3c   0x08001e3c   0x00000024   Code   RO         3354    i.FLASH_Program_Word  stm32f4xx_hal_flash.o
    0x08001e60   0x08001e60   0x00000068   Code   RO         3355    i.FLASH_SetErrorCode  stm32f4xx_hal_flash.o
    0x08001ec8   0x08001ec8   0x00000050   Code   RO         3356    i.FLASH_WaitForLastOperation  stm32f4xx_hal_flash.o
    0x08001f18   0x08001f18   0x00000026   Code   RO         5008    i.GetOutOfMbxQueue  mailbox.o
    0x08001f3e   0x08001f3e   0x00000002   PAD
    0x08001f40   0x08001f40   0x000000bc   Code   RO         5676    i.GetSector         eeprom.o
    0x08001ffc   0x08001ffc   0x0000001c   Code   RO         4639    i.GetSyncMan        ecatslv.o
    0x08002018   0x08002018   0x000000d0   Code   RO         5785    i.GoHome            home_limit.o
    0x080020e8   0x080020e8   0x00000024   Code   RO         3658    i.HAL_DMA_Abort_IT  stm32f4xx_hal_dma.o
    0x0800210c   0x0800210c   0x00000024   Code   RO         4076    i.HAL_Delay         stm32f4xx_hal.o
    0x08002130   0x08002130   0x00000098   Code   RO         3472    i.HAL_FLASHEx_Erase  stm32f4xx_hal_flash_ex.o
    0x080021c8   0x080021c8   0x00000014   Code   RO         3360    i.HAL_FLASH_Lock    stm32f4xx_hal_flash.o
    0x080021dc   0x080021dc   0x0000007c   Code   RO         3365    i.HAL_FLASH_Program  stm32f4xx_hal_flash.o
    0x08002258   0x08002258   0x0000002c   Code   RO         3367    i.HAL_FLASH_Unlock  stm32f4xx_hal_flash.o
    0x08002284   0x08002284   0x0000001a   Code   RO         5450    i.HAL_GPIO_EXTI_Callback  global.o
    0x0800229e   0x0800229e   0x00000002   PAD
    0x080022a0   0x080022a0   0x00000018   Code   RO         3549    i.HAL_GPIO_EXTI_IRQHandler  stm32f4xx_hal_gpio.o
    0x080022b8   0x080022b8   0x000001b0   Code   RO         3550    i.HAL_GPIO_Init     stm32f4xx_hal_gpio.o
    0x08002468   0x08002468   0x0000000a   Code   RO         3552    i.HAL_GPIO_ReadPin  stm32f4xx_hal_gpio.o
    0x08002472   0x08002472   0x00000008   Code   RO         3553    i.HAL_GPIO_TogglePin  stm32f4xx_hal_gpio.o
    0x0800247a   0x0800247a   0x0000000a   Code   RO         3554    i.HAL_GPIO_WritePin  stm32f4xx_hal_gpio.o
    0x08002484   0x08002484   0x0000000c   Code   RO         4082    i.HAL_GetTick       stm32f4xx_hal.o
    0x08002490   0x08002490   0x00000108   Code   RO          719    i.HAL_I2C_Init      stm32f4xx_hal_i2c.o
    0x08002598   0x08002598   0x00000160   Code   RO          720    i.HAL_I2C_IsDeviceReady  stm32f4xx_hal_i2c.o
    0x080026f8   0x080026f8   0x000001e8   Code   RO          725    i.HAL_I2C_Master_Receive  stm32f4xx_hal_i2c.o
    0x080028e0   0x080028e0   0x00000138   Code   RO          730    i.HAL_I2C_Master_Transmit  stm32f4xx_hal_i2c.o
    0x08002a18   0x08002a18   0x0000004c   Code   RO          298    i.HAL_I2C_MspInit   i2c.o
    0x08002a64   0x08002a64   0x00000052   Code   RO         1124    i.HAL_IWDG_Init     stm32f4xx_hal_iwdg.o
    0x08002ab6   0x08002ab6   0x0000000c   Code   RO         1125    i.HAL_IWDG_Refresh  stm32f4xx_hal_iwdg.o
    0x08002ac2   0x08002ac2   0x00000002   PAD
    0x08002ac4   0x08002ac4   0x00000010   Code   RO         4086    i.HAL_IncTick       stm32f4xx_hal.o
    0x08002ad4   0x08002ad4   0x00000034   Code   RO         4087    i.HAL_Init          stm32f4xx_hal.o
    0x08002b08   0x08002b08   0x00000040   Code   RO         4088    i.HAL_InitTick      stm32f4xx_hal.o
    0x08002b48   0x08002b48   0x00000084   Code   RO          684    i.HAL_MspInit       stm32f4xx_hal_msp.o
    0x08002bcc   0x08002bcc   0x00000016   Code   RO         3939    i.HAL_NVIC_EnableIRQ  stm32f4xx_hal_cortex.o
    0x08002be2   0x08002be2   0x00000002   PAD
    0x08002be4   0x08002be4   0x00000040   Code   RO         3945    i.HAL_NVIC_SetPriority  stm32f4xx_hal_cortex.o
    0x08002c24   0x08002c24   0x00000024   Code   RO         3946    i.HAL_NVIC_SetPriorityGrouping  stm32f4xx_hal_cortex.o
    0x08002c48   0x08002c48   0x000000be   Code   RO         2688    i.HAL_PCD_Init      stm32f4xx_hal_pcd.o
    0x08002d06   0x08002d06   0x00000002   PAD
    0x08002d08   0x08002d08   0x00000054   Code   RO          537    i.HAL_PCD_MspInit   usb_otg.o
    0x08002d5c   0x08002d5c   0x00000130   Code   RO         3196    i.HAL_RCC_ClockConfig  stm32f4xx_hal_rcc.o
    0x08002e8c   0x08002e8c   0x0000000c   Code   RO         3201    i.HAL_RCC_GetHCLKFreq  stm32f4xx_hal_rcc.o
    0x08002e98   0x08002e98   0x00000020   Code   RO         3203    i.HAL_RCC_GetPCLK1Freq  stm32f4xx_hal_rcc.o
    0x08002eb8   0x08002eb8   0x00000020   Code   RO         3204    i.HAL_RCC_GetPCLK2Freq  stm32f4xx_hal_rcc.o
    0x08002ed8   0x08002ed8   0x00000060   Code   RO         3205    i.HAL_RCC_GetSysClockFreq  stm32f4xx_hal_rcc.o
    0x08002f38   0x08002f38   0x0000031c   Code   RO         3208    i.HAL_RCC_OscConfig  stm32f4xx_hal_rcc.o
    0x08003254   0x08003254   0x00000006   Code   RO         1163    i.HAL_SPI_GetState  stm32f4xx_hal_spi.o
    0x0800325a   0x0800325a   0x00000080   Code   RO         1165    i.HAL_SPI_Init      stm32f4xx_hal_spi.o
    0x080032da   0x080032da   0x00000002   PAD
    0x080032dc   0x080032dc   0x00000048   Code   RO          376    i.HAL_SPI_MspInit   spi.o
    0x08003324   0x08003324   0x000001d8   Code   RO         1174    i.HAL_SPI_TransmitReceive  stm32f4xx_hal_spi.o
    0x080034fc   0x080034fc   0x00000018   Code   RO         3948    i.HAL_SYSTICK_CLKSourceConfig  stm32f4xx_hal_cortex.o
    0x08003514   0x08003514   0x00000040   Code   RO         5786    i.HAL_SYSTICK_Callback  home_limit.o
    0x08003554   0x08003554   0x00000028   Code   RO         3950    i.HAL_SYSTICK_Config  stm32f4xx_hal_cortex.o
    0x0800357c   0x0800357c   0x00000008   Code   RO         3951    i.HAL_SYSTICK_IRQHandler  stm32f4xx_hal_cortex.o
    0x08003584   0x08003584   0x00000002   Code   RO         2102    i.HAL_TIMEx_BreakCallback  stm32f4xx_hal_tim_ex.o
    0x08003586   0x08003586   0x00000002   Code   RO         2103    i.HAL_TIMEx_CommutationCallback  stm32f4xx_hal_tim_ex.o
    0x08003588   0x08003588   0x00000050   Code   RO         2119    i.HAL_TIMEx_MasterConfigSynchronization  stm32f4xx_hal_tim_ex.o
    0x080035d8   0x080035d8   0x00000036   Code   RO         1473    i.HAL_TIM_Base_Init  stm32f4xx_hal_tim.o
    0x0800360e   0x0800360e   0x00000002   PAD
    0x08003610   0x08003610   0x00000080   Code   RO          418    i.HAL_TIM_Base_MspInit  tim.o
    0x08003690   0x08003690   0x00000018   Code   RO         1478    i.HAL_TIM_Base_Start_IT  stm32f4xx_hal_tim.o
    0x080036a8   0x080036a8   0x0000002a   Code   RO         1481    i.HAL_TIM_Base_Stop_IT  stm32f4xx_hal_tim.o
    0x080036d2   0x080036d2   0x000000f2   Code   RO         1482    i.HAL_TIM_ConfigClockSource  stm32f4xx_hal_tim.o
    0x080037c4   0x080037c4   0x00000002   Code   RO         1502    i.HAL_TIM_IC_CaptureCallback  stm32f4xx_hal_tim.o
    0x080037c6   0x080037c6   0x00000166   Code   RO         1515    i.HAL_TIM_IRQHandler  stm32f4xx_hal_tim.o
    0x0800392c   0x0800392c   0x00000034   Code   RO          419    i.HAL_TIM_MspPostInit  tim.o
    0x08003960   0x08003960   0x00000056   Code   RO         1516    i.HAL_TIM_OC_ConfigChannel  stm32f4xx_hal_tim.o
    0x080039b6   0x080039b6   0x00000002   Code   RO         1518    i.HAL_TIM_OC_DelayElapsedCallback  stm32f4xx_hal_tim.o
    0x080039b8   0x080039b8   0x00000036   Code   RO         1520    i.HAL_TIM_OC_Init   stm32f4xx_hal_tim.o
    0x080039ee   0x080039ee   0x00000002   Code   RO         1522    i.HAL_TIM_OC_MspInit  stm32f4xx_hal_tim.o
    0x080039f0   0x080039f0   0x0000006c   Code   RO         1525    i.HAL_TIM_OC_Start_IT  stm32f4xx_hal_tim.o
    0x08003a5c   0x08003a5c   0x000000d0   Code   RO         1539    i.HAL_TIM_PWM_ConfigChannel  stm32f4xx_hal_tim.o
    0x08003b2c   0x08003b2c   0x00000036   Code   RO         1542    i.HAL_TIM_PWM_Init  stm32f4xx_hal_tim.o
    0x08003b62   0x08003b62   0x00000002   Code   RO         1544    i.HAL_TIM_PWM_MspInit  stm32f4xx_hal_tim.o
    0x08003b64   0x08003b64   0x00000002   Code   RO         1545    i.HAL_TIM_PWM_PulseFinishedCallback  stm32f4xx_hal_tim.o
    0x08003b66   0x08003b66   0x00000002   PAD
    0x08003b68   0x08003b68   0x00000038   Code   RO         1546    i.HAL_TIM_PWM_Start  stm32f4xx_hal_tim.o
    0x08003ba0   0x08003ba0   0x00000010   Code   RO         5451    i.HAL_TIM_PeriodElapsedCallback  global.o
    0x08003bb0   0x08003bb0   0x00000002   Code   RO         1556    i.HAL_TIM_TriggerCallback  stm32f4xx_hal_tim.o
    0x08003bb2   0x08003bb2   0x00000002   Code   RO         2362    i.HAL_UART_ErrorCallback  stm32f4xx_hal_uart.o
    0x08003bb4   0x08003bb4   0x00000110   Code   RO         2365    i.HAL_UART_IRQHandler  stm32f4xx_hal_uart.o
    0x08003cc4   0x08003cc4   0x00000062   Code   RO         2366    i.HAL_UART_Init     stm32f4xx_hal_uart.o
    0x08003d26   0x08003d26   0x00000002   PAD
    0x08003d28   0x08003d28   0x0000005c   Code   RO          478    i.HAL_UART_MspInit  usart.o
    0x08003d84   0x08003d84   0x00000048   Code   RO         2371    i.HAL_UART_Receive_IT  stm32f4xx_hal_uart.o
    0x08003dcc   0x08003dcc   0x00000158   Code   RO         5452    i.HAL_UART_RxCpltCallback  global.o
    0x08003f24   0x08003f24   0x00000002   Code   RO         2377    i.HAL_UART_TxCpltCallback  stm32f4xx_hal_uart.o
    0x08003f26   0x08003f26   0x0000005a   Code   RO         4900    i.HW_EscRead        el9800hw.o
    0x08003f80   0x08003f80   0x00000056   Code   RO         4901    i.HW_EscReadIsr     el9800hw.o
    0x08003fd6   0x08003fd6   0x0000005a   Code   RO         4902    i.HW_EscWrite       el9800hw.o
    0x08004030   0x08004030   0x00000056   Code   RO         4903    i.HW_EscWriteIsr    el9800hw.o
    0x08004086   0x08004086   0x00000002   PAD
    0x08004088   0x08004088   0x0000001c   Code   RO         4904    i.HW_GetALEventRegister  el9800hw.o
    0x080040a4   0x080040a4   0x00000018   Code   RO         4905    i.HW_GetALEventRegister_Isr  el9800hw.o
    0x080040bc   0x080040bc   0x0000008a   Code   RO         4906    i.HW_Init           el9800hw.o
    0x08004146   0x08004146   0x00000002   PAD
    0x08004148   0x08004148   0x00000080   Code   RO         4475    i.HandleBusCycleCalculation  ecatappl.o
    0x080041c8   0x080041c8   0x00000002   Code   RO          583    i.HardFault_Handler  stm32f4xx_it.o
    0x080041ca   0x080041ca   0x00000002   PAD
    0x080041cc   0x080041cc   0x00000034   Code   RO         5787    i.Home_limit_init   home_limit.o
    0x08004200   0x08004200   0x00000028   Code   RO          757    i.I2C_IsAcknowledgeFailed  stm32f4xx_hal_i2c.o
    0x08004228   0x08004228   0x000000de   Code   RO          760    i.I2C_MasterRequestRead  stm32f4xx_hal_i2c.o
    0x08004306   0x08004306   0x00000002   PAD
    0x08004308   0x08004308   0x00000094   Code   RO          761    i.I2C_MasterRequestWrite  stm32f4xx_hal_i2c.o
    0x0800439c   0x0800439c   0x0000004e   Code   RO          770    i.I2C_WaitOnBTFFlagUntilTimeout  stm32f4xx_hal_i2c.o
    0x080043ea   0x080043ea   0x00000060   Code   RO          771    i.I2C_WaitOnFlagUntilTimeout  stm32f4xx_hal_i2c.o
    0x0800444a   0x0800444a   0x00000002   PAD
    0x0800444c   0x0800444c   0x00000088   Code   RO          772    i.I2C_WaitOnMasterAddressFlagUntilTimeout  stm32f4xx_hal_i2c.o
    0x080044d4   0x080044d4   0x00000062   Code   RO          773    i.I2C_WaitOnRXNEFlagUntilTimeout  stm32f4xx_hal_i2c.o
    0x08004536   0x08004536   0x0000004e   Code   RO          774    i.I2C_WaitOnTXEFlagUntilTimeout  stm32f4xx_hal_i2c.o
    0x08004584   0x08004584   0x00000010   Code   RO         5533    i.IO_DeviceTools_Reset  protocol.o
    0x08004594   0x08004594   0x00000004   Code   RO         5534    i.IO_DeviceTools_init  protocol.o
    0x08004598   0x08004598   0x00000018   Code   RO         5535    i.IO_DeviceTools_setData  protocol.o
    0x080045b0   0x080045b0   0x0000001c   Code   RO         5453    i.LED_Twinkle       global.o
    0x080045cc   0x080045cc   0x00000010   Code   RO         5788    i.Limit_PinChangeISR  home_limit.o
    0x080045dc   0x080045dc   0x0000006c   Code   RO         5789    i.Limits_GetState   home_limit.o
    0x08004648   0x08004648   0x000000d4   Code   RO         5009    i.MBX_CheckAndCopyMailbox  mailbox.o
    0x0800471c   0x0800471c   0x000000b0   Code   RO         5010    i.MBX_CopyToSendMailbox  mailbox.o
    0x080047cc   0x080047cc   0x00000070   Code   RO         5011    i.MBX_Init          mailbox.o
    0x0800483c   0x0800483c   0x00000060   Code   RO         5012    i.MBX_MailboxReadInd  mailbox.o
    0x0800489c   0x0800489c   0x00000040   Code   RO         5013    i.MBX_MailboxRepeatReq  mailbox.o
    0x080048dc   0x080048dc   0x00000078   Code   RO         5014    i.MBX_MailboxSendReq  mailbox.o
    0x08004954   0x08004954   0x00000068   Code   RO         5015    i.MBX_MailboxWriteInd  mailbox.o
    0x080049bc   0x080049bc   0x0000004c   Code   RO         5016    i.MBX_Main          mailbox.o
    0x08004a08   0x08004a08   0x00000070   Code   RO         5017    i.MBX_StartMailboxHandler  mailbox.o
    0x08004a78   0x08004a78   0x000000a4   Code   RO         5018    i.MBX_StopMailboxHandler  mailbox.o
    0x08004b1c   0x08004b1c   0x0000004c   Code   RO         5945    i.MPU6050_GetDataProcess  mpu6050_handle.o
    0x08004b68   0x08004b68   0x000000ac   Code   RO         5946    i.MPU6050_Get_Angle  mpu6050_handle.o
    0x08004c14   0x08004c14   0x00000024   Code   RO         5947    i.MPU6050_Init      mpu6050_handle.o
    0x08004c38   0x08004c38   0x00000164   Code   RO         5948    i.MPU6050_limit_handle  mpu6050_handle.o
    0x08004d9c   0x08004d9c   0x00000034   Code   RO         5949    i.MPU6050_setAddPin_stateH  mpu6050_handle.o
    0x08004dd0   0x08004dd0   0x0000002c   Code   RO         5950    i.MPU6050_setAddPin_stateL_all  mpu6050_handle.o
    0x08004dfc   0x08004dfc   0x000001ec   Code   RO          273    i.MX_GPIO_Init      gpio.o
    0x08004fe8   0x08004fe8   0x00000054   Code   RO          299    i.MX_I2C2_Init      i2c.o
    0x0800503c   0x0800503c   0x00000058   Code   RO          377    i.MX_SPI3_Init      spi.o
    0x08005094   0x08005094   0x000000a8   Code   RO          420    i.MX_TIM4_Init      tim.o
    0x0800513c   0x0800513c   0x00000074   Code   RO          421    i.MX_TIM5_Init      tim.o
    0x080051b0   0x080051b0   0x00000090   Code   RO          422    i.MX_TIM9_Init      tim.o
    0x08005240   0x08005240   0x0000004c   Code   RO          479    i.MX_USART1_UART_Init  usart.o
    0x0800528c   0x0800528c   0x00000054   Code   RO          538    i.MX_USB_OTG_FS_PCD_Init  usb_otg.o
    0x080052e0   0x080052e0   0x00000012   Code   RO         5019    i.MailboxServiceInd  mailbox.o
    0x080052f2   0x080052f2   0x00000002   PAD
    0x080052f4   0x080052f4   0x00000020   Code   RO         4476    i.MainInit          ecatappl.o
    0x08005314   0x08005314   0x00000090   Code   RO         4477    i.MainLoop          ecatappl.o
    0x080053a4   0x080053a4   0x00000002   Code   RO          584    i.MemManage_Handler  stm32f4xx_it.o
    0x080053a6   0x080053a6   0x00000002   PAD
    0x080053a8   0x080053a8   0x00000010   Code   RO         5536    i.MotorTools_ResetPWM  protocol.o
    0x080053b8   0x080053b8   0x0000000c   Code   RO         5537    i.MotorTools_init   protocol.o
    0x080053c4   0x080053c4   0x00000018   Code   RO         5538    i.MotorTools_setPWM  protocol.o
    0x080053dc   0x080053dc   0x00000040   Code   RO          340    i.My_IWDG_SetReloadData  iwdg.o
    0x0800541c   0x0800541c   0x00000002   Code   RO          585    i.NMI_Handler       stm32f4xx_it.o
    0x0800541e   0x0800541e   0x00000016   Code   RO         4640    i.NVIC_DisableIRQ   ecatslv.o
    0x08005434   0x08005434   0x00000016   Code   RO         5454    i.NVIC_DisableIRQ   global.o
    0x0800544a   0x0800544a   0x00000016   Code   RO         4641    i.NVIC_EnableIRQ    ecatslv.o
    0x08005460   0x08005460   0x00000016   Code   RO         4908    i.NVIC_EnableIRQ    el9800hw.o
    0x08005476   0x08005476   0x00000016   Code   RO         5455    i.NVIC_EnableIRQ    global.o
    0x0800548c   0x0800548c   0x00000020   Code   RO         3952    i.NVIC_SetPriority  stm32f4xx_hal_cortex.o
    0x080054ac   0x080054ac   0x00000030   Code   RO         5115    i.OBJ_CopyNumberToString  objdef.o
    0x080054dc   0x080054dc   0x00000094   Code   RO         5116    i.OBJ_GetDesc       objdef.o
    0x08005570   0x08005570   0x0000001e   Code   RO         5117    i.OBJ_GetEntryDesc  objdef.o
    0x0800558e   0x0800558e   0x000000d4   Code   RO         5118    i.OBJ_GetEntryOffset  objdef.o
    0x08005662   0x08005662   0x0000005a   Code   RO         5119    i.OBJ_GetNoOfObjects  objdef.o
    0x080056bc   0x080056bc   0x00000004   Code   RO         5120    i.OBJ_GetObjDesc    objdef.o
    0x080056c0   0x080056c0   0x00000018   Code   RO         5121    i.OBJ_GetObjectHandle  objdef.o
    0x080056d8   0x080056d8   0x0000007c   Code   RO         5122    i.OBJ_GetObjectLength  objdef.o
    0x08005754   0x08005754   0x0000009c   Code   RO         5123    i.OBJ_GetObjectList  objdef.o
    0x080057f0   0x080057f0   0x00000368   Code   RO         5124    i.OBJ_Read          objdef.o
    0x08005b58   0x08005b58   0x000003e4   Code   RO         5125    i.OBJ_Write         objdef.o
    0x08005f3c   0x08005f3c   0x000000f8   Code   RO         4478    i.PDI_Isr           ecatappl.o
    0x08006034   0x08006034   0x00000028   Code   RO         4479    i.PDO_InputMapping  ecatappl.o
    0x0800605c   0x0800605c   0x00000028   Code   RO         4480    i.PDO_OutputMapping  ecatappl.o
    0x08006084   0x08006084   0x00000002   Code   RO          586    i.PendSV_Handler    stm32f4xx_it.o
    0x08006086   0x08006086   0x00000026   Code   RO         5020    i.PutInMbxQueue     mailbox.o
    0x080060ac   0x080060ac   0x00000028   Code   RO         5738    i.ReadGlobalSettings  setting.o
    0x080060d4   0x080060d4   0x00000034   Code   RO         4642    i.ResetALEventMask  ecatslv.o
    0x08006108   0x08006108   0x000002d4   Code   RO         5214    i.SDOS_SdoInd       sdoserv.o
    0x080063dc   0x080063dc   0x00000260   Code   RO         5215    i.SDOS_SdoInfoInd   sdoserv.o
    0x0800663c   0x0800663c   0x00000090   Code   RO         5216    i.SDOS_SdoRes       sdoserv.o
    0x080066cc   0x080066cc   0x000000a0   Code   RO         5859    i.SD_MPU6050_Init   sd_hal_mpu6050.o
    0x0800676c   0x0800676c   0x00000058   Code   RO         5860    i.SD_MPU6050_ReadAccelerometer  sd_hal_mpu6050.o
    0x080067c4   0x080067c4   0x00000058   Code   RO         5862    i.SD_MPU6050_ReadGyroscope  sd_hal_mpu6050.o
    0x0800681c   0x0800681c   0x00000068   Code   RO         5864    i.SD_MPU6050_ReadTemperature  sd_hal_mpu6050.o
    0x08006884   0x08006884   0x000000a0   Code   RO         5865    i.SD_MPU6050_SetAccelerometer  sd_hal_mpu6050.o
    0x08006924   0x08006924   0x00000028   Code   RO         5866    i.SD_MPU6050_SetDataRate  sd_hal_mpu6050.o
    0x0800694c   0x0800694c   0x000000a0   Code   RO         5867    i.SD_MPU6050_SetGyroscope  sd_hal_mpu6050.o
    0x080069ec   0x080069ec   0x00000006   Code   RO         5317    i.SPIRead           spi1.o
    0x080069f2   0x080069f2   0x00000026   Code   RO         5318    i.SPIReadBurstMode  spi1.o
    0x08006a18   0x08006a18   0x00000010   Code   RO         5319    i.SPIReadDRegister  spi1.o
    0x08006a28   0x08006a28   0x0000005c   Code   RO         5320    i.SPIReadDWord      spi1.o
    0x08006a84   0x08006a84   0x000000e4   Code   RO         5321    i.SPIReadPDRamRegister  spi1.o
    0x08006b68   0x08006b68   0x00000058   Code   RO         5322    i.SPIReadRegUsingCSR  spi1.o
    0x08006bc0   0x08006bc0   0x00000014   Code   RO         5323    i.SPISendAddr       spi1.o
    0x08006bd4   0x08006bd4   0x00000024   Code   RO         5325    i.SPIWriteBurstMode  spi1.o
    0x08006bf8   0x08006bf8   0x00000054   Code   RO         5326    i.SPIWriteDWord     spi1.o
    0x08006c4c   0x08006c4c   0x000000e8   Code   RO         5327    i.SPIWritePDRamRegister  spi1.o
    0x08006d34   0x08006d34   0x00000058   Code   RO         5328    i.SPIWriteRegUsingCSR  spi1.o
    0x08006d8c   0x08006d8c   0x00000010   Code   RO         5329    i.SPIWriteRegister  spi1.o
    0x08006d9c   0x08006d9c   0x00000020   Code   RO         1189    i.SPI_CheckFlag_BSY  stm32f4xx_hal_spi.o
    0x08006dbc   0x08006dbc   0x00000096   Code   RO         1207    i.SPI_WaitFlagStateUntilTimeout  stm32f4xx_hal_spi.o
    0x08006e52   0x08006e52   0x00000002   Code   RO          587    i.SVC_Handler       stm32f4xx_it.o
    0x08006e54   0x08006e54   0x000001e4   Code   RO         5217    i.SdoDownloadSegmentInd  sdoserv.o
    0x08007038   0x08007038   0x000000b8   Code   RO         5218    i.SdoRes            sdoserv.o
    0x080070f0   0x080070f0   0x00000118   Code   RO         5219    i.SdoUploadSegmentInd  sdoserv.o
    0x08007208   0x08007208   0x00000034   Code   RO         4643    i.SetALEventMask    ecatslv.o
    0x0800723c   0x0800723c   0x00000040   Code   RO         4644    i.SetALStatus       ecatslv.o
    0x0800727c   0x0800727c   0x0000001a   Code   RO         5739    i.Settings_Init     setting.o
    0x08007296   0x08007296   0x00000002   PAD
    0x08007298   0x08007298   0x00000030   Code   RO         5740    i.Settings_Restore  setting.o
    0x080072c8   0x080072c8   0x000003ec   Code   RO         4645    i.StartInputHandler  ecatslv.o
    0x080076b4   0x080076b4   0x00000020   Code   RO         4646    i.StartOutputHandler  ecatslv.o
    0x080076d4   0x080076d4   0x00000054   Code   RO         5594    i.Stepper_ControlDir  stepper.o
    0x08007728   0x08007728   0x00000054   Code   RO         5595    i.Stepper_ControlStep  stepper.o
    0x0800777c   0x0800777c   0x00000018   Code   RO         5596    i.Stepper_Enable    stepper.o
    0x08007794   0x08007794   0x00000264   Code   RO         5597    i.Stepper_MainISR   stepper.o
    0x080079f8   0x080079f8   0x00000036   Code   RO         5598    i.Stepper_PortResetISR  stepper.o
    0x08007a2e   0x08007a2e   0x00000002   PAD
    0x08007a30   0x08007a30   0x00000050   Code   RO         5599    i.Stepper_Timer_init  stepper.o
    0x08007a80   0x08007a80   0x000000ac   Code   RO         5600    i.Stepper_setParam  stepper.o
    0x08007b2c   0x08007b2c   0x0000005c   Code   RO         4647    i.StopInputHandler  ecatslv.o
    0x08007b88   0x08007b88   0x00000010   Code   RO         4648    i.StopOutputHandler  ecatslv.o
    0x08007b98   0x08007b98   0x00000118   Code   RO         4481    i.Sync0_Isr         ecatappl.o
    0x08007cb0   0x08007cb0   0x0000003c   Code   RO         4482    i.Sync1_Isr         ecatappl.o
    0x08007cec   0x08007cec   0x0000000e   Code   RO          588    i.SysTick_Handler   stm32f4xx_it.o
    0x08007cfa   0x08007cfa   0x00000002   PAD
    0x08007cfc   0x08007cfc   0x000000a4   Code   RO           14    i.SystemClock_Config  main.o
    0x08007da0   0x08007da0   0x00000054   Code   RO         4241    i.SystemInit        system_stm32f4xx.o
    0x08007df4   0x08007df4   0x00000060   Code   RO         5790    i.System_GetControlState  home_limit.o
    0x08007e54   0x08007e54   0x0000002c   Code   RO         5791    i.System_LoopHandler  home_limit.o
    0x08007e80   0x08007e80   0x00000048   Code   RO         5601    i.TIM4_IRQHandler   stepper.o
    0x08007ec8   0x08007ec8   0x0000000c   Code   RO          589    i.TIM5_IRQHandler   stm32f4xx_it.o
    0x08007ed4   0x08007ed4   0x000000c0   Code   RO         1557    i.TIM_Base_SetConfig  stm32f4xx_hal_tim.o
    0x08007f94   0x08007f94   0x00000016   Code   RO         1558    i.TIM_CCxChannelCmd  stm32f4xx_hal_tim.o
    0x08007faa   0x08007faa   0x00000002   PAD
    0x08007fac   0x08007fac   0x000000a4   Code   RO         5419    i.TIM_Configuration  timer.o
    0x08008050   0x08008050   0x00000014   Code   RO         1564    i.TIM_ETR_SetConfig  stm32f4xx_hal_tim.o
    0x08008064   0x08008064   0x00000010   Code   RO         1565    i.TIM_ITRx_SetConfig  stm32f4xx_hal_tim.o
    0x08008074   0x08008074   0x00000058   Code   RO         1566    i.TIM_OC1_SetConfig  stm32f4xx_hal_tim.o
    0x080080cc   0x080080cc   0x00000064   Code   RO         1567    i.TIM_OC2_SetConfig  stm32f4xx_hal_tim.o
    0x08008130   0x08008130   0x00000060   Code   RO         1568    i.TIM_OC3_SetConfig  stm32f4xx_hal_tim.o
    0x08008190   0x08008190   0x00000050   Code   RO         1569    i.TIM_OC4_SetConfig  stm32f4xx_hal_tim.o
    0x080081e0   0x080081e0   0x00000022   Code   RO         1571    i.TIM_TI1_ConfigInputStage  stm32f4xx_hal_tim.o
    0x08008202   0x08008202   0x00000024   Code   RO         1573    i.TIM_TI2_ConfigInputStage  stm32f4xx_hal_tim.o
    0x08008226   0x08008226   0x00000010   Code   RO         2379    i.UART_DMAAbortOnError  stm32f4xx_hal_uart.o
    0x08008236   0x08008236   0x0000001c   Code   RO         2389    i.UART_EndRxTransfer  stm32f4xx_hal_uart.o
    0x08008252   0x08008252   0x0000008c   Code   RO         2391    i.UART_Receive_IT   stm32f4xx_hal_uart.o
    0x080082de   0x080082de   0x00000002   PAD
    0x080082e0   0x080082e0   0x000002ac   Code   RO         2392    i.UART_SetConfig    stm32f4xx_hal_uart.o
    0x0800858c   0x0800858c   0x00000062   Code   RO         2393    i.UART_Transmit_IT  stm32f4xx_hal_uart.o
    0x080085ee   0x080085ee   0x00000002   PAD
    0x080085f0   0x080085f0   0x0000000c   Code   RO          590    i.USART1_IRQHandler  stm32f4xx_it.o
    0x080085fc   0x080085fc   0x0000006c   Code   RO         2916    i.USB_CoreInit      stm32f4xx_ll_usb.o
    0x08008668   0x08008668   0x00000038   Code   RO         2917    i.USB_CoreReset     stm32f4xx_ll_usb.o
    0x080086a0   0x080086a0   0x00000018   Code   RO         2921    i.USB_DevDisconnect  stm32f4xx_ll_usb.o
    0x080086b8   0x080086b8   0x00000140   Code   RO         2922    i.USB_DevInit       stm32f4xx_ll_usb.o
    0x080087f8   0x080087f8   0x0000000c   Code   RO         2923    i.USB_DisableGlobalInt  stm32f4xx_ll_usb.o
    0x08008804   0x08008804   0x00000020   Code   RO         2932    i.USB_FlushRxFifo   stm32f4xx_ll_usb.o
    0x08008824   0x08008824   0x00000024   Code   RO         2933    i.USB_FlushTxFifo   stm32f4xx_ll_usb.o
    0x08008848   0x08008848   0x0000002c   Code   RO         2951    i.USB_SetCurrentMode  stm32f4xx_ll_usb.o
    0x08008874   0x08008874   0x00000034   Code   RO         4649    i.UpdateEEPROMLoadedState  ecatslv.o
    0x080088a8   0x080088a8   0x00000002   Code   RO          591    i.UsageFault_Handler  stm32f4xx_it.o
    0x080088aa   0x080088aa   0x00000002   PAD
    0x080088ac   0x080088ac   0x0000000c   Code   RO         5456    i.Usart_Init        global.o
    0x080088b8   0x080088b8   0x00000014   Code   RO         5457    i.Usart_putc        global.o
    0x080088cc   0x080088cc   0x00000030   Code   RO         5330    i.WR_CMD            spi1.o
    0x080088fc   0x080088fc   0x00000020   Code   RO         5741    i.WriteGlobalSettings  setting.o
    0x0800891c   0x0800891c   0x00000002   Code   RO           15    i._Error_Handler    main.o
    0x0800891e   0x0800891e   0x00000002   PAD
    0x08008920   0x08008920   0x00000020   Code   RO         6277    i.__0printf         mc_w.l(printfa.o)
    0x08008940   0x08008940   0x00000358   Code   RO         6017    i.__hardfp_acos     m_wm.l(acos.o)
    0x08008c98   0x08008c98   0x000000f8   Code   RO         6355    i.__kernel_poly     m_wm.l(poly.o)
    0x08008d90   0x08008d90   0x00000014   Code   RO         6342    i.__mathlib_dbl_infnan  m_wm.l(dunder.o)
    0x08008da4   0x08008da4   0x00000004   PAD
    0x08008da8   0x08008da8   0x00000020   Code   RO         6344    i.__mathlib_dbl_invalid  m_wm.l(dunder.o)
    0x08008dc8   0x08008dc8   0x0000000e   Code   RO         6421    i.__scatterload_copy  mc_w.l(handlers.o)
    0x08008dd6   0x08008dd6   0x00000002   Code   RO         6422    i.__scatterload_null  mc_w.l(handlers.o)
    0x08008dd8   0x08008dd8   0x0000000e   Code   RO         6423    i.__scatterload_zeroinit  mc_w.l(handlers.o)
    0x08008de6   0x08008de6   0x00000002   PAD
    0x08008de8   0x08008de8   0x0000000c   Code   RO         6393    i.__set_errno       mc_w.l(errno.o)
    0x08008df4   0x08008df4   0x00000184   Code   RO         6284    i._fp_digits        mc_w.l(printfa.o)
    0x08008f78   0x08008f78   0x000006dc   Code   RO         6285    i._printf_core      mc_w.l(printfa.o)
    0x08009654   0x08009654   0x00000024   Code   RO         6286    i._printf_post_padding  mc_w.l(printfa.o)
    0x08009678   0x08009678   0x0000002e   Code   RO         6287    i._printf_pre_padding  mc_w.l(printfa.o)
    0x080096a6   0x080096a6   0x00000002   PAD
    0x080096a8   0x080096a8   0x00000014   Code   RO          481    i.fputc             usart.o
    0x080096bc   0x080096bc   0x00000050   Code   RO         6305    i.free              mc_w.l(malloc.o)
    0x0800970c   0x0800970c   0x000000dc   Code   RO           16    i.main              main.o
    0x080097e8   0x080097e8   0x0000006c   Code   RO         6306    i.malloc            mc_w.l(malloc.o)
    0x08009854   0x08009854   0x0000006e   Code   RO         6359    i.sqrt              m_wm.l(sqrt.o)
    0x080098c2   0x080098c2   0x00000010   Data   RO         4242    .constdata          system_stm32f4xx.o
    0x080098d2   0x080098d2   0x00000008   Data   RO         4243    .constdata          system_stm32f4xx.o
    0x080098da   0x080098da   0x0000000c   Data   RO         4304    .constdata          coeappl.o
    0x080098e6   0x080098e6   0x00000012   Data   RO         4305    .constdata          coeappl.o
    0x080098f8   0x080098f8   0x00000048   Data   RO         4306    .constdata          coeappl.o
    0x08009940   0x08009940   0x00000014   Data   RO         4307    .constdata          coeappl.o
    0x08009954   0x08009954   0x00000036   Data   RO         4308    .constdata          coeappl.o
    0x0800998a   0x0800998a   0x0000000f   Data   RO         4309    .constdata          coeappl.o
    0x08009999   0x08009999   0x0000000d   Data   RO         4310    .constdata          coeappl.o
    0x080099a6   0x080099a6   0x0000000d   Data   RO         4311    .constdata          coeappl.o
    0x080099b3   0x080099b3   0x00000001   PAD
    0x080099b4   0x080099b4   0x00000006   Data   RO         4312    .constdata          coeappl.o
    0x080099ba   0x080099ba   0x0000000c   Data   RO         4313    .constdata          coeappl.o
    0x080099c6   0x080099c6   0x00000006   Data   RO         4314    .constdata          coeappl.o
    0x080099cc   0x080099cc   0x0000000e   Data   RO         4315    .constdata          coeappl.o
    0x080099da   0x080099da   0x00000006   Data   RO         4316    .constdata          coeappl.o
    0x080099e0   0x080099e0   0x0000000a   Data   RO         4317    .constdata          coeappl.o
    0x080099ea   0x080099ea   0x00000006   Data   RO         4318    .constdata          coeappl.o
    0x080099f0   0x080099f0   0x0000000e   Data   RO         4319    .constdata          coeappl.o
    0x080099fe   0x080099fe   0x00000006   Data   RO         4320    .constdata          coeappl.o
    0x08009a04   0x08009a04   0x0000000c   Data   RO         4321    .constdata          coeappl.o
    0x08009a10   0x08009a10   0x00000006   Data   RO         4322    .constdata          coeappl.o
    0x08009a16   0x08009a16   0x00000007   Data   RO         4323    .constdata          coeappl.o
    0x08009a1d   0x08009a1d   0x00000001   PAD
    0x08009a1e   0x08009a1e   0x00000006   Data   RO         4324    .constdata          coeappl.o
    0x08009a24   0x08009a24   0x00000007   Data   RO         4325    .constdata          coeappl.o
    0x08009a2b   0x08009a2b   0x00000001   PAD
    0x08009a2c   0x08009a2c   0x00000006   Data   RO         4326    .constdata          coeappl.o
    0x08009a32   0x08009a32   0x00000007   Data   RO         4327    .constdata          coeappl.o
    0x08009a39   0x08009a39   0x00000001   PAD
    0x08009a3a   0x08009a3a   0x00000006   Data   RO         4328    .constdata          coeappl.o
    0x08009a40   0x08009a40   0x0000000a   Data   RO         4329    .constdata          coeappl.o
    0x08009a4a   0x08009a4a   0x00000006   Data   RO         4330    .constdata          coeappl.o
    0x08009a50   0x08009a50   0x0000000d   Data   RO         4331    .constdata          coeappl.o
    0x08009a5d   0x08009a5d   0x00000001   PAD
    0x08009a5e   0x08009a5e   0x00000006   Data   RO         4332    .constdata          coeappl.o
    0x08009a64   0x08009a64   0x00000009   Data   RO         4333    .constdata          coeappl.o
    0x08009a6d   0x08009a6d   0x00000001   PAD
    0x08009a6e   0x08009a6e   0x00000006   Data   RO         4334    .constdata          coeappl.o
    0x08009a74   0x08009a74   0x0000000a   Data   RO         4335    .constdata          coeappl.o
    0x08009a7e   0x08009a7e   0x00000006   Data   RO         4336    .constdata          coeappl.o
    0x08009a84   0x08009a84   0x0000000c   Data   RO         4337    .constdata          coeappl.o
    0x08009a90   0x08009a90   0x00000006   Data   RO         4338    .constdata          coeappl.o
    0x08009a96   0x08009a96   0x0000000c   Data   RO         4339    .constdata          coeappl.o
    0x08009aa2   0x08009aa2   0x00000006   Data   RO         4340    .constdata          coeappl.o
    0x08009aa8   0x08009aa8   0x0000000c   Data   RO         4341    .constdata          coeappl.o
    0x08009ab4   0x08009ab4   0x00000006   Data   RO         4342    .constdata          coeappl.o
    0x08009aba   0x08009aba   0x0000000c   Data   RO         4343    .constdata          coeappl.o
    0x08009ac6   0x08009ac6   0x00000006   Data   RO         4344    .constdata          coeappl.o
    0x08009acc   0x08009acc   0x0000000c   Data   RO         4345    .constdata          coeappl.o
    0x08009ad8   0x08009ad8   0x00000006   Data   RO         4346    .constdata          coeappl.o
    0x08009ade   0x08009ade   0x0000000c   Data   RO         4347    .constdata          coeappl.o
    0x08009aea   0x08009aea   0x00000006   Data   RO         4348    .constdata          coeappl.o
    0x08009af0   0x08009af0   0x0000000c   Data   RO         4349    .constdata          coeappl.o
    0x08009afc   0x08009afc   0x00000012   Data   RO         4350    .constdata          coeappl.o
    0x08009b0e   0x08009b0e   0x00000049   Data   RO         4351    .constdata          coeappl.o
    0x08009b57   0x08009b57   0x00000001   PAD
    0x08009b58   0x08009b58   0x00000018   Data   RO         4352    .constdata          coeappl.o
    0x08009b70   0x08009b70   0x00000014   Data   RO         4353    .constdata          coeappl.o
    0x08009b84   0x08009b84   0x00000006   Data   RO         4354    .constdata          coeappl.o
    0x08009b8a   0x08009b8a   0x0000000c   Data   RO         4355    .constdata          coeappl.o
    0x08009b96   0x08009b96   0x00000006   Data   RO         4356    .constdata          coeappl.o
    0x08009b9c   0x08009b9c   0x0000000f   Data   RO         4357    .constdata          coeappl.o
    0x08009bab   0x08009bab   0x00000001   PAD
    0x08009bac   0x08009bac   0x00000006   Data   RO         4358    .constdata          coeappl.o
    0x08009bb2   0x08009bb2   0x0000000c   Data   RO         4359    .constdata          coeappl.o
    0x08009bbe   0x08009bbe   0x00000006   Data   RO         4360    .constdata          coeappl.o
    0x08009bc4   0x08009bc4   0x00000011   Data   RO         4361    .constdata          coeappl.o
    0x08009bd5   0x08009bd5   0x00000001   PAD
    0x08009bd6   0x08009bd6   0x00000006   Data   RO         4362    .constdata          coeappl.o
    0x08009bdc   0x08009bdc   0x00000011   Data   RO         4363    .constdata          coeappl.o
    0x08009bed   0x08009bed   0x00000001   PAD
    0x08009bee   0x08009bee   0x0000001e   Data   RO         4364    .constdata          coeappl.o
    0x08009c0c   0x08009c0c   0x00000039   Data   RO         4365    .constdata          coeappl.o
    0x08009c45   0x08009c45   0x00000001   PAD
    0x08009c46   0x08009c46   0x00000012   Data   RO         4366    .constdata          coeappl.o
    0x08009c58   0x08009c58   0x0000003f   Data   RO         4367    .constdata          coeappl.o
    0x08009c97   0x08009c97   0x00000001   PAD
    0x08009c98   0x08009c98   0x0000000c   Data   RO         4368    .constdata          coeappl.o
    0x08009ca4   0x08009ca4   0x00000012   Data   RO         4369    .constdata          coeappl.o
    0x08009cb6   0x08009cb6   0x000000c6   Data   RO         4370    .constdata          coeappl.o
    0x08009d7c   0x08009d7c   0x00000100   Data   RO         4371    .constdata          coeappl.o
    0x08009e7c   0x08009e7c   0x000000ff   Data   RO         4372    .constdata          coeappl.o
    0x08009f7b   0x08009f7b   0x00000001   PAD
    0x08009f7c   0x08009f7c   0x00000020   Data   RO         5127    .constdata          objdef.o
    0x08009f9c   0x08009f9c   0x00000078   Data   RO         5221    .constdata          sdoserv.o
    0x0800a014   0x0800a014   0x00000004   PAD
    0x0800a018   0x0800a018   0x00000050   Data   RO         6020    .constdata          m_wm.l(acos.o)
    0x0800a068   0x0800a068   0x00000020   Data   RO         6419    Region$$Table       anon$$obj.o


    Execution Region RW_IRAM1 (Exec base: 0x20000000, Load base: 0x0800a088, Size: 0x00001ce8, Max: 0x00020000, ABSOLUTE, COMPRESSED[0x000002e4])

    Exec Addr    Load Addr    Size         Type   Attr      Idx    E Section Name        Object

    0x20000000   COMPRESSED   0x00000004   Data   RW          483    .data               usart.o
    0x20000004   COMPRESSED   0x0000000c   Data   RW         4094    .data               stm32f4xx_hal.o
    0x20000010   COMPRESSED   0x00000004   Data   RW         4244    .data               system_stm32f4xx.o
    0x20000014   COMPRESSED   0x00000018   Data   RW         4373    .data               coeappl.o
    0x2000002c   COMPRESSED   0x0000001a   Data   RW         4374    .data               coeappl.o
    0x20000046   COMPRESSED   0x00000002   PAD
    0x20000048   COMPRESSED   0x00000008   Data   RW         4375    .data               coeappl.o
    0x20000050   COMPRESSED   0x000005f4   Data   RW         4376    .data               coeappl.o
    0x20000644   COMPRESSED   0x00000004   Data   RW         4377    .data               coeappl.o
    0x20000648   COMPRESSED   0x00000002   Data   RW         4378    .data               coeappl.o
    0x2000064a   COMPRESSED   0x00000015   Data   RW         4379    .data               coeappl.o
    0x2000065f   COMPRESSED   0x00000004   Data   RW         4380    .data               coeappl.o
    0x20000663   COMPRESSED   0x00000005   Data   RW         4381    .data               coeappl.o
    0x20000668   COMPRESSED   0x00000014   Data   RW         4382    .data               coeappl.o
    0x2000067c   COMPRESSED   0x00000006   Data   RW         4383    .data               coeappl.o
    0x20000682   COMPRESSED   0x00000002   PAD
    0x20000684   COMPRESSED   0x00000008   Data   RW         4484    .data               ecatappl.o
    0x2000068c   COMPRESSED   0x00000001   Data   RW         4488    .data               ecatappl.o
    0x2000068d   COMPRESSED   0x00000003   PAD
    0x20000690   COMPRESSED   0x00000004   Data   RW         4582    .data               ecatcoe.o
    0x20000694   COMPRESSED   0x00000044   Data   RW         4650    .data               ecatslv.o
    0x200006d8   COMPRESSED   0x00000040   Data   RW         4811    .data               el9800appl.o
    0x20000718   COMPRESSED   0x00000030   Data   RW         4812    .data               el9800appl.o
    0x20000748   COMPRESSED   0x00000024   Data   RW         4813    .data               el9800appl.o
    0x2000076c   COMPRESSED   0x00000006   Data   RW         4814    .data               el9800appl.o
    0x20000772   COMPRESSED   0x00000002   PAD
    0x20000774   COMPRESSED   0x00000010   Data   RW         4815    .data               el9800appl.o
    0x20000784   COMPRESSED   0x00000002   Data   RW         4909    .data               el9800hw.o
    0x20000786   COMPRESSED   0x00000002   PAD
    0x20000788   COMPRESSED   0x00000020   Data   RW         5022    .data               mailbox.o
    0x200007a8   COMPRESSED   0x0000000c   Data   RW         5128    .data               objdef.o
    0x200007b4   COMPRESSED   0x0000000e   Data   RW         5129    .data               objdef.o
    0x200007c2   COMPRESSED   0x00000002   Data   RW         5130    .data               objdef.o
    0x200007c4   COMPRESSED   0x00000034   Data   RW         5222    .data               sdoserv.o
    0x200007f8   COMPRESSED   0x00000004   Data   RW         5223    .data               sdoserv.o
    0x200007fc   COMPRESSED   0x00000003   Data   RW         5459    .data               global.o
    0x200007ff   COMPRESSED   0x00000001   Data   RW         5603    .data               stepper.o
    0x20000800   COMPRESSED   0x00000001   Data   RW         5604    .data               stepper.o
    0x20000801   COMPRESSED   0x00000003   PAD
    0x20000804   COMPRESSED   0x00000004   Data   RW         5605    .data               stepper.o
    0x20000808   COMPRESSED   0x00000001   Data   RW         5794    .data               home_limit.o
    0x20000809   COMPRESSED   0x00000003   PAD
    0x2000080c   COMPRESSED   0x00000004   Data   RW         6389    .data               mc_w.l(mvars.o)
    0x20000810   COMPRESSED   0x00000004   Data   RW         6390    .data               mc_w.l(mvars.o)
    0x20000814   COMPRESSED   0x00000004   Data   RW         6394    .data               mc_w.l(errno.o)
    0x20000818        -       0x00000054   Zero   RW          300    .bss                i2c.o
    0x2000086c        -       0x0000000c   Zero   RW          341    .bss                iwdg.o
    0x20000878        -       0x00000058   Zero   RW          378    .bss                spi.o
    0x200008d0        -       0x000000b4   Zero   RW          423    .bss                tim.o
    0x20000984        -       0x00000040   Zero   RW          482    .bss                usart.o
    0x200009c4        -       0x000003f0   Zero   RW          539    .bss                usb_otg.o
    0x20000db4        -       0x00000020   Zero   RW         3368    .bss                stm32f4xx_hal_flash.o
    0x20000dd4        -       0x00000088   Zero   RW         4483    .bss                ecatappl.o
    0x20000e5c        -       0x00000268   Zero   RW         5021    .bss                mailbox.o
    0x200010c4        -       0x00000088   Zero   RW         5126    .bss                objdef.o
    0x2000114c        -       0x0000000e   Zero   RW         5220    .bss                sdoserv.o
    0x2000115a        -       0x00000064   Zero   RW         5458    .bss                global.o
    0x200011be   COMPRESSED   0x00000002   PAD
    0x200011c0        -       0x0000003c   Zero   RW         5539    .bss                protocol.o
    0x200011fc        -       0x00000054   Zero   RW         5602    .bss                stepper.o
    0x20001250        -       0x00000400   Zero   RW         5677    .bss                eeprom.o
    0x20001650        -       0x0000000c   Zero   RW         5742    .bss                setting.o
    0x2000165c        -       0x0000000c   Zero   RW         5793    .bss                home_limit.o
    0x20001668        -       0x0000007c   Zero   RW         5951    .bss                mpu6050_handle.o
    0x200016e4   COMPRESSED   0x00000004   PAD
    0x200016e8        -       0x00000200   Zero   RW            2    HEAP                startup_stm32f407xx.o
    0x200018e8        -       0x00000400   Zero   RW            1    STACK               startup_stm32f407xx.o


==============================================================================

Image component sizes


      Code (inc. data)   RO Data    RW Data    ZI Data      Debug   Object Name

       592        106       1685       1644          0      16268   coeappl.o
      1028        238          0          9        136      34858   ecatappl.o
       122         28          0          4          0       3315   ecatcoe.o
      3810        156          0         68          0      19421   ecatslv.o
       464         88          0          0       1024       6324   eeprom.o
      1282         98          0        170          0      10762   el9800appl.o
       564          8          0          2          0      36222   el9800hw.o
         6          0          0          0          0       1506   exit.o
       534         50          0          3        100       7123   global.o
       492         30          0          0          0       1199   gpio.o
       588         66          0          1         12       6087   home_limit.o
       160         42          0          0         84       1657   i2c.o
        64         26          0          0         12        784   iwdg.o
      1330         96          0         32        616      12987   mailbox.o
       434         46          0          0          0     730760   main.o
       824        154          0          0        124       6205   mpu6050_handle.o
      2844        118         32         28        136      19845   objdef.o
        96         28          0          0         60       3634   protocol.o
       800         46          0          0          0       9458   sd_hal_mpu6050.o
      2424         72        120         56         14      24127   sdoserv.o
       146         16          0          0         12       4183   setting.o
       160         36          0          0         88       1665   spi.o
       994         24          0          0          0      10817   spi1.o
        36          8        392          0       1536        848   startup_stm32f407xx.o
      1182         78          0          6         84       7621   stepper.o
       180         28          0         12          0       4673   stm32f4xx_hal.o
       226         14          0          0          0      31706   stm32f4xx_hal_cortex.o
        36          0          0          0          0       1243   stm32f4xx_hal_dma.o
       516         66          0          0         32       6738   stm32f4xx_hal_flash.o
       356         24          0          0          0       4062   stm32f4xx_hal_flash_ex.o
       484         50          0          0          0       4395   stm32f4xx_hal_gpio.o
      2312         46          0          0          0      14102   stm32f4xx_hal_i2c.o
        94          0          0          0          0       1791   stm32f4xx_hal_iwdg.o
       132          6          0          0          0        934   stm32f4xx_hal_msp.o
       190          0          0          0          0       1503   stm32f4xx_hal_pcd.o
      1272         82          0          0          0       5716   stm32f4xx_hal_rcc.o
       788          0          0          0          0       5080   stm32f4xx_hal_spi.o
      1982         98          0          0          0      20119   stm32f4xx_hal_tim.o
        84          0          0          0          0       2462   stm32f4xx_hal_tim_ex.o
      1412         14          0          0          0       7831   stm32f4xx_hal_uart.o
        72         12          0          0          0       6593   stm32f4xx_it.o
       632         36          0          0          0       6605   stm32f4xx_ll_usb.o
        84         18         24          4          0       1195   system_stm32f4xx.o
       608        100          0          0        180       3798   tim.o
       164         54          0          0          0      27423   timer.o
       188         44          0          4         64       3474   usart.o
       168         34          0          0       1008       1737   usb_otg.o

    ----------------------------------------------------------------------
     33016       2384       2302       2060       5328    1140856   Object Totals
         0          0         32          0          0          0   (incl. Generated)
        60          0         17         17          6          0   (incl. Padding)

    ----------------------------------------------------------------------

      Code (inc. data)   RO Data    RW Data    ZI Data      Debug   Library Member Name

       856        118         80          0          0        288   acos.o
        52          8          0          0          0        248   dunder.o
       248          0          0          0          0        152   poly.o
       110          0          0          0          0        148   sqrt.o
        86          0          0          0          0          0   __dczerorl2.o
         0          0          0          0          0          0   entry.o
         0          0          0          0          0          0   entry10a.o
         0          0          0          0          0          0   entry11a.o
         8          4          0          0          0          0   entry2.o
         4          0          0          0          0          0   entry5.o
         0          0          0          0          0          0   entry7b.o
         0          0          0          0          0          0   entry8b.o
         8          4          0          0          0          0   entry9a.o
        12          6          0          4          0         68   errno.o
        30          0          0          0          0          0   handlers.o
        36          8          0          0          0         68   init.o
         0          0          0          0          0          0   iusefp.o
        30          0          0          0          0         68   llshl.o
        36          0          0          0          0         68   llsshr.o
        32          0          0          0          0         68   llushr.o
       188         20          0          0          0        160   malloc.o
        36          0          0          0          0         68   memcpya.o
        36          0          0          0          0        108   memseta.o
         0          0          0          8          0          0   mvars.o
      2258         90          0          0          0        452   printfa.o
        14          0          0          0          0         68   strlen.o
        44          0          0          0          0         80   uidiv.o
        98          0          0          0          0         92   uldiv.o
        48          0          0          0          0         68   cdrcmple.o
        56          0          0          0          0         88   d2f.o
       334          0          0          0          0        148   dadd.o
       222          0          0          0          0        100   ddiv.o
       186          0          0          0          0        176   depilogue.o
        48          0          0          0          0         68   dfixul.o
        34          0          0          0          0         76   dflti.o
       228          0          0          0          0         96   dmul.o
       162          0          0          0          0        100   dsqrt.o
        38          0          0          0          0         68   f2d.o
       110          0          0          0          0        168   fepilogue.o

    ----------------------------------------------------------------------
      5698        258         80         12          0       3360   Library Totals
        10          0          0          0          0          0   (incl. Padding)

    ----------------------------------------------------------------------

      Code (inc. data)   RO Data    RW Data    ZI Data      Debug   Library Name

      1266        126         80          0          0        836   m_wm.l
      2956        132          0         12          0       1368   mc_w.l
      1466          0          0          0          0       1156   mf_w.l

    ----------------------------------------------------------------------
      5698        258         80         12          0       3360   Library Totals

    ----------------------------------------------------------------------

==============================================================================


      Code (inc. data)   RO Data    RW Data    ZI Data      Debug   

     38714       2642       2382       2072       5328    1112800   Grand Totals
     38714       2642       2382        740       5328    1112800   ELF Image Totals (compressed)
     38714       2642       2382        740          0          0   ROM Totals

==============================================================================

    Total RO  Size (Code + RO Data)                41096 (  40.13kB)
    Total RW  Size (RW Data + ZI Data)              7400 (   7.23kB)
    Total ROM Size (Code + RO Data + RW Data)      41836 (  40.86kB)

==============================================================================

