<html>
<body>
<pre>
<h1>µVision Build Log</h1>
<h2>Tool Versions:</h2>
IDE-Version: ¦ÌVision V5.15
Copyright (C) 2015 ARM Ltd and ARM Germany GmbH. All rights reserved.
License Information: hust hust, hust, LIC=HN0WF-63L0C-Q0XNJ-U4SIQ-8RH78-L6XFN
 
Tool Versions:
Toolchain:       MDK-ARM Standard  Version: 5.15.0
Toolchain Path:  D:\Keil_v5\ARM\ARMCC\Bin
C Compiler:      Armcc.exe V5.05 update 2 (build 169)
Assembler:       Armasm.exe V5.05 update 2 (build 169)
Linker/Locator:  ArmLink.exe V5.05 update 2 (build 169)
Library Manager: ArmAr.exe V5.05 update 2 (build 169)
Hex Converter:   FromElf.exe V5.05 update 2 (build 169)
CPU DLL:         SARMCM3.DLL V5.15.0
Dialog DLL:      DCM.DLL V1.13.2.0
Target DLL:      STLink\ST-LINKIII-KEIL_SWO.dll V2.0.15.0_KEIL
Dialog DLL:      TCM.DLL V1.14.5.0
 
<h2>Project:</h2>
C:\Users\John\Desktop\STM32F4_EthercatARM\MDK-ARM\STM32F4_EthercatARM.uvprojx
Project File Date:  10/31/2019

<h2>Output:</h2>
*** Using Compiler 'V5.05 update 2 (build 169)', folder: 'D:\Keil_v5\ARM\ARMCC\Bin'
Build target 'STM32F4_EthercatARM'
compiling main.c...
../Src/main.c(170): warning:  #111-D: statement is unreachable
    HW_Release();
../Src/main.c: 1 warning, 0 errors
linking...
Program Size: Code=29568 RO-data=2184 RW-data=1832 ZI-data=5048  
FromELF: creating hex file...
"STM32F4_EthercatARM\STM32F4_EthercatARM.axf" - 0 Error(s), 1 Warning(s).

<h2>Software Packages used:</h2>

Package Vendor: ARM
                http://www.keil.com/pack/ARM.CMSIS.4.3.0.pack
                ARM::CMSIS:CORE:4.1.0
                CMSIS (Cortex Microcontroller Software Interface Standard)
   * Component: CORE Version: 4.1.0

<h2>Collection of Component include folders:</h2>
  C:\Users\John\Desktop\STM32F4_EthercatARM\MDK-ARM\RTE
  D:\Keil_v5\ARM\PACK\ARM\CMSIS\4.3.0\CMSIS\Include
  D:\Keil_v5\ARM\PACK\Keil\STM32F4xx_DFP\2.13.0\Drivers\CMSIS\Device\ST\STM32F4xx\Include

<h2>Collection of Component Files used:</h2>

   * Component: ARM::CMSIS:CORE:4.1.0
</pre>
</body>
</html>
